Component: ARM Compiler 5.06 update 7 (build 960) Tool: armlink [4d3601]

==============================================================================

Section Cross References

    startup_stm32f103xe.o(STACK) refers (Special) to heapauxi.o(.text) for __use_two_region_memory
    startup_stm32f103xe.o(HEAP) refers (Special) to heapauxi.o(.text) for __use_two_region_memory
    startup_stm32f103xe.o(RESET) refers (Special) to heapauxi.o(.text) for __use_two_region_memory
    startup_stm32f103xe.o(RESET) refers to startup_stm32f103xe.o(STACK) for __initial_sp
    startup_stm32f103xe.o(RESET) refers to startup_stm32f103xe.o(.text) for Reset_Handler
    startup_stm32f103xe.o(RESET) refers to stm32f1xx_it.o(i.NMI_Handler) for NMI_Handler
    startup_stm32f103xe.o(RESET) refers to stm32f1xx_it.o(i.HardFault_Handler) for HardFault_Handler
    startup_stm32f103xe.o(RESET) refers to stm32f1xx_it.o(i.MemManage_Handler) for MemManage_Handler
    startup_stm32f103xe.o(RESET) refers to stm32f1xx_it.o(i.BusFault_Handler) for BusFault_Handler
    startup_stm32f103xe.o(RESET) refers to stm32f1xx_it.o(i.UsageFault_Handler) for UsageFault_Handler
    startup_stm32f103xe.o(RESET) refers to stm32f1xx_it.o(i.SVC_Handler) for SVC_Handler
    startup_stm32f103xe.o(RESET) refers to stm32f1xx_it.o(i.DebugMon_Handler) for DebugMon_Handler
    startup_stm32f103xe.o(RESET) refers to stm32f1xx_it.o(i.PendSV_Handler) for PendSV_Handler
    startup_stm32f103xe.o(RESET) refers to stm32f1xx_it.o(i.SysTick_Handler) for SysTick_Handler
    startup_stm32f103xe.o(RESET) refers to usmart_port.o(i.TIM4_IRQHandler) for TIM4_IRQHandler
    startup_stm32f103xe.o(RESET) refers to usart.o(i.USART1_IRQHandler) for USART1_IRQHandler
    startup_stm32f103xe.o(.text) refers (Special) to heapauxi.o(.text) for __use_two_region_memory
    startup_stm32f103xe.o(.text) refers to system_stm32f1xx.o(i.SystemInit) for SystemInit
    startup_stm32f103xe.o(.text) refers to __main.o(!!!main) for __main
    startup_stm32f103xe.o(.text) refers to startup_stm32f103xe.o(HEAP) for Heap_Mem
    startup_stm32f103xe.o(.text) refers to startup_stm32f103xe.o(STACK) for Stack_Mem
    main.o(i.Error_Handler) refers to delay.o(i.HAL_Delay) for HAL_Delay
    main.o(i.main) refers to stm32f1xx_hal.o(i.HAL_Init) for HAL_Init
    main.o(i.main) refers to sys.o(i.sys_stm32_clock_init) for sys_stm32_clock_init
    main.o(i.main) refers to delay.o(i.delay_init) for delay_init
    main.o(i.main) refers to usart.o(i.usart_init) for usart_init
    main.o(i.main) refers to led.o(i.led_init) for led_init
    main.o(i.main) refers to can.o(i.can_init) for can_init
    main.o(i.main) refers to can.o(i.can_send_msg) for can_send_msg
    main.o(i.main) refers to can.o(i.can_receive_msg) for can_receive_msg
    main.o(i.main) refers to stm32f1xx_hal_gpio.o(i.HAL_GPIO_TogglePin) for HAL_GPIO_TogglePin
    main.o(i.main) refers to cmox_hash.c.o(.text) for cmox_hash_compute
    main.o(i.main) refers to rt_memcpy_w.o(.text) for __aeabi_memcpy4
    main.o(i.main) refers to delay.o(i.delay_ms) for delay_ms
    main.o(i.main) refers to usmart_config.o(.data) for usmart_dev
    main.o(i.main) refers to main.o(.bss) for computed_hash
    main.o(i.main) refers to cmox_sm3.c.o(.rodata) for CMOX_SM3_ALGO
    system_stm32f1xx.o(i.SystemCoreClockUpdate) refers to system_stm32f1xx.o(.data) for SystemCoreClock
    system_stm32f1xx.o(i.SystemCoreClockUpdate) refers to system_stm32f1xx.o(.constdata) for AHBPrescTable
    stm32f1xx_it.o(i.SysTick_Handler) refers to stm32f1xx_hal.o(i.HAL_IncTick) for HAL_IncTick
    delay.o(i.HAL_Delay) refers to delay.o(i.delay_ms) for delay_ms
    delay.o(i.delay_init) refers to delay.o(.data) for g_fac_us
    delay.o(i.delay_ms) refers to delay.o(i.delay_us) for delay_us
    delay.o(i.delay_us) refers to delay.o(.data) for g_fac_us
    sys.o(i.sys_stm32_clock_init) refers to rt_memclr_w.o(.text) for __aeabi_memclr4
    sys.o(i.sys_stm32_clock_init) refers to stm32f1xx_hal_rcc.o(i.HAL_RCC_OscConfig) for HAL_RCC_OscConfig
    sys.o(i.sys_stm32_clock_init) refers to stm32f1xx_hal_rcc.o(i.HAL_RCC_ClockConfig) for HAL_RCC_ClockConfig
    usart.o(.rev16_text) refers (Special) to use_no_semi_2.o(.text) for __use_no_semihosting
    usart.o(.revsh_text) refers (Special) to use_no_semi_2.o(.text) for __use_no_semihosting
    usart.o(.rrx_text) refers (Special) to use_no_semi_2.o(.text) for __use_no_semihosting
    usart.o(i.HAL_UART_MspInit) refers (Special) to use_no_semi_2.o(.text) for __use_no_semihosting
    usart.o(i.HAL_UART_MspInit) refers to stm32f1xx_hal_gpio.o(i.HAL_GPIO_Init) for HAL_GPIO_Init
    usart.o(i.HAL_UART_MspInit) refers to stm32f1xx_hal_cortex.o(i.HAL_NVIC_EnableIRQ) for HAL_NVIC_EnableIRQ
    usart.o(i.HAL_UART_MspInit) refers to stm32f1xx_hal_cortex.o(i.HAL_NVIC_SetPriority) for HAL_NVIC_SetPriority
    usart.o(i.HAL_UART_RxCpltCallback) refers (Special) to use_no_semi_2.o(.text) for __use_no_semihosting
[...]
    ..\\..\\Middlewares\\USMART\\usmart.c    0x00000000   Number         0  usmart.o ABSOLUTE
    ..\\..\\Middlewares\\USMART\\usmart_config.c 0x00000000   Number         0  usmart_config.o ABSOLUTE
    ..\\..\\Middlewares\\USMART\\usmart_port.c 0x00000000   Number         0  usmart_port.o ABSOLUTE
    ..\\..\\Middlewares\\USMART\\usmart_str.c 0x00000000   Number         0  usmart_str.o ABSOLUTE
    ..\\..\\User\\cmox_low_level_.c          0x00000000   Number         0  cmox_low_level_.o ABSOLUTE
    ..\\..\\User\\main.c                     0x00000000   Number         0  main.o ABSOLUTE
    ..\\..\\User\\stm32f1xx_it.c             0x00000000   Number         0  stm32f1xx_it.o ABSOLUTE
    cmox_hash.c                              0x00000000   Number         0  cmox_hash.c.o ABSOLUTE
    cmox_init.c                              0x00000000   Number         0  cmox_init.c.o ABSOLUTE
    cmox_md.c                                0x00000000   Number         0  cmox_md.c.o ABSOLUTE
    cmox_sm3.c                               0x00000000   Number         0  cmox_sm3.c.o ABSOLUTE
    dc.s                                     0x00000000   Number         0  dc.o ABSOLUTE
    __iar_systems$$module                    0x00000001   Number         0  cmox_sm3.c.o ABSOLUTE
    __iar_systems$$module                    0x00000001   Number         0  cmox_md.c.o ABSOLUTE
    __iar_systems$$module                    0x00000001   Number         0  cmox_init.c.o ABSOLUTE
    __iar_systems$$module                    0x00000001   Number         0  cmox_hash.c.o ABSOLUTE
    RESET                                    0x08000000   Section      304  startup_stm32f103xe.o(RESET)
    !!!main                                  0x08000130   Section        8  __main.o(!!!main)
    !!!scatter                               0x08000138   Section       52  __scatter.o(!!!scatter)
    !!dczerorl2                              0x0800016c   Section       90  __dczerorl2.o(!!dczerorl2)
    !!handler_zi                             0x080001c8   Section       28  __scatter_zi.o(!!handler_zi)
    .ARM.Collect$$_printf_percent$$00000000  0x080001e4   Section        0  _printf_percent.o(.ARM.Collect$$_printf_percent$$00000000)
    .ARM.Collect$$_printf_percent$$00000009  0x080001e4   Section        6  _printf_d.o(.ARM.Collect$$_printf_percent$$00000009)
    .ARM.Collect$$_printf_percent$$0000000A  0x080001ea   Section        6  _printf_u.o(.ARM.Collect$$_printf_percent$$0000000A)
    .ARM.Collect$$_printf_percent$$0000000C  0x080001f0   Section        6  _printf_x.o(.ARM.Collect$$_printf_percent$$0000000C)
    .ARM.Collect$$_printf_percent$$00000013  0x080001f6   Section        6  _printf_c.o(.ARM.Collect$$_printf_percent$$00000013)
    .ARM.Collect$$_printf_percent$$00000014  0x080001fc   Section        6  _printf_s.o(.ARM.Collect$$_printf_percent$$00000014)
    .ARM.Collect$$_printf_percent$$00000017  0x08000202   Section        4  _printf_percent_end.o(.ARM.Collect$$_printf_percent$$00000017)
    .ARM.Collect$$libinit$$00000000          0x08000206   Section        2  libinit.o(.ARM.Collect$$libinit$$00000000)
    .ARM.Collect$$libinit$$00000002          0x08000208   Section        0  libinit2.o(.ARM.Collect$$libinit$$00000002)
    .ARM.Collect$$libinit$$00000004          0x08000208   Section        0  libinit2.o(.ARM.Collect$$libinit$$00000004)
    .ARM.Collect$$libinit$$0000000A          0x08000208   Section        0  libinit2.o(.ARM.Collect$$libinit$$0000000A)
    .ARM.Collect$$libinit$$0000000C          0x08000208   Section        0  libinit2.o(.ARM.Collect$$libinit$$0000000C)
    .ARM.Collect$$libinit$$0000000E          0x08000208   Section        0  libinit2.o(.ARM.Collect$$libinit$$0000000E)
    .ARM.Collect$$libinit$$00000011          0x08000208   Section        0  libinit2.o(.ARM.Collect$$libinit$$00000011)
    .ARM.Collect$$libinit$$00000013          0x08000208   Section        0  libinit2.o(.ARM.Collect$$libinit$$00000013)
    .ARM.Collect$$libinit$$00000015          0x08000208   Section        0  libinit2.o(.ARM.Collect$$libinit$$00000015)
    .ARM.Collect$$libinit$$00000017          0x08000208   Section        0  libinit2.o(.ARM.Collect$$libinit$$00000017)
    .ARM.Collect$$libinit$$00000019          0x08000208   Section        0  libinit2.o(.ARM.Collect$$libinit$$00000019)
    .ARM.Collect$$libinit$$0000001B          0x08000208   Section        0  libinit2.o(.ARM.Collect$$libinit$$0000001B)
    .ARM.Collect$$libinit$$0000001D          0x08000208   Section        0  libinit2.o(.ARM.Collect$$libinit$$0000001D)
    .ARM.Collect$$libinit$$0000001F          0x08000208   Section        0  libinit2.o(.ARM.Collect$$libinit$$0000001F)
    .ARM.Collect$$libinit$$00000021          0x08000208   Section        0  libinit2.o(.ARM.Collect$$libinit$$00000021)
    .ARM.Collect$$libinit$$00000023          0x08000208   Section        0  libinit2.o(.ARM.Collect$$libinit$$00000023)
    .ARM.Collect$$libinit$$00000025          0x08000208   Section        0  libinit2.o(.ARM.Collect$$libinit$$00000025)
    .ARM.Collect$$libinit$$0000002C          0x08000208   Section        0  libinit2.o(.ARM.Collect$$libinit$$0000002C)
    .ARM.Collect$$libinit$$0000002E          0x08000208   Section        0  libinit2.o(.ARM.Collect$$libinit$$0000002E)
    .ARM.Collect$$libinit$$00000030          0x08000208   Section        0  libinit2.o(.ARM.Collect$$libinit$$00000030)
    .ARM.Collect$$libinit$$00000032          0x08000208   Section        0  libinit2.o(.ARM.Collect$$libinit$$00000032)
    .ARM.Collect$$libinit$$00000033          0x08000208   Section        2  libinit2.o(.ARM.Collect$$libinit$$00000033)
    .ARM.Collect$$libshutdown$$00000000      0x0800020a   Section        2  libshutdown.o(.ARM.Collect$$libshutdown$$00000000)
    .ARM.Collect$$libshutdown$$00000002      0x0800020c   Section        0  libshutdown2.o(.ARM.Collect$$libshutdown$$00000002)
    .ARM.Collect$$libshutdown$$00000004      0x0800020c   Section        0  libshutdown2.o(.ARM.Collect$$libshutdown$$00000004)
    .ARM.Collect$$libshutdown$$00000006      0x0800020c   Section        0  libshutdown2.o(.ARM.Collect$$libshutdown$$00000006)
    .ARM.Collect$$libshutdown$$00000009      0x0800020c   Section        0  libshutdown2.o(.ARM.Collect$$libshutdown$$00000009)
    .ARM.Collect$$libshutdown$$0000000C      0x0800020c   Section        0  libshutdown2.o(.ARM.Collect$$libshutdown$$0000000C)
    .ARM.Collect$$libshutdown$$0000000E      0x0800020c   Section        0  libshutdown2.o(.ARM.Collect$$libshutdown$$0000000E)
    .ARM.Collect$$libshutdown$$00000011      0x0800020c   Section        0  libshutdown2.o(.ARM.Collect$$libshutdown$$00000011)
    .ARM.Collect$$libshutdown$$00000012      0x0800020c   Section        2  libshutdown2.o(.ARM.Collect$$libshutdown$$00000012)
    .ARM.Collect$$rtentry$$00000000          0x0800020e   Section        0  __rtentry.o(.ARM.Collect$$rtentry$$00000000)
    .ARM.Collect$$rtentry$$00000002          0x0800020e   Section        0  __rtentry2.o(.ARM.Collect$$rtentry$$00000002)
    .ARM.Collect$$rtentry$$00000004          0x0800020e   Section        6  __rtentry4.o(.ARM.Collect$$rtentry$$00000004)
    .ARM.Collect$$rtentry$$00000009          0x08000214   Section        0  __rtentry2.o(.ARM.Collect$$rtentry$$00000009)
    .ARM.Collect$$rtentry$$0000000A          0x08000214   Section        4  __rtentry2.o(.ARM.Collect$$rtentry$$0000000A)
    .ARM.Collect$$rtentry$$0000000C          0x08000218   Section        0  __rtentry2.o(.ARM.Collect$$rtentry$$0000000C)
    .ARM.Collect$$rtentry$$0000000D          0x08000218   Section        8  __rtentry2.o(.ARM.Collect$$rtentry$$0000000D)
    .ARM.Collect$$rtexit$$00000000           0x08000220   Section        2  rtexit.o(.ARM.Collect$$rtexit$$00000000)
    .ARM.Collect$$rtexit$$00000002           0x08000222   Section        0  rtexit2.o(.ARM.Collect$$rtexit$$00000002)
    .ARM.Collect$$rtexit$$00000003           0x08000222   Section        4  rtexit2.o(.ARM.Collect$$rtexit$$00000003)
    .ARM.Collect$$rtexit$$00000004           0x08000226   Section        6  rtexit2.o(.ARM.Collect$$rtexit$$00000004)
    .text                                    0x0800022c   Section       64  startup_stm32f103xe.o(.text)
    .text11                                  0x0800026c   Section        0  cmox_hash.c.o(.text)
    .text12                                  0x080002a0   Section        0  cmox_hash.c.o(.text)
    .text6                                   0x080002fc   Section        0  cmox_sm3.c.o(.text)
    cmox_sm3_transform                       0x080002fd   Thumb Code   500  cmox_sm3.c.o(.text)
    .text7                                   0x080004f0   Section        0  cmox_sm3.c.o(.text)
    cmox_sm3_cleanup                         0x080004f1   Thumb Code    32  cmox_sm3.c.o(.text)
    .text8                                   0x08000510   Section        0  cmox_sm3.c.o(.text)
    cmox_sm3_init                            0x08000511   Thumb Code    52  cmox_sm3.c.o(.text)
    .text9                                   0x08000544   Section        0  cmox_sm3.c.o(.text)
    cmox_sm3_setTagLen                       0x08000545   Thumb Code    36  cmox_sm3.c.o(.text)
    .text10                                  0x08000568   Section        0  cmox_sm3.c.o(.text)
    cmox_sm3_append                          0x08000569   Thumb Code    40  cmox_sm3.c.o(.text)
    .text11                                  0x08000590   Section        0  cmox_sm3.c.o(.text)
    cmox_sm3_generateTag                     0x08000591   Thumb Code    40  cmox_sm3.c.o(.text)
    .text12                                  0x080005b8   Section        0  cmox_sm3.c.o(.text)
    CMOX_SM3_VTABLE                          0x080005d8   Data          20  cmox_sm3.c.o(.text)
    CMOX_MD_SM3_VTABLE_ST                    0x080005ec   Data          16  cmox_sm3.c.o(.text)
    .text_10                                 0x080005fc   Number         0  cmox_sm3.c.o(.text)
    cmox_sm3_getByHash                       0x080005fd   Thumb Code    16  cmox_sm3.c.o(.text)
    .text13                                  0x0800060c   Section        0  cmox_sm3.c.o(.text)
    cmox_sm3_compute                         0x0800060d   Thumb Code    38  cmox_sm3.c.o(.text)
    .text16                                  0x08000634   Section        0  cmox_sm3.c.o(.text)
    .text6                                   0x0800065c   Section        0  cmox_md.c.o(.text)
    .text8                                   0x08000664   Section        0  cmox_md.c.o(.text)
    .text10                                  0x080006a8   Section        0  cmox_md.c.o(.text)
    .text12                                  0x080006c2   Section        0  cmox_md.c.o(.text)
    .text13                                  0x080006ca   Section        0  cmox_md.c.o(.text)
    .text14                                  0x080006e8   Section        0  cmox_md.c.o(.text)
    .text15                                  0x080006f0   Section        0  cmox_md.c.o(.text)
    .text16                                  0x08000798   Section        0  cmox_md.c.o(.text)
    .text                                    0x08000938   Section        2  use_no_semi_2.o(.text)
    .text                                    0x0800093c   Section        0  noretval__2printf.o(.text)
    .text                                    0x08000954   Section        0  _printf_pad.o(.text)
    .text                                    0x080009a2   Section        0  _printf_str.o(.text)
    .text                                    0x080009f4   Section        0  _printf_dec.o(.text)
    .text                                    0x08000a6c   Section        0  _printf_hex_int.o(.text)
    .text                                    0x08000ac4   Section        0  __printf_flags_ss_wp.o(.text)
    .text                                    0x08000c4c   Section      138  rt_memcpy_v6.o(.text)
    .text                                    0x08000cd6   Section      100  rt_memcpy_w.o(.text)
    .text                                    0x08000d3a   Section       68  rt_memclr.o(.text)
    .text                                    0x08000d7e   Section       78  rt_memclr_w.o(.text)
    .text                                    0x08000dcc   Section        0  heapauxi.o(.text)
    .text                                    0x08000dd2   Section        2  use_no_semi.o(.text)
    .text                                    0x08000dd4   Section        0  _printf_intcommon.o(.text)
    .text                                    0x08000e86   Section        0  _printf_char.o(.text)
    .text                                    0x08000eb4   Section        0  _printf_char_file.o(.text)
    .text                                    0x08000ed8   Section        0  _printf_char_common.o(.text)
    _printf_input_char                       0x08000ed9   Thumb Code    10  _printf_char_common.o(.text)
    .text                                    0x08000f08   Section        0  ferror.o(.text)
    .text                                    0x08000f10   Section       74  sys_stackheap_outer.o(.text)
    .text                                    0x08000f5a   Section        0  exit.o(.text)
    .text                                    0x08000f6c   Section        8  libspace.o(.text)
    i.BusFault_Handler                       0x08000f74   Section        0  stm32f1xx_it.o(i.BusFault_Handler)
    i.DebugMon_Handler                       0x08000f78   Section        0  stm32f1xx_it.o(i.DebugMon_Handler)
    i.HAL_CAN_AddTxMessage                   0x08000f7a   Section        0  stm32f1xx_hal_can.o(i.HAL_CAN_AddTxMessage)
    i.HAL_CAN_ConfigFilter                   0x080010d0   Section        0  stm32f1xx_hal_can.o(i.HAL_CAN_ConfigFilter)
    i.HAL_CAN_GetRxFifoFillLevel             0x080011da   Section        0  stm32f1xx_hal_can.o(i.HAL_CAN_GetRxFifoFillLevel)
    i.HAL_CAN_GetRxMessage                   0x08001202   Section        0  stm32f1xx_hal_can.o(i.HAL_CAN_GetRxMessage)
    i.HAL_CAN_GetTxMailboxesFreeLevel        0x0800137c   Section        0  stm32f1xx_hal_can.o(i.HAL_CAN_GetTxMailboxesFreeLevel)
    i.HAL_CAN_Init                           0x080013b2   Section        0  stm32f1xx_hal_can.o(i.HAL_CAN_Init)
    i.HAL_CAN_MspInit                        0x08001528   Section        0  can.o(i.HAL_CAN_MspInit)
    i.HAL_CAN_Start                          0x080015cc   Section        0  stm32f1xx_hal_can.o(i.HAL_CAN_Start)
    i.HAL_DMA_Abort_IT                       0x0800162c   Section        0  stm32f1xx_hal_dma.o(i.HAL_DMA_Abort_IT)
    i.HAL_GPIO_Init                          0x080017d4   Section        0  stm32f1xx_hal_gpio.o(i.HAL_GPIO_Init)
    i.HAL_GPIO_TogglePin                     0x08001b14   Section        0  stm32f1xx_hal_gpio.o(i.HAL_GPIO_TogglePin)
    i.HAL_GPIO_WritePin                      0x08001b28   Section        0  stm32f1xx_hal_gpio.o(i.HAL_GPIO_WritePin)
    i.HAL_GetTick                            0x08001b34   Section        0  stm32f1xx_hal.o(i.HAL_GetTick)
    i.HAL_IncTick                            0x08001b40   Section        0  stm32f1xx_hal.o(i.HAL_IncTick)
    i.HAL_Init                               0x08001b58   Section        0  stm32f1xx_hal.o(i.HAL_Init)
    i.HAL_InitTick                           0x08001b80   Section        0  stm32f1xx_hal.o(i.HAL_InitTick)
    i.HAL_MspInit                            0x08001bcc   Section        0  stm32f1xx_hal.o(i.HAL_MspInit)
    i.HAL_NVIC_EnableIRQ                     0x08001bce   Section        0  stm32f1xx_hal_cortex.o(i.HAL_NVIC_EnableIRQ)
    i.HAL_NVIC_SetPriority                   0x08001bee   Section        0  stm32f1xx_hal_cortex.o(i.HAL_NVIC_SetPriority)
    i.HAL_NVIC_SetPriorityGrouping           0x08001c6c   Section        0  stm32f1xx_hal_cortex.o(i.HAL_NVIC_SetPriorityGrouping)
    i.HAL_RCC_ClockConfig                    0x08001c94   Section        0  stm32f1xx_hal_rcc.o(i.HAL_RCC_ClockConfig)
    i.HAL_RCC_GetHCLKFreq                    0x08001e20   Section        0  stm32f1xx_hal_rcc.o(i.HAL_RCC_GetHCLKFreq)
    i.HAL_RCC_GetPCLK1Freq                   0x08001e2c   Section        0  stm32f1xx_hal_rcc.o(i.HAL_RCC_GetPCLK1Freq)
    i.HAL_RCC_GetPCLK2Freq                   0x08001e4c   Section        0  stm32f1xx_hal_rcc.o(i.HAL_RCC_GetPCLK2Freq)
    i.HAL_RCC_GetSysClockFreq                0x08001e6c   Section        0  stm32f1xx_hal_rcc.o(i.HAL_RCC_GetSysClockFreq)
    i.HAL_RCC_OscConfig                      0x08001f00   Section        0  stm32f1xx_hal_rcc.o(i.HAL_RCC_OscConfig)
    i.HAL_SYSTICK_Config                     0x08002364   Section        0  stm32f1xx_hal_cortex.o(i.HAL_SYSTICK_Config)
    i.HAL_TIM_Base_Init                      0x08002398   Section        0  stm32f1xx_hal_tim.o(i.HAL_TIM_Base_Init)
    i.HAL_TIM_Base_MspInit                   0x080023fe   Section        0  stm32f1xx_hal_tim.o(i.HAL_TIM_Base_MspInit)
    i.HAL_TIM_Base_Start_IT                  0x08002400   Section        0  stm32f1xx_hal_tim.o(i.HAL_TIM_Base_Start_IT)
    i.HAL_UART_ErrorCallback                 0x08002490   Section        0  stm32f1xx_hal_uart.o(i.HAL_UART_ErrorCallback)
    i.HAL_UART_IRQHandler                    0x08002494   Section        0  stm32f1xx_hal_uart.o(i.HAL_UART_IRQHandler)
    i.HAL_UART_Init                          0x080025e8   Section        0  stm32f1xx_hal_uart.o(i.HAL_UART_Init)
    i.HAL_UART_MspInit                       0x0800265c   Section        0  usart.o(i.HAL_UART_MspInit)
    i.HAL_UART_Receive_IT                    0x08002710   Section        0  stm32f1xx_hal_uart.o(i.HAL_UART_Receive_IT)
    i.HAL_UART_RxCpltCallback                0x08002780   Section        0  usart.o(i.HAL_UART_RxCpltCallback)
    i.HAL_UART_TxCpltCallback                0x0800281c   Section        0  stm32f1xx_hal_uart.o(i.HAL_UART_TxCpltCallback)
    i.HardFault_Handler                      0x0800281e   Section        0  stm32f1xx_it.o(i.HardFault_Handler)
    i.MemManage_Handler                      0x08002822   Section        0  stm32f1xx_it.o(i.MemManage_Handler)
    i.NMI_Handler                            0x08002826   Section        0  stm32f1xx_it.o(i.NMI_Handler)
    i.PendSV_Handler                         0x08002828   Section        0  stm32f1xx_it.o(i.PendSV_Handler)
    i.RCC_Delay                              0x0800282c   Section        0  stm32f1xx_hal_rcc.o(i.RCC_Delay)
    RCC_Delay                                0x0800282d   Thumb Code    36  stm32f1xx_hal_rcc.o(i.RCC_Delay)
    i.SVC_Handler                            0x08002854   Section        0  stm32f1xx_it.o(i.SVC_Handler)
    i.SysTick_Handler                        0x08002856   Section        0  stm32f1xx_it.o(i.SysTick_Handler)
    i.SystemInit                             0x0800285e   Section        0  system_stm32f1xx.o(i.SystemInit)
    i.TIM4_IRQHandler                        0x08002860   Section        0  usmart_port.o(i.TIM4_IRQHandler)
    i.TIM_Base_SetConfig                     0x080028a4   Section        0  stm32f1xx_hal_tim.o(i.TIM_Base_SetConfig)
    i.UART_DMAAbortOnError                   0x08002940   Section        0  stm32f1xx_hal_uart.o(i.UART_DMAAbortOnError)
    UART_DMAAbortOnError                     0x08002941   Thumb Code    20  stm32f1xx_hal_uart.o(i.UART_DMAAbortOnError)
    i.UART_EndRxTransfer                     0x08002954   Section        0  stm32f1xx_hal_uart.o(i.UART_EndRxTransfer)
    UART_EndRxTransfer                       0x08002955   Thumb Code    32  stm32f1xx_hal_uart.o(i.UART_EndRxTransfer)
    i.UART_EndTransmit_IT                    0x08002974   Section        0  stm32f1xx_hal_uart.o(i.UART_EndTransmit_IT)
    UART_EndTransmit_IT                      0x08002975   Thumb Code    32  stm32f1xx_hal_uart.o(i.UART_EndTransmit_IT)
    i.UART_Receive_IT                        0x08002994   Section        0  stm32f1xx_hal_uart.o(i.UART_Receive_IT)
    UART_Receive_IT                          0x08002995   Thumb Code   160  stm32f1xx_hal_uart.o(i.UART_Receive_IT)
    i.UART_SetConfig                         0x08002a34   Section        0  stm32f1xx_hal_uart.o(i.UART_SetConfig)
    UART_SetConfig                           0x08002a35   Thumb Code   248  stm32f1xx_hal_uart.o(i.UART_SetConfig)
    i.UART_Transmit_IT                       0x08002b30   Section        0  stm32f1xx_hal_uart.o(i.UART_Transmit_IT)
    UART_Transmit_IT                         0x08002b31   Thumb Code    96  stm32f1xx_hal_uart.o(i.UART_Transmit_IT)
    i.USART1_IRQHandler                      0x08002b90   Section        0  usart.o(i.USART1_IRQHandler)
    i.UsageFault_Handler                     0x08002ba0   Section        0  stm32f1xx_it.o(i.UsageFault_Handler)
    i.__NVIC_GetPriorityGrouping             0x08002ba4   Section        0  stm32f1xx_hal_cortex.o(i.__NVIC_GetPriorityGrouping)
    __NVIC_GetPriorityGrouping               0x08002ba5   Thumb Code    10  stm32f1xx_hal_cortex.o(i.__NVIC_GetPriorityGrouping)
    i.__NVIC_SetPriority                     0x08002bb4   Section        0  stm32f1xx_hal_cortex.o(i.__NVIC_SetPriority)
    __NVIC_SetPriority                       0x08002bb5   Thumb Code    32  stm32f1xx_hal_cortex.o(i.__NVIC_SetPriority)
    i._is_digit                              0x08002bdc   Section        0  __printf_wp.o(i._is_digit)
    i._sys_exit                              0x08002bea   Section        0  usart.o(i._sys_exit)
    i.can_init                               0x08002bf0   Section        0  can.o(i.can_init)
    i.can_receive_msg                        0x08002c7c   Section        0  can.o(i.can_receive_msg)
    i.can_send_msg                           0x08002cc8   Section        0  can.o(i.can_send_msg)
    i.delay_init                             0x08002d10   Section        0  delay.o(i.delay_init)
    i.delay_ms                               0x08002d1c   Section        0  delay.o(i.delay_ms)
    i.delay_us                               0x08002d30   Section        0  delay.o(i.delay_us)
    i.fputc                                  0x08002d78   Section        0  usart.o(i.fputc)
    i.led_init                               0x08002d94   Section        0  led.o(i.led_init)
    i.main                                   0x08002e24   Section        0  main.o(i.main)
    i.read_addr                              0x08002ef8   Section        0  usmart.o(i.read_addr)
    i.sys_stm32_clock_init                   0x08002efe   Section        0  sys.o(i.sys_stm32_clock_init)
    i.usart_init                             0x08002f64   Section        0  usart.o(i.usart_init)
    i.usmart_cmd_rec                         0x08002f9c   Section        0  usmart.o(i.usmart_cmd_rec)
    i.usmart_exe                             0x0800304c   Section        0  usmart.o(i.usmart_exe)
    i.usmart_get_aparm                       0x08003320   Section        0  usmart_str.o(i.usmart_get_aparm)
    i.usmart_get_cmdname                     0x080033f4   Section        0  usmart_str.o(i.usmart_get_cmdname)
    i.usmart_get_fname                       0x0800342c   Section        0  usmart_str.o(i.usmart_get_fname)
    i.usmart_get_fparam                      0x080035ec   Section        0  usmart_str.o(i.usmart_get_fparam)
    i.usmart_get_input_string                0x080036f8   Section        0  usmart_port.o(i.usmart_get_input_string)
    i.usmart_get_parmpos                     0x08003720   Section        0  usmart_str.o(i.usmart_get_parmpos)
    i.usmart_init                            0x08003740   Section        0  usmart.o(i.usmart_init)
    i.usmart_pow                             0x08003768   Section        0  usmart_str.o(i.usmart_pow)
    i.usmart_scan                            0x08003780   Section        0  usmart.o(i.usmart_scan)
    i.usmart_search_nextc                    0x08003828   Section        0  usmart_str.o(i.usmart_search_nextc)
    i.usmart_str2num                         0x0800383e   Section        0  usmart_str.o(i.usmart_str2num)
    i.usmart_strcmp                          0x08003944   Section        0  usmart_str.o(i.usmart_strcmp)
    i.usmart_strcopy                         0x08003966   Section        0  usmart_str.o(i.usmart_strcopy)
    i.usmart_strlen                          0x0800397c   Section        0  usmart_str.o(i.usmart_strlen)
    i.usmart_sys_cmd_exe                     0x08003994   Section        0  usmart.o(i.usmart_sys_cmd_exe)
    i.usmart_timx_get_time                   0x08004088   Section        0  usmart_port.o(i.usmart_timx_get_time)
    i.usmart_timx_init                       0x080040cc   Section        0  usmart_port.o(i.usmart_timx_init)
    i.usmart_timx_reset_time                 0x0800412c   Section        0  usmart_port.o(i.usmart_timx_reset_time)
    i.write_addr                             0x08004160   Section        0  usmart.o(i.write_addr)
    .constdata                               0x08004164   Section       24  system_stm32f1xx.o(.constdata)
    .constdata                               0x0800417c   Section       40  _printf_hex_int.o(.constdata)
    uc_hextab                                0x0800417c   Data          20  _printf_hex_int.o(.constdata)
    lc_hextab                                0x08004190   Data          20  _printf_hex_int.o(.constdata)
    .constdata                               0x080041a4   Section       17  __printf_flags_ss_wp.o(.constdata)
    maptable                                 0x080041a4   Data          17  __printf_flags_ss_wp.o(.constdata)
    .conststring                             0x080041b8   Section       40  usmart.o(.conststring)
    .conststring                             0x080041e0   Section      200  usmart_config.o(.conststring)
    CMOX_SM3_ALGO_TAB                        0x080042a8   Data           4  cmox_sm3.c.o(.rodata)
    .rodata15                                0x080042ac   Section        0  cmox_sm3.c.o(.rodata)
    .rodata6                                 0x080042b0   Section        0  cmox_init.c.o(.rodata)
    .text18                                  0x080042b8   Section        0  cmox_md.c.o(.text)
    .data                                    0x20000000   Section        4  system_stm32f1xx.o(.data)
    .data                                    0x20000004   Section        4  delay.o(.data)
    g_fac_us                                 0x20000004   Data           4  delay.o(.data)
    .data                                    0x20000008   Section        7  usart.o(.data)
    .data                                    0x20000010   Section        9  stm32f1xx_hal.o(.data)
    .data                                    0x2000001c   Section       28  usmart.o(.data)
    .data                                    0x20000038   Section      284  usmart_config.o(.data)
    .bss                                     0x20000154   Section      164  main.o(.bss)
    .bss                                     0x200001f8   Section      264  usart.o(.bss)
    .bss                                     0x20000300   Section       92  can.o(.bss)
    .bss                                     0x2000035c   Section       72  usmart_port.o(.bss)
    .bss7                                    0x200003a4   Section        0  cmox_init.c.o(.bss)
    .bss                                     0x200003a8   Section       96  libspace.o(.bss)
    HEAP                                     0x20000408   Section      512  startup_stm32f103xe.o(HEAP)
    Heap_Mem                                 0x20000408   Data         512  startup_stm32f103xe.o(HEAP)
    STACK                                    0x20000608   Section     1024  startup_stm32f103xe.o(STACK)
    Stack_Mem                                0x20000608   Data        1024  startup_stm32f103xe.o(STACK)
    __initial_sp                             0x20000a08   Data           0  startup_stm32f103xe.o(STACK)

    Global Symbols

    Symbol Name                              Value     Ov Type        Size  Object(Section)

    BuildAttributes$$THM_ISAv4$P$D$K$B$S$PE$A:L22UL41UL21$X:L11$S22US41US21$IEEE1$IW$USESV6$~STKCKD$USESV7$~SHL$OSPACE$ROPI$EBA8$UX$STANDARDLIB$REQ8$PRES8$EABIv2 0x00000000   Number         0  anon$$obj.o ABSOLUTE
    __ARM_use_no_argv                        0x00000000   Number         0  main.o ABSOLUTE
    _printf_flags                            0x00000000   Number         0  printf_stubs.o ABSOLUTE
    _printf_return_value                     0x00000000   Number         0  printf_stubs.o ABSOLUTE
    _printf_sizespec                         0x00000000   Number         0  printf_stubs.o ABSOLUTE
    _printf_widthprec                        0x00000000   Number         0  printf_stubs.o ABSOLUTE
    __ARM_exceptions_init                     - Undefined Weak Reference
    __alloca_initialize                       - Undefined Weak Reference
    __arm_fini_                               - Undefined Weak Reference
    __arm_preinit_                            - Undefined Weak Reference
    __cpp_initialize__aeabi_                  - Undefined Weak Reference
    __cxa_finalize                            - Undefined Weak Reference
    __rt_locale                               - Undefined Weak Reference
    __sigvec_lookup                           - Undefined Weak Reference
    _atexit_init                              - Undefined Weak Reference
    _call_atexit_fns                          - Undefined Weak Reference
    _clock_init                               - Undefined Weak Reference
    _fp_trap_init                             - Undefined Weak Reference
    _fp_trap_shutdown                         - Undefined Weak Reference
    _get_lc_collate                           - Undefined Weak Reference
    _get_lc_ctype                             - Undefined Weak Reference
    _get_lc_monetary                          - Undefined Weak Reference
    _get_lc_numeric                           - Undefined Weak Reference
    _get_lc_time                              - Undefined Weak Reference
    _getenv_init                              - Undefined Weak Reference
    _handle_redirection                       - Undefined Weak Reference
    _init_alloc                               - Undefined Weak Reference
    _init_user_alloc                          - Undefined Weak Reference
    _initio                                   - Undefined Weak Reference
    _mutex_acquire                            - Undefined Weak Reference
    _mutex_release                            - Undefined Weak Reference
    _printf_mbtowc                            - Undefined Weak Reference
    _printf_truncate_signed                   - Undefined Weak Reference
    _printf_truncate_unsigned                 - Undefined Weak Reference
    _rand_init                                - Undefined Weak Reference
    _signal_finish                            - Undefined Weak Reference
    _signal_init                              - Undefined Weak Reference
    _terminate_alloc                          - Undefined Weak Reference
    _terminate_user_alloc                     - Undefined Weak Reference
    _terminateio                              - Undefined Weak Reference
    __Vectors_Size                           0x00000130   Number         0  startup_stm32f103xe.o ABSOLUTE
    __Vectors                                0x08000000   Data           4  startup_stm32f103xe.o(RESET)
    __Vectors_End                            0x08000130   Data           0  startup_stm32f103xe.o(RESET)
    __main                                   0x08000131   Thumb Code     8  __main.o(!!!main)
    __scatterload                            0x08000139   Thumb Code     0  __scatter.o(!!!scatter)
    __scatterload_rt2                        0x08000139   Thumb Code    44  __scatter.o(!!!scatter)
    __scatterload_rt2_thumb_only             0x08000139   Thumb Code     0  __scatter.o(!!!scatter)
    __scatterload_null                       0x08000147   Thumb Code     0  __scatter.o(!!!scatter)
    __decompress                             0x0800016d   Thumb Code    90  __dczerorl2.o(!!dczerorl2)
    __decompress1                            0x0800016d   Thumb Code     0  __dczerorl2.o(!!dczerorl2)
    __scatterload_zeroinit                   0x080001c9   Thumb Code    28  __scatter_zi.o(!!handler_zi)
    _printf_d                                0x080001e5   Thumb Code     0  _printf_d.o(.ARM.Collect$$_printf_percent$$00000009)
    _printf_percent                          0x080001e5   Thumb Code     0  _printf_percent.o(.ARM.Collect$$_printf_percent$$00000000)
    _printf_u                                0x080001eb   Thumb Code     0  _printf_u.o(.ARM.Collect$$_printf_percent$$0000000A)
    _printf_x                                0x080001f1   Thumb Code     0  _printf_x.o(.ARM.Collect$$_printf_percent$$0000000C)
    _printf_c                                0x080001f7   Thumb Code     0  _printf_c.o(.ARM.Collect$$_printf_percent$$00000013)
    _printf_s                                0x080001fd   Thumb Code     0  _printf_s.o(.ARM.Collect$$_printf_percent$$00000014)
    _printf_percent_end                      0x08000203   Thumb Code     0  _printf_percent_end.o(.ARM.Collect$$_printf_percent$$00000017)
    __rt_lib_init                            0x08000207   Thumb Code     0  libinit.o(.ARM.Collect$$libinit$$00000000)
    __rt_lib_init_alloca_1                   0x08000209   Thumb Code     0  libinit2.o(.ARM.Collect$$libinit$$0000002E)
    __rt_lib_init_argv_1                     0x08000209   Thumb Code     0  libinit2.o(.ARM.Collect$$libinit$$0000002C)
    __rt_lib_init_atexit_1                   0x08000209   Thumb Code     0  libinit2.o(.ARM.Collect$$libinit$$0000001B)
    __rt_lib_init_clock_1                    0x08000209   Thumb Code     0  libinit2.o(.ARM.Collect$$libinit$$00000021)
    __rt_lib_init_cpp_1                      0x08000209   Thumb Code     0  libinit2.o(.ARM.Collect$$libinit$$00000032)
    __rt_lib_init_exceptions_1               0x08000209   Thumb Code     0  libinit2.o(.ARM.Collect$$libinit$$00000030)
    __rt_lib_init_fp_1                       0x08000209   Thumb Code     0  libinit2.o(.ARM.Collect$$libinit$$00000002)
    __rt_lib_init_fp_trap_1                  0x08000209   Thumb Code     0  libinit2.o(.ARM.Collect$$libinit$$0000001F)
    __rt_lib_init_getenv_1                   0x08000209   Thumb Code     0  libinit2.o(.ARM.Collect$$libinit$$00000023)
    __rt_lib_init_heap_1                     0x08000209   Thumb Code     0  libinit2.o(.ARM.Collect$$libinit$$0000000A)
    __rt_lib_init_lc_collate_1               0x08000209   Thumb Code     0  libinit2.o(.ARM.Collect$$libinit$$00000011)
    __rt_lib_init_lc_ctype_1                 0x08000209   Thumb Code     0  libinit2.o(.ARM.Collect$$libinit$$00000013)
    __rt_lib_init_lc_monetary_1              0x08000209   Thumb Code     0  libinit2.o(.ARM.Collect$$libinit$$00000015)
    __rt_lib_init_lc_numeric_1               0x08000209   Thumb Code     0  libinit2.o(.ARM.Collect$$libinit$$00000017)
    __rt_lib_init_lc_time_1                  0x08000209   Thumb Code     0  libinit2.o(.ARM.Collect$$libinit$$00000019)
    __rt_lib_init_preinit_1                  0x08000209   Thumb Code     0  libinit2.o(.ARM.Collect$$libinit$$00000004)
    __rt_lib_init_rand_1                     0x08000209   Thumb Code     0  libinit2.o(.ARM.Collect$$libinit$$0000000E)
    __rt_lib_init_return                     0x08000209   Thumb Code     0  libinit2.o(.ARM.Collect$$libinit$$00000033)
    __rt_lib_init_signal_1                   0x08000209   Thumb Code     0  libinit2.o(.ARM.Collect$$libinit$$0000001D)
    __rt_lib_init_stdio_1                    0x08000209   Thumb Code     0  libinit2.o(.ARM.Collect$$libinit$$00000025)
    __rt_lib_init_user_alloc_1               0x08000209   Thumb Code     0  libinit2.o(.ARM.Collect$$libinit$$0000000C)
    __rt_lib_shutdown                        0x0800020b   Thumb Code     0  libshutdown.o(.ARM.Collect$$libshutdown$$00000000)
    __rt_lib_shutdown_cpp_1                  0x0800020d   Thumb Code     0  libshutdown2.o(.ARM.Collect$$libshutdown$$00000004)
    __rt_lib_shutdown_fini_1                 0x0800020d   Thumb Code     0  libshutdown2.o(.ARM.Collect$$libshutdown$$00000002)
    __rt_lib_shutdown_fp_trap_1              0x0800020d   Thumb Code     0  libshutdown2.o(.ARM.Collect$$libshutdown$$00000009)
    __rt_lib_shutdown_heap_1                 0x0800020d   Thumb Code     0  libshutdown2.o(.ARM.Collect$$libshutdown$$00000011)
    __rt_lib_shutdown_return                 0x0800020d   Thumb Code     0  libshutdown2.o(.ARM.Collect$$libshutdown$$00000012)
    __rt_lib_shutdown_signal_1               0x0800020d   Thumb Code     0  libshutdown2.o(.ARM.Collect$$libshutdown$$0000000C)
    __rt_lib_shutdown_stdio_1                0x0800020d   Thumb Code     0  libshutdown2.o(.ARM.Collect$$libshutdown$$00000006)
    __rt_lib_shutdown_user_alloc_1           0x0800020d   Thumb Code     0  libshutdown2.o(.ARM.Collect$$libshutdown$$0000000E)
    __rt_entry                               0x0800020f   Thumb Code     0  __rtentry.o(.ARM.Collect$$rtentry$$00000000)
    __rt_entry_presh_1                       0x0800020f   Thumb Code     0  __rtentry2.o(.ARM.Collect$$rtentry$$00000002)
    __rt_entry_sh                            0x0800020f   Thumb Code     0  __rtentry4.o(.ARM.Collect$$rtentry$$00000004)
    __rt_entry_li                            0x08000215   Thumb Code     0  __rtentry2.o(.ARM.Collect$$rtentry$$0000000A)
    __rt_entry_postsh_1                      0x08000215   Thumb Code     0  __rtentry2.o(.ARM.Collect$$rtentry$$00000009)
    __rt_entry_main                          0x08000219   Thumb Code     0  __rtentry2.o(.ARM.Collect$$rtentry$$0000000D)
    __rt_entry_postli_1                      0x08000219   Thumb Code     0  __rtentry2.o(.ARM.Collect$$rtentry$$0000000C)
    __rt_exit                                0x08000221   Thumb Code     0  rtexit.o(.ARM.Collect$$rtexit$$00000000)
    __rt_exit_ls                             0x08000223   Thumb Code     0  rtexit2.o(.ARM.Collect$$rtexit$$00000003)
    __rt_exit_prels_1                        0x08000223   Thumb Code     0  rtexit2.o(.ARM.Collect$$rtexit$$00000002)
    __rt_exit_exit                           0x08000227   Thumb Code     0  rtexit2.o(.ARM.Collect$$rtexit$$00000004)
    Reset_Handler                            0x0800022d   Thumb Code     8  startup_stm32f103xe.o(.text)
    ADC1_2_IRQHandler                        0x08000247   Thumb Code     0  startup_stm32f103xe.o(.text)
    ADC3_IRQHandler                          0x08000247   Thumb Code     0  startup_stm32f103xe.o(.text)
    CAN1_RX1_IRQHandler                      0x08000247   Thumb Code     0  startup_stm32f103xe.o(.text)
    CAN1_SCE_IRQHandler                      0x08000247   Thumb Code     0  startup_stm32f103xe.o(.text)
    DMA1_Channel1_IRQHandler                 0x08000247   Thumb Code     0  startup_stm32f103xe.o(.text)
    DMA1_Channel2_IRQHandler                 0x08000247   Thumb Code     0  startup_stm32f103xe.o(.text)
    DMA1_Channel3_IRQHandler                 0x08000247   Thumb Code     0  startup_stm32f103xe.o(.text)
    DMA1_Channel4_IRQHandler                 0x08000247   Thumb Code     0  startup_stm32f103xe.o(.text)
    DMA1_Channel5_IRQHandler                 0x08000247   Thumb Code     0  startup_stm32f103xe.o(.text)
    DMA1_Channel6_IRQHandler                 0x08000247   Thumb Code     0  startup_stm32f103xe.o(.text)
    DMA1_Channel7_IRQHandler                 0x08000247   Thumb Code     0  startup_stm32f103xe.o(.text)
    DMA2_Channel1_IRQHandler                 0x08000247   Thumb Code     0  startup_stm32f103xe.o(.text)
    DMA2_Channel2_IRQHandler                 0x08000247   Thumb Code     0  startup_stm32f103xe.o(.text)
    DMA2_Channel3_IRQHandler                 0x08000247   Thumb Code     0  startup_stm32f103xe.o(.text)
    DMA2_Channel4_5_IRQHandler               0x08000247   Thumb Code     0  startup_stm32f103xe.o(.text)
    EXTI0_IRQHandler                         0x08000247   Thumb Code     0  startup_stm32f103xe.o(.text)
    EXTI15_10_IRQHandler                     0x08000247   Thumb Code     0  startup_stm32f103xe.o(.text)
    EXTI1_IRQHandler                         0x08000247   Thumb Code     0  startup_stm32f103xe.o(.text)
    EXTI2_IRQHandler                         0x08000247   Thumb Code     0  startup_stm32f103xe.o(.text)
    EXTI3_IRQHandler                         0x08000247   Thumb Code     0  startup_stm32f103xe.o(.text)
    EXTI4_IRQHandler                         0x08000247   Thumb Code     0  startup_stm32f103xe.o(.text)
    EXTI9_5_IRQHandler                       0x08000247   Thumb Code     0  startup_stm32f103xe.o(.text)
    FLASH_IRQHandler                         0x08000247   Thumb Code     0  startup_stm32f103xe.o(.text)
    FSMC_IRQHandler                          0x08000247   Thumb Code     0  startup_stm32f103xe.o(.text)
    I2C1_ER_IRQHandler                       0x08000247   Thumb Code     0  startup_stm32f103xe.o(.text)
    I2C1_EV_IRQHandler                       0x08000247   Thumb Code     0  startup_stm32f103xe.o(.text)
    I2C2_ER_IRQHandler                       0x08000247   Thumb Code     0  startup_stm32f103xe.o(.text)
    I2C2_EV_IRQHandler                       0x08000247   Thumb Code     0  startup_stm32f103xe.o(.text)
    PVD_IRQHandler                           0x08000247   Thumb Code     0  startup_stm32f103xe.o(.text)
    RCC_IRQHandler                           0x08000247   Thumb Code     0  startup_stm32f103xe.o(.text)
    RTC_Alarm_IRQHandler                     0x08000247   Thumb Code     0  startup_stm32f103xe.o(.text)
    RTC_IRQHandler                           0x08000247   Thumb Code     0  startup_stm32f103xe.o(.text)
    SDIO_IRQHandler                          0x08000247   Thumb Code     0  startup_stm32f103xe.o(.text)
    SPI1_IRQHandler                          0x08000247   Thumb Code     0  startup_stm32f103xe.o(.text)
    SPI2_IRQHandler                          0x08000247   Thumb Code     0  startup_stm32f103xe.o(.text)
    SPI3_IRQHandler                          0x08000247   Thumb Code     0  startup_stm32f103xe.o(.text)
    TAMPER_IRQHandler                        0x08000247   Thumb Code     0  startup_stm32f103xe.o(.text)
    TIM1_BRK_IRQHandler                      0x08000247   Thumb Code     0  startup_stm32f103xe.o(.text)
    TIM1_CC_IRQHandler                       0x08000247   Thumb Code     0  startup_stm32f103xe.o(.text)
    TIM1_TRG_COM_IRQHandler                  0x08000247   Thumb Code     0  startup_stm32f103xe.o(.text)
    TIM1_UP_IRQHandler                       0x08000247   Thumb Code     0  startup_stm32f103xe.o(.text)
    TIM2_IRQHandler                          0x08000247   Thumb Code     0  startup_stm32f103xe.o(.text)
    TIM3_IRQHandler                          0x08000247   Thumb Code     0  startup_stm32f103xe.o(.text)
    TIM5_IRQHandler                          0x08000247   Thumb Code     0  startup_stm32f103xe.o(.text)
    TIM6_IRQHandler                          0x08000247   Thumb Code     0  startup_stm32f103xe.o(.text)
    TIM7_IRQHandler                          0x08000247   Thumb Code     0  startup_stm32f103xe.o(.text)
    TIM8_BRK_IRQHandler                      0x08000247   Thumb Code     0  startup_stm32f103xe.o(.text)
    TIM8_CC_IRQHandler                       0x08000247   Thumb Code     0  startup_stm32f103xe.o(.text)
    TIM8_TRG_COM_IRQHandler                  0x08000247   Thumb Code     0  startup_stm32f103xe.o(.text)
    TIM8_UP_IRQHandler                       0x08000247   Thumb Code     0  startup_stm32f103xe.o(.text)
    UART4_IRQHandler                         0x08000247   Thumb Code     0  startup_stm32f103xe.o(.text)
    UART5_IRQHandler                         0x08000247   Thumb Code     0  startup_stm32f103xe.o(.text)
    USART2_IRQHandler                        0x08000247   Thumb Code     0  startup_stm32f103xe.o(.text)
    USART3_IRQHandler                        0x08000247   Thumb Code     0  startup_stm32f103xe.o(.text)
    USBWakeUp_IRQHandler                     0x08000247   Thumb Code     0  startup_stm32f103xe.o(.text)
    USB_HP_CAN1_TX_IRQHandler                0x08000247   Thumb Code     0  startup_stm32f103xe.o(.text)
    USB_LP_CAN1_RX0_IRQHandler               0x08000247   Thumb Code     0  startup_stm32f103xe.o(.text)
    WWDG_IRQHandler                          0x08000247   Thumb Code     0  startup_stm32f103xe.o(.text)
    __user_initial_stackheap                 0x08000249   Thumb Code     0  startup_stm32f103xe.o(.text)
    cmox_hash_compute                        0x0800026d   Thumb Code    52  cmox_hash.c.o(.text)
    cmox_hash_common_compute                 0x080002a1   Thumb Code    92  cmox_hash.c.o(.text)
    cmox_sm3_construct                       0x08000635   Thumb Code    40  cmox_sm3.c.o(.text)
    cmox_md_updateState_small                0x0800065d   Thumb Code     8  cmox_md.c.o(.text)
    cmox_md_copyLastState_small              0x08000665   Thumb Code    68  cmox_md.c.o(.text)
    cmox_md_padMsgLen_small                  0x080006a9   Thumb Code    26  cmox_md.c.o(.text)
    cmox_md_construct                        0x080006c3   Thumb Code     8  cmox_md.c.o(.text)
    cmox_md_init                             0x080006cb   Thumb Code    30  cmox_md.c.o(.text)
    cmox_md_setTagSize                       0x080006e9   Thumb Code     8  cmox_md.c.o(.text)
    cmox_md_append                           0x080006f1   Thumb Code   168  cmox_md.c.o(.text)
    cmox_md_generateTag                      0x08000799   Thumb Code   416  cmox_md.c.o(.text)
    __use_no_semihosting                     0x08000939   Thumb Code     2  use_no_semi_2.o(.text)
    __2printf                                0x0800093d   Thumb Code    20  noretval__2printf.o(.text)
    _printf_pre_padding                      0x08000955   Thumb Code    44  _printf_pad.o(.text)
    _printf_post_padding                     0x08000981   Thumb Code    34  _printf_pad.o(.text)
    _printf_str                              0x080009a3   Thumb Code    82  _printf_str.o(.text)
    _printf_int_dec                          0x080009f5   Thumb Code   104  _printf_dec.o(.text)
    _printf_int_hex                          0x08000a6d   Thumb Code    84  _printf_hex_int.o(.text)
    _printf_longlong_hex                     0x08000a6d   Thumb Code     0  _printf_hex_int.o(.text)
    __printf                                 0x08000ac5   Thumb Code   388  __printf_flags_ss_wp.o(.text)
    __aeabi_memcpy                           0x08000c4d   Thumb Code     0  rt_memcpy_v6.o(.text)
    __rt_memcpy                              0x08000c4d   Thumb Code   138  rt_memcpy_v6.o(.text)
    _memcpy_lastbytes                        0x08000cb3   Thumb Code     0  rt_memcpy_v6.o(.text)
    __aeabi_memcpy4                          0x08000cd7   Thumb Code     0  rt_memcpy_w.o(.text)
    __aeabi_memcpy8                          0x08000cd7   Thumb Code     0  rt_memcpy_w.o(.text)
    __rt_memcpy_w                            0x08000cd7   Thumb Code   100  rt_memcpy_w.o(.text)
    _memcpy_lastbytes_aligned                0x08000d1f   Thumb Code     0  rt_memcpy_w.o(.text)
    __aeabi_memclr                           0x08000d3b   Thumb Code     0  rt_memclr.o(.text)
    __rt_memclr                              0x08000d3b   Thumb Code    68  rt_memclr.o(.text)
    _memset                                  0x08000d3f   Thumb Code     0  rt_memclr.o(.text)
    __aeabi_memclr4                          0x08000d7f   Thumb Code     0  rt_memclr_w.o(.text)
    __aeabi_memclr8                          0x08000d7f   Thumb Code     0  rt_memclr_w.o(.text)
    __rt_memclr_w                            0x08000d7f   Thumb Code    78  rt_memclr_w.o(.text)
    _memset_w                                0x08000d83   Thumb Code     0  rt_memclr_w.o(.text)
    __use_two_region_memory                  0x08000dcd   Thumb Code     2  heapauxi.o(.text)
    __rt_heap_escrow$2region                 0x08000dcf   Thumb Code     2  heapauxi.o(.text)
    __rt_heap_expand$2region                 0x08000dd1   Thumb Code     2  heapauxi.o(.text)
    __semihosting$guard                      0x08000dd3   Thumb Code     0  use_no_semi.o(.text)
    __use_no_semihosting_swi                 0x08000dd3   Thumb Code     2  use_no_semi.o(.text)
    _printf_int_common                       0x08000dd5   Thumb Code   178  _printf_intcommon.o(.text)
    _printf_cs_common                        0x08000e87   Thumb Code    20  _printf_char.o(.text)
    _printf_char                             0x08000e9b   Thumb Code    16  _printf_char.o(.text)
    _printf_string                           0x08000eab   Thumb Code     8  _printf_char.o(.text)
    _printf_char_file                        0x08000eb5   Thumb Code    32  _printf_char_file.o(.text)
    _printf_char_common                      0x08000ee3   Thumb Code    32  _printf_char_common.o(.text)
    ferror                                   0x08000f09   Thumb Code     8  ferror.o(.text)
    __user_setup_stackheap                   0x08000f11   Thumb Code    74  sys_stackheap_outer.o(.text)
    exit                                     0x08000f5b   Thumb Code    18  exit.o(.text)
    __user_libspace                          0x08000f6d   Thumb Code     8  libspace.o(.text)
    __user_perproc_libspace                  0x08000f6d   Thumb Code     0  libspace.o(.text)
    __user_perthread_libspace                0x08000f6d   Thumb Code     0  libspace.o(.text)
    BusFault_Handler                         0x08000f75   Thumb Code     4  stm32f1xx_it.o(i.BusFault_Handler)
    DebugMon_Handler                         0x08000f79   Thumb Code     2  stm32f1xx_it.o(i.DebugMon_Handler)
    HAL_CAN_AddTxMessage                     0x08000f7b   Thumb Code   342  stm32f1xx_hal_can.o(i.HAL_CAN_AddTxMessage)
    HAL_CAN_ConfigFilter                     0x080010d1   Thumb Code   266  stm32f1xx_hal_can.o(i.HAL_CAN_ConfigFilter)
    HAL_CAN_GetRxFifoFillLevel               0x080011db   Thumb Code    40  stm32f1xx_hal_can.o(i.HAL_CAN_GetRxFifoFillLevel)
    HAL_CAN_GetRxMessage                     0x08001203   Thumb Code   378  stm32f1xx_hal_can.o(i.HAL_CAN_GetRxMessage)
    HAL_CAN_GetTxMailboxesFreeLevel          0x0800137d   Thumb Code    54  stm32f1xx_hal_can.o(i.HAL_CAN_GetTxMailboxesFreeLevel)
    HAL_CAN_Init                             0x080013b3   Thumb Code   372  stm32f1xx_hal_can.o(i.HAL_CAN_Init)
    HAL_CAN_MspInit                          0x08001529   Thumb Code   150  can.o(i.HAL_CAN_MspInit)
    HAL_CAN_Start                            0x080015cd   Thumb Code    94  stm32f1xx_hal_can.o(i.HAL_CAN_Start)
    HAL_DMA_Abort_IT                         0x0800162d   Thumb Code   414  stm32f1xx_hal_dma.o(i.HAL_DMA_Abort_IT)
    HAL_GPIO_Init                            0x080017d5   Thumb Code   792  stm32f1xx_hal_gpio.o(i.HAL_GPIO_Init)
    HAL_GPIO_TogglePin                       0x08001b15   Thumb Code    20  stm32f1xx_hal_gpio.o(i.HAL_GPIO_TogglePin)
    HAL_GPIO_WritePin                        0x08001b29   Thumb Code    12  stm32f1xx_hal_gpio.o(i.HAL_GPIO_WritePin)
    HAL_GetTick                              0x08001b35   Thumb Code     6  stm32f1xx_hal.o(i.HAL_GetTick)
    HAL_IncTick                              0x08001b41   Thumb Code    16  stm32f1xx_hal.o(i.HAL_IncTick)
    HAL_Init                                 0x08001b59   Thumb Code    34  stm32f1xx_hal.o(i.HAL_Init)
    HAL_InitTick                             0x08001b81   Thumb Code    64  stm32f1xx_hal.o(i.HAL_InitTick)
    HAL_MspInit                              0x08001bcd   Thumb Code     2  stm32f1xx_hal.o(i.HAL_MspInit)
    HAL_NVIC_EnableIRQ                       0x08001bcf   Thumb Code    32  stm32f1xx_hal_cortex.o(i.HAL_NVIC_EnableIRQ)
    HAL_NVIC_SetPriority                     0x08001bef   Thumb Code   124  stm32f1xx_hal_cortex.o(i.HAL_NVIC_SetPriority)
    HAL_NVIC_SetPriorityGrouping             0x08001c6d   Thumb Code    32  stm32f1xx_hal_cortex.o(i.HAL_NVIC_SetPriorityGrouping)
    HAL_RCC_ClockConfig                      0x08001c95   Thumb Code   376  stm32f1xx_hal_rcc.o(i.HAL_RCC_ClockConfig)
    HAL_RCC_GetHCLKFreq                      0x08001e21   Thumb Code     6  stm32f1xx_hal_rcc.o(i.HAL_RCC_GetHCLKFreq)
    HAL_RCC_GetPCLK1Freq                     0x08001e2d   Thumb Code    22  stm32f1xx_hal_rcc.o(i.HAL_RCC_GetPCLK1Freq)
    HAL_RCC_GetPCLK2Freq                     0x08001e4d   Thumb Code    22  stm32f1xx_hal_rcc.o(i.HAL_RCC_GetPCLK2Freq)
    HAL_RCC_GetSysClockFreq                  0x08001e6d   Thumb Code   116  stm32f1xx_hal_rcc.o(i.HAL_RCC_GetSysClockFreq)
    HAL_RCC_OscConfig                        0x08001f01   Thumb Code  1114  stm32f1xx_hal_rcc.o(i.HAL_RCC_OscConfig)
    HAL_SYSTICK_Config                       0x08002365   Thumb Code    52  stm32f1xx_hal_cortex.o(i.HAL_SYSTICK_Config)
    HAL_TIM_Base_Init                        0x08002399   Thumb Code   102  stm32f1xx_hal_tim.o(i.HAL_TIM_Base_Init)
    HAL_TIM_Base_MspInit                     0x080023ff   Thumb Code     2  stm32f1xx_hal_tim.o(i.HAL_TIM_Base_MspInit)
    HAL_TIM_Base_Start_IT                    0x08002401   Thumb Code   122  stm32f1xx_hal_tim.o(i.HAL_TIM_Base_Start_IT)
    HAL_UART_ErrorCallback                   0x08002491   Thumb Code     2  stm32f1xx_hal_uart.o(i.HAL_UART_ErrorCallback)
    HAL_UART_IRQHandler                      0x08002495   Thumb Code   334  stm32f1xx_hal_uart.o(i.HAL_UART_IRQHandler)
    HAL_UART_Init                            0x080025e9   Thumb Code   114  stm32f1xx_hal_uart.o(i.HAL_UART_Init)
    HAL_UART_MspInit                         0x0800265d   Thumb Code   168  usart.o(i.HAL_UART_MspInit)
    HAL_UART_Receive_IT                      0x08002711   Thumb Code   112  stm32f1xx_hal_uart.o(i.HAL_UART_Receive_IT)
    HAL_UART_RxCpltCallback                  0x08002781   Thumb Code   134  usart.o(i.HAL_UART_RxCpltCallback)
    HAL_UART_TxCpltCallback                  0x0800281d   Thumb Code     2  stm32f1xx_hal_uart.o(i.HAL_UART_TxCpltCallback)
    HardFault_Handler                        0x0800281f   Thumb Code     4  stm32f1xx_it.o(i.HardFault_Handler)
    MemManage_Handler                        0x08002823   Thumb Code     4  stm32f1xx_it.o(i.MemManage_Handler)
    NMI_Handler                              0x08002827   Thumb Code     2  stm32f1xx_it.o(i.NMI_Handler)
    PendSV_Handler                           0x08002829   Thumb Code     2  stm32f1xx_it.o(i.PendSV_Handler)
    SVC_Handler                              0x08002855   Thumb Code     2  stm32f1xx_it.o(i.SVC_Handler)
    SysTick_Handler                          0x08002857   Thumb Code     8  stm32f1xx_it.o(i.SysTick_Handler)
    SystemInit                               0x0800285f   Thumb Code     2  system_stm32f1xx.o(i.SystemInit)
    TIM4_IRQHandler                          0x08002861   Thumb Code    58  usmart_port.o(i.TIM4_IRQHandler)
    TIM_Base_SetConfig                       0x080028a5   Thumb Code   134  stm32f1xx_hal_tim.o(i.TIM_Base_SetConfig)
    USART1_IRQHandler                        0x08002b91   Thumb Code    10  usart.o(i.USART1_IRQHandler)
    UsageFault_Handler                       0x08002ba1   Thumb Code     4  stm32f1xx_it.o(i.UsageFault_Handler)
    _is_digit                                0x08002bdd   Thumb Code    14  __printf_wp.o(i._is_digit)
    _sys_exit                                0x08002beb   Thumb Code     4  usart.o(i._sys_exit)
    can_init                                 0x08002bf1   Thumb Code   130  can.o(i.can_init)
    can_receive_msg                          0x08002c7d   Thumb Code    68  can.o(i.can_receive_msg)
    can_send_msg                             0x08002cc9   Thumb Code    62  can.o(i.can_send_msg)
    delay_init                               0x08002d11   Thumb Code     6  delay.o(i.delay_init)
    delay_ms                                 0x08002d1d   Thumb Code    18  delay.o(i.delay_ms)
    delay_us                                 0x08002d31   Thumb Code    68  delay.o(i.delay_us)
    fputc                                    0x08002d79   Thumb Code    24  usart.o(i.fputc)
    led_init                                 0x08002d95   Thumb Code   132  led.o(i.led_init)
    main                                     0x08002e25   Thumb Code   188  main.o(i.main)
    read_addr                                0x08002ef9   Thumb Code     6  usmart.o(i.read_addr)
    sys_stm32_clock_init                     0x08002eff   Thumb Code   102  sys.o(i.sys_stm32_clock_init)
    usart_init                               0x08002f65   Thumb Code    44  usart.o(i.usart_init)
    usmart_cmd_rec                           0x08002f9d   Thumb Code   170  usmart.o(i.usmart_cmd_rec)
    usmart_exe                               0x0800304d   Thumb Code   632  usmart.o(i.usmart_exe)
    usmart_get_aparm                         0x08003321   Thumb Code   212  usmart_str.o(i.usmart_get_aparm)
    usmart_get_cmdname                       0x080033f5   Thumb Code    54  usmart_str.o(i.usmart_get_cmdname)
    usmart_get_fname                         0x0800342d   Thumb Code   440  usmart_str.o(i.usmart_get_fname)
    usmart_get_fparam                        0x080035ed   Thumb Code   262  usmart_str.o(i.usmart_get_fparam)
    usmart_get_input_string                  0x080036f9   Thumb Code    30  usmart_port.o(i.usmart_get_input_string)
    usmart_get_parmpos                       0x08003721   Thumb Code    26  usmart_str.o(i.usmart_get_parmpos)
    usmart_init                              0x08003741   Thumb Code    36  usmart.o(i.usmart_init)
    usmart_pow                               0x08003769   Thumb Code    22  usmart_str.o(i.usmart_pow)
    usmart_scan                              0x08003781   Thumb Code   106  usmart.o(i.usmart_scan)
    usmart_search_nextc                      0x08003829   Thumb Code    22  usmart_str.o(i.usmart_search_nextc)
    usmart_str2num                           0x0800383f   Thumb Code   262  usmart_str.o(i.usmart_str2num)
    usmart_strcmp                            0x08003945   Thumb Code    34  usmart_str.o(i.usmart_strcmp)
    usmart_strcopy                           0x08003967   Thumb Code    22  usmart_str.o(i.usmart_strcopy)
    usmart_strlen                            0x0800397d   Thumb Code    24  usmart_str.o(i.usmart_strlen)
    usmart_sys_cmd_exe                       0x08003995   Thumb Code  1570  usmart.o(i.usmart_sys_cmd_exe)
    usmart_timx_get_time                     0x08004089   Thumb Code    58  usmart_port.o(i.usmart_timx_get_time)
    usmart_timx_init                         0x080040cd   Thumb Code    84  usmart_port.o(i.usmart_timx_init)
    usmart_timx_reset_time                   0x0800412d   Thumb Code    44  usmart_port.o(i.usmart_timx_reset_time)
    write_addr                               0x08004161   Thumb Code     4  usmart.o(i.write_addr)
    AHBPrescTable                            0x08004164   Data          16  system_stm32f1xx.o(.constdata)
    APBPrescTable                            0x08004174   Data           8  system_stm32f1xx.o(.constdata)
    CMOX_SM3_ALGO                            0x080042ac   Data           4  cmox_sm3.c.o(.rodata)
    cmox_table                               0x080042b0   Data           8  cmox_init.c.o(.rodata)
    Region$$Table$$Base                      0x080042c0   Number         0  anon$$obj.o(Region$$Table)
    Region$$Table$$Limit                     0x080042e0   Number         0  anon$$obj.o(Region$$Table)
    SystemCoreClock                          0x20000000   Data           4  system_stm32f1xx.o(.data)
    __stdout                                 0x20000008   Data           4  usart.o(.data)
    g_usart_rx_sta                           0x2000000c   Data           2  usart.o(.data)
    g_rx_buffer                              0x2000000e   Data           1  usart.o(.data)
    uwTick                                   0x20000010   Data           4  stm32f1xx_hal.o(.data)
    uwTickPrio                               0x20000014   Data           4  stm32f1xx_hal.o(.data)
    uwTickFreq                               0x20000018   Data           1  stm32f1xx_hal.o(.data)
    sys_cmd_tab                              0x2000001c   Data          28  usmart.o(.data)
    usmart_nametab                           0x20000038   Data          40  usmart_config.o(.data)
    usmart_dev                               0x20000060   Data         244  usmart_config.o(.data)
    sm3_ctx                                  0x20000154   Data         132  main.o(.bss)
    computed_hash                            0x200001d8   Data          32  main.o(.bss)
    g_usart_rx_buf                           0x200001f8   Data         200  usart.o(.bss)
    g_uart1_handle                           0x200002c0   Data          64  usart.o(.bss)
    g_canx_handler                           0x20000300   Data          40  can.o(.bss)
    g_canx_txheader                          0x20000328   Data          24  can.o(.bss)
    g_canx_rxheader                          0x20000340   Data          28  can.o(.bss)
    g_timx_usmart_handle                     0x2000035c   Data          72  usmart_port.o(.bss)
    cmox_init_ctxi                           0x200003a4   Data           1  cmox_init.c.o(.bss)
    __libspace_start                         0x200003a8   Data          96  libspace.o(.bss)
    __temporary_stack_top$libspace           0x20000408   Data           0  libspace.o(.bss)



==============================================================================

Memory Map of the image

  Image Entry point : 0x08000131

  Load Region LR_IROM1 (Base: 0x08000000, Size: 0x00004434, Max: 0x00080000, ABSOLUTE, COMPRESSED[0x00004338])

    Execution Region ER_IROM1 (Exec base: 0x08000000, Load base: 0x08000000, Size: 0x000042e0, Max: 0x00080000, ABSOLUTE)

    Exec Addr    Load Addr    Size         Type   Attr      Idx    E Section Name        Object

    0x08000000   0x08000000   0x00000130   Data   RO            3    RESET               startup_stm32f103xe.o
    0x08000130   0x08000130   0x00000008   Code   RO         4455  * !!!main             c_w.l(__main.o)
    0x08000138   0x08000138   0x00000034   Code   RO         4641    !!!scatter          c_w.l(__scatter.o)
    0x0800016c   0x0800016c   0x0000005a   Code   RO         4639    !!dczerorl2         c_w.l(__dczerorl2.o)
    0x080001c6   0x080001c6   0x00000002   PAD
    0x080001c8   0x080001c8   0x0000001c   Code   RO         4643    !!handler_zi        c_w.l(__scatter_zi.o)
    0x080001e4   0x080001e4   0x00000000   Code   RO         4444    .ARM.Collect$$_printf_percent$$00000000  c_w.l(_printf_percent.o)
    0x080001e4   0x080001e4   0x00000006   Code   RO         4442    .ARM.Collect$$_printf_percent$$00000009  c_w.l(_printf_d.o)
    0x080001ea   0x080001ea   0x00000006   Code   RO         4443    .ARM.Collect$$_printf_percent$$0000000A  c_w.l(_printf_u.o)
    0x080001f0   0x080001f0   0x00000006   Code   RO         4441    .ARM.Collect$$_printf_percent$$0000000C  c_w.l(_printf_x.o)
    0x080001f6   0x080001f6   0x00000006   Code   RO         4439    .ARM.Collect$$_printf_percent$$00000013  c_w.l(_printf_c.o)
    0x080001fc   0x080001fc   0x00000006   Code   RO         4440    .ARM.Collect$$_printf_percent$$00000014  c_w.l(_printf_s.o)
    0x08000202   0x08000202   0x00000004   Code   RO         4478    .ARM.Collect$$_printf_percent$$00000017  c_w.l(_printf_percent_end.o)
    0x08000206   0x08000206   0x00000002   Code   RO         4516    .ARM.Collect$$libinit$$00000000  c_w.l(libinit.o)
    0x08000208   0x08000208   0x00000000   Code   RO         4523    .ARM.Collect$$libinit$$00000002  c_w.l(libinit2.o)
    0x08000208   0x08000208   0x00000000   Code   RO         4525    .ARM.Collect$$libinit$$00000004  c_w.l(libinit2.o)
    0x08000208   0x08000208   0x00000000   Code   RO         4528    .ARM.Collect$$libinit$$0000000A  c_w.l(libinit2.o)
    0x08000208   0x08000208   0x00000000   Code   RO         4530    .ARM.Collect$$libinit$$0000000C  c_w.l(libinit2.o)
    0x08000208   0x08000208   0x00000000   Code   RO         4532    .ARM.Collect$$libinit$$0000000E  c_w.l(libinit2.o)
    0x08000208   0x08000208   0x00000000   Code   RO         4535    .ARM.Collect$$libinit$$00000011  c_w.l(libinit2.o)
    0x08000208   0x08000208   0x00000000   Code   RO         4537    .ARM.Collect$$libinit$$00000013  c_w.l(libinit2.o)
    0x08000208   0x08000208   0x00000000   Code   RO         4539    .ARM.Collect$$libinit$$00000015  c_w.l(libinit2.o)
    0x08000208   0x08000208   0x00000000   Code   RO         4541    .ARM.Collect$$libinit$$00000017  c_w.l(libinit2.o)
    0x08000208   0x08000208   0x00000000   Code   RO         4543    .ARM.Collect$$libinit$$00000019  c_w.l(libinit2.o)
    0x08000208   0x08000208   0x00000000   Code   RO         4545    .ARM.Collect$$libinit$$0000001B  c_w.l(libinit2.o)
    0x08000208   0x08000208   0x00000000   Code   RO         4547    .ARM.Collect$$libinit$$0000001D  c_w.l(libinit2.o)
    0x08000208   0x08000208   0x00000000   Code   RO         4549    .ARM.Collect$$libinit$$0000001F  c_w.l(libinit2.o)
    0x08000208   0x08000208   0x00000000   Code   RO         4551    .ARM.Collect$$libinit$$00000021  c_w.l(libinit2.o)
    0x08000208   0x08000208   0x00000000   Code   RO         4553    .ARM.Collect$$libinit$$00000023  c_w.l(libinit2.o)
    0x08000208   0x08000208   0x00000000   Code   RO         4555    .ARM.Collect$$libinit$$00000025  c_w.l(libinit2.o)
    0x08000208   0x08000208   0x00000000   Code   RO         4559    .ARM.Collect$$libinit$$0000002C  c_w.l(libinit2.o)
    0x08000208   0x08000208   0x00000000   Code   RO         4561    .ARM.Collect$$libinit$$0000002E  c_w.l(libinit2.o)
    0x08000208   0x08000208   0x00000000   Code   RO         4563    .ARM.Collect$$libinit$$00000030  c_w.l(libinit2.o)
    0x08000208   0x08000208   0x00000000   Code   RO         4565    .ARM.Collect$$libinit$$00000032  c_w.l(libinit2.o)
    0x08000208   0x08000208   0x00000002   Code   RO         4566    .ARM.Collect$$libinit$$00000033  c_w.l(libinit2.o)
    0x0800020a   0x0800020a   0x00000002   Code   RO         4584    .ARM.Collect$$libshutdown$$00000000  c_w.l(libshutdown.o)
    0x0800020c   0x0800020c   0x00000000   Code   RO         4592    .ARM.Collect$$libshutdown$$00000002  c_w.l(libshutdown2.o)
    0x0800020c   0x0800020c   0x00000000   Code   RO         4594    .ARM.Collect$$libshutdown$$00000004  c_w.l(libshutdown2.o)
    0x0800020c   0x0800020c   0x00000000   Code   RO         4596    .ARM.Collect$$libshutdown$$00000006  c_w.l(libshutdown2.o)
    0x0800020c   0x0800020c   0x00000000   Code   RO         4599    .ARM.Collect$$libshutdown$$00000009  c_w.l(libshutdown2.o)
    0x0800020c   0x0800020c   0x00000000   Code   RO         4602    .ARM.Collect$$libshutdown$$0000000C  c_w.l(libshutdown2.o)
    0x0800020c   0x0800020c   0x00000000   Code   RO         4604    .ARM.Collect$$libshutdown$$0000000E  c_w.l(libshutdown2.o)
    0x0800020c   0x0800020c   0x00000000   Code   RO         4607    .ARM.Collect$$libshutdown$$00000011  c_w.l(libshutdown2.o)
    0x0800020c   0x0800020c   0x00000002   Code   RO         4608    .ARM.Collect$$libshutdown$$00000012  c_w.l(libshutdown2.o)
    0x0800020e   0x0800020e   0x00000000   Code   RO         4471    .ARM.Collect$$rtentry$$00000000  c_w.l(__rtentry.o)
    0x0800020e   0x0800020e   0x00000000   Code   RO         4485    .ARM.Collect$$rtentry$$00000002  c_w.l(__rtentry2.o)
    0x0800020e   0x0800020e   0x00000006   Code   RO         4497    .ARM.Collect$$rtentry$$00000004  c_w.l(__rtentry4.o)
    0x08000214   0x08000214   0x00000000   Code   RO         4487    .ARM.Collect$$rtentry$$00000009  c_w.l(__rtentry2.o)
    0x08000214   0x08000214   0x00000004   Code   RO         4488    .ARM.Collect$$rtentry$$0000000A  c_w.l(__rtentry2.o)
    0x08000218   0x08000218   0x00000000   Code   RO         4490    .ARM.Collect$$rtentry$$0000000C  c_w.l(__rtentry2.o)
    0x08000218   0x08000218   0x00000008   Code   RO         4491    .ARM.Collect$$rtentry$$0000000D  c_w.l(__rtentry2.o)
    0x08000220   0x08000220   0x00000002   Code   RO         4520    .ARM.Collect$$rtexit$$00000000  c_w.l(rtexit.o)
    0x08000222   0x08000222   0x00000000   Code   RO         4568    .ARM.Collect$$rtexit$$00000002  c_w.l(rtexit2.o)
    0x08000222   0x08000222   0x00000004   Code   RO         4569    .ARM.Collect$$rtexit$$00000003  c_w.l(rtexit2.o)
    0x08000226   0x08000226   0x00000006   Code   RO         4570    .ARM.Collect$$rtexit$$00000004  c_w.l(rtexit2.o)
    0x0800022c   0x0800022c   0x00000040   Code   RO            4    .text               startup_stm32f103xe.o
    0x0800026c   0x0800026c   0x00000034   Code   RO         4346    .text               libSTM32Cryptographic_CM3.a(cmox_hash.c.o)
    0x080002a0   0x080002a0   0x0000005c   Code   RO         4347    .text               libSTM32Cryptographic_CM3.a(cmox_hash.c.o)
    0x080002fc   0x080002fc   0x000001f4   Code   RO         4349    .text               libSTM32Cryptographic_CM3.a(cmox_sm3.c.o)
    0x080004f0   0x080004f0   0x00000020   Code   RO         4350    .text               libSTM32Cryptographic_CM3.a(cmox_sm3.c.o)
    0x08000510   0x08000510   0x00000034   Code   RO         4351    .text               libSTM32Cryptographic_CM3.a(cmox_sm3.c.o)
    0x08000544   0x08000544   0x00000024   Code   RO         4352    .text               libSTM32Cryptographic_CM3.a(cmox_sm3.c.o)
    0x08000568   0x08000568   0x00000028   Code   RO         4353    .text               libSTM32Cryptographic_CM3.a(cmox_sm3.c.o)
    0x08000590   0x08000590   0x00000028   Code   RO         4354    .text               libSTM32Cryptographic_CM3.a(cmox_sm3.c.o)
    0x080005b8   0x080005b8   0x00000054   Code   RO         4355    .text               libSTM32Cryptographic_CM3.a(cmox_sm3.c.o)
    0x0800060c   0x0800060c   0x00000026   Code   RO         4356    .text               libSTM32Cryptographic_CM3.a(cmox_sm3.c.o)
    0x08000632   0x08000632   0x00000002   PAD
    0x08000634   0x08000634   0x00000028   Code   RO         4359    .text               libSTM32Cryptographic_CM3.a(cmox_sm3.c.o)
    0x0800065c   0x0800065c   0x00000008   Code   RO         4362    .text               libSTM32Cryptographic_CM3.a(cmox_md.c.o)
    0x08000664   0x08000664   0x00000044   Code   RO         4364    .text               libSTM32Cryptographic_CM3.a(cmox_md.c.o)
    0x080006a8   0x080006a8   0x0000001a   Code   RO         4366    .text               libSTM32Cryptographic_CM3.a(cmox_md.c.o)
    0x080006c2   0x080006c2   0x00000008   Code   RO         4368    .text               libSTM32Cryptographic_CM3.a(cmox_md.c.o)
    0x080006ca   0x080006ca   0x0000001e   Code   RO         4369    .text               libSTM32Cryptographic_CM3.a(cmox_md.c.o)
    0x080006e8   0x080006e8   0x00000008   Code   RO         4370    .text               libSTM32Cryptographic_CM3.a(cmox_md.c.o)
    0x080006f0   0x080006f0   0x000000a8   Code   RO         4371    .text               libSTM32Cryptographic_CM3.a(cmox_md.c.o)
    0x08000798   0x08000798   0x000001a0   Code   RO         4372    .text               libSTM32Cryptographic_CM3.a(cmox_md.c.o)
    0x08000938   0x08000938   0x00000002   Code   RO         4382    .text               c_w.l(use_no_semi_2.o)
    0x0800093a   0x0800093a   0x00000002   PAD
    0x0800093c   0x0800093c   0x00000018   Code   RO         4388    .text               c_w.l(noretval__2printf.o)
    0x08000954   0x08000954   0x0000004e   Code   RO         4392    .text               c_w.l(_printf_pad.o)
    0x080009a2   0x080009a2   0x00000052   Code   RO         4394    .text               c_w.l(_printf_str.o)
    0x080009f4   0x080009f4   0x00000078   Code   RO         4396    .text               c_w.l(_printf_dec.o)
    0x08000a6c   0x08000a6c   0x00000058   Code   RO         4401    .text               c_w.l(_printf_hex_int.o)
    0x08000ac4   0x08000ac4   0x00000188   Code   RO         4436    .text               c_w.l(__printf_flags_ss_wp.o)
    0x08000c4c   0x08000c4c   0x0000008a   Code   RO         4445    .text               c_w.l(rt_memcpy_v6.o)
    0x08000cd6   0x08000cd6   0x00000064   Code   RO         4447    .text               c_w.l(rt_memcpy_w.o)
    0x08000d3a   0x08000d3a   0x00000044   Code   RO         4449    .text               c_w.l(rt_memclr.o)
    0x08000d7e   0x08000d7e   0x0000004e   Code   RO         4451    .text               c_w.l(rt_memclr_w.o)
    0x08000dcc   0x08000dcc   0x00000006   Code   RO         4453    .text               c_w.l(heapauxi.o)
    0x08000dd2   0x08000dd2   0x00000002   Code   RO         4469    .text               c_w.l(use_no_semi.o)
    0x08000dd4   0x08000dd4   0x000000b2   Code   RO         4472    .text               c_w.l(_printf_intcommon.o)
    0x08000e86   0x08000e86   0x0000002c   Code   RO         4474    .text               c_w.l(_printf_char.o)
    0x08000eb2   0x08000eb2   0x00000002   PAD
    0x08000eb4   0x08000eb4   0x00000024   Code   RO         4476    .text               c_w.l(_printf_char_file.o)
    0x08000ed8   0x08000ed8   0x00000030   Code   RO         4499    .text               c_w.l(_printf_char_common.o)
    0x08000f08   0x08000f08   0x00000008   Code   RO         4501    .text               c_w.l(ferror.o)
    0x08000f10   0x08000f10   0x0000004a   Code   RO         4505    .text               c_w.l(sys_stackheap_outer.o)
    0x08000f5a   0x08000f5a   0x00000012   Code   RO         4509    .text               c_w.l(exit.o)
    0x08000f6c   0x08000f6c   0x00000008   Code   RO         4517    .text               c_w.l(libspace.o)
    0x08000f74   0x08000f74   0x00000004   Code   RO          485    i.BusFault_Handler  stm32f1xx_it.o
    0x08000f78   0x08000f78   0x00000002   Code   RO          486    i.DebugMon_Handler  stm32f1xx_it.o
    0x08000f7a   0x08000f7a   0x00000156   Code   RO         3526    i.HAL_CAN_AddTxMessage  stm32f1xx_hal_can.o
    0x080010d0   0x080010d0   0x0000010a   Code   RO         3527    i.HAL_CAN_ConfigFilter  stm32f1xx_hal_can.o
    0x080011da   0x080011da   0x00000028   Code   RO         3532    i.HAL_CAN_GetRxFifoFillLevel  stm32f1xx_hal_can.o
    0x08001202   0x08001202   0x0000017a   Code   RO         3533    i.HAL_CAN_GetRxMessage  stm32f1xx_hal_can.o
    0x0800137c   0x0800137c   0x00000036   Code   RO         3535    i.HAL_CAN_GetTxMailboxesFreeLevel  stm32f1xx_hal_can.o
    0x080013b2   0x080013b2   0x00000174   Code   RO         3538    i.HAL_CAN_Init      stm32f1xx_hal_can.o
    0x08001526   0x08001526   0x00000002   PAD
    0x08001528   0x08001528   0x000000a4   Code   RO         4068    i.HAL_CAN_MspInit   can.o
    0x080015cc   0x080015cc   0x0000005e   Code   RO         3550    i.HAL_CAN_Start     stm32f1xx_hal_can.o
    0x0800162a   0x0800162a   0x00000002   PAD
    0x0800162c   0x0800162c   0x000001a8   Code   RO         1219    i.HAL_DMA_Abort_IT  stm32f1xx_hal_dma.o
    0x080017d4   0x080017d4   0x00000340   Code   RO         1315    i.HAL_GPIO_Init     stm32f1xx_hal_gpio.o
    0x08001b14   0x08001b14   0x00000014   Code   RO         1318    i.HAL_GPIO_TogglePin  stm32f1xx_hal_gpio.o
    0x08001b28   0x08001b28   0x0000000c   Code   RO         1319    i.HAL_GPIO_WritePin  stm32f1xx_hal_gpio.o
    0x08001b34   0x08001b34   0x0000000c   Code   RO          932    i.HAL_GetTick       stm32f1xx_hal.o
    0x08001b40   0x08001b40   0x00000018   Code   RO          938    i.HAL_IncTick       stm32f1xx_hal.o
    0x08001b58   0x08001b58   0x00000028   Code   RO          939    i.HAL_Init          stm32f1xx_hal.o
    0x08001b80   0x08001b80   0x0000004c   Code   RO          940    i.HAL_InitTick      stm32f1xx_hal.o
    0x08001bcc   0x08001bcc   0x00000002   Code   RO          942    i.HAL_MspInit       stm32f1xx_hal.o
    0x08001bce   0x08001bce   0x00000020   Code   RO         1097    i.HAL_NVIC_EnableIRQ  stm32f1xx_hal_cortex.o
    0x08001bee   0x08001bee   0x0000007c   Code   RO         1103    i.HAL_NVIC_SetPriority  stm32f1xx_hal_cortex.o
    0x08001c6a   0x08001c6a   0x00000002   PAD
    0x08001c6c   0x08001c6c   0x00000028   Code   RO         1104    i.HAL_NVIC_SetPriorityGrouping  stm32f1xx_hal_cortex.o
    0x08001c94   0x08001c94   0x0000018c   Code   RO         1540    i.HAL_RCC_ClockConfig  stm32f1xx_hal_rcc.o
    0x08001e20   0x08001e20   0x0000000c   Code   RO         1545    i.HAL_RCC_GetHCLKFreq  stm32f1xx_hal_rcc.o
    0x08001e2c   0x08001e2c   0x00000020   Code   RO         1547    i.HAL_RCC_GetPCLK1Freq  stm32f1xx_hal_rcc.o
    0x08001e4c   0x08001e4c   0x00000020   Code   RO         1548    i.HAL_RCC_GetPCLK2Freq  stm32f1xx_hal_rcc.o
    0x08001e6c   0x08001e6c   0x00000094   Code   RO         1549    i.HAL_RCC_GetSysClockFreq  stm32f1xx_hal_rcc.o
    0x08001f00   0x08001f00   0x00000464   Code   RO         1552    i.HAL_RCC_OscConfig  stm32f1xx_hal_rcc.o
    0x08002364   0x08002364   0x00000034   Code   RO         1108    i.HAL_SYSTICK_Config  stm32f1xx_hal_cortex.o
    0x08002398   0x08002398   0x00000066   Code   RO         2542    i.HAL_TIM_Base_Init  stm32f1xx_hal_tim.o
    0x080023fe   0x080023fe   0x00000002   Code   RO         2544    i.HAL_TIM_Base_MspInit  stm32f1xx_hal_tim.o
    0x08002400   0x08002400   0x00000090   Code   RO         2547    i.HAL_TIM_Base_Start_IT  stm32f1xx_hal_tim.o
    0x08002490   0x08002490   0x00000002   Code   RO         1703    i.HAL_UART_ErrorCallback  stm32f1xx_hal_uart.o
    0x08002492   0x08002492   0x00000002   PAD
    0x08002494   0x08002494   0x00000154   Code   RO         1706    i.HAL_UART_IRQHandler  stm32f1xx_hal_uart.o
    0x080025e8   0x080025e8   0x00000072   Code   RO         1707    i.HAL_UART_Init     stm32f1xx_hal_uart.o
    0x0800265a   0x0800265a   0x00000002   PAD
    0x0800265c   0x0800265c   0x000000b4   Code   RO          844    i.HAL_UART_MspInit  usart.o
    0x08002710   0x08002710   0x00000070   Code   RO         1712    i.HAL_UART_Receive_IT  stm32f1xx_hal_uart.o
    0x08002780   0x08002780   0x0000009c   Code   RO          845    i.HAL_UART_RxCpltCallback  usart.o
    0x0800281c   0x0800281c   0x00000002   Code   RO         1718    i.HAL_UART_TxCpltCallback  stm32f1xx_hal_uart.o
    0x0800281e   0x0800281e   0x00000004   Code   RO          487    i.HardFault_Handler  stm32f1xx_it.o
    0x08002822   0x08002822   0x00000004   Code   RO          488    i.MemManage_Handler  stm32f1xx_it.o
    0x08002826   0x08002826   0x00000002   Code   RO          489    i.NMI_Handler       stm32f1xx_it.o
    0x08002828   0x08002828   0x00000002   Code   RO          490    i.PendSV_Handler    stm32f1xx_it.o
    0x0800282a   0x0800282a   0x00000002   PAD
    0x0800282c   0x0800282c   0x00000028   Code   RO         1553    i.RCC_Delay         stm32f1xx_hal_rcc.o
    0x08002854   0x08002854   0x00000002   Code   RO          491    i.SVC_Handler       stm32f1xx_it.o
    0x08002856   0x08002856   0x00000008   Code   RO          492    i.SysTick_Handler   stm32f1xx_it.o
    0x0800285e   0x0800285e   0x00000002   Code   RO          446    i.SystemInit        system_stm32f1xx.o
    0x08002860   0x08002860   0x00000044   Code   RO         4209    i.TIM4_IRQHandler   usmart_port.o
    0x080028a4   0x080028a4   0x0000009c   Code   RO         2635    i.TIM_Base_SetConfig  stm32f1xx_hal_tim.o
    0x08002940   0x08002940   0x00000014   Code   RO         1720    i.UART_DMAAbortOnError  stm32f1xx_hal_uart.o
    0x08002954   0x08002954   0x00000020   Code   RO         1730    i.UART_EndRxTransfer  stm32f1xx_hal_uart.o
    0x08002974   0x08002974   0x00000020   Code   RO         1731    i.UART_EndTransmit_IT  stm32f1xx_hal_uart.o
    0x08002994   0x08002994   0x000000a0   Code   RO         1733    i.UART_Receive_IT   stm32f1xx_hal_uart.o
    0x08002a34   0x08002a34   0x000000fc   Code   RO         1734    i.UART_SetConfig    stm32f1xx_hal_uart.o
    0x08002b30   0x08002b30   0x00000060   Code   RO         1735    i.UART_Transmit_IT  stm32f1xx_hal_uart.o
    0x08002b90   0x08002b90   0x00000010   Code   RO          846    i.USART1_IRQHandler  usart.o
    0x08002ba0   0x08002ba0   0x00000004   Code   RO          493    i.UsageFault_Handler  stm32f1xx_it.o
    0x08002ba4   0x08002ba4   0x00000010   Code   RO         1110    i.__NVIC_GetPriorityGrouping  stm32f1xx_hal_cortex.o
    0x08002bb4   0x08002bb4   0x00000028   Code   RO         1111    i.__NVIC_SetPriority  stm32f1xx_hal_cortex.o
    0x08002bdc   0x08002bdc   0x0000000e   Code   RO         4429    i._is_digit         c_w.l(__printf_wp.o)
    0x08002bea   0x08002bea   0x00000004   Code   RO          848    i._sys_exit         usart.o
    0x08002bee   0x08002bee   0x00000002   PAD
    0x08002bf0   0x08002bf0   0x0000008c   Code   RO         4069    i.can_init          can.o
    0x08002c7c   0x08002c7c   0x0000004c   Code   RO         4070    i.can_receive_msg   can.o
    0x08002cc8   0x08002cc8   0x00000048   Code   RO         4071    i.can_send_msg      can.o
    0x08002d10   0x08002d10   0x0000000c   Code   RO          728    i.delay_init        delay.o
    0x08002d1c   0x08002d1c   0x00000012   Code   RO          729    i.delay_ms          delay.o
    0x08002d2e   0x08002d2e   0x00000002   PAD
    0x08002d30   0x08002d30   0x00000048   Code   RO          730    i.delay_us          delay.o
    0x08002d78   0x08002d78   0x0000001c   Code   RO          850    i.fputc             usart.o
    0x08002d94   0x08002d94   0x00000090   Code   RO         3758    i.led_init          led.o
    0x08002e24   0x08002e24   0x000000d4   Code   RO           14    i.main              main.o
    0x08002ef8   0x08002ef8   0x00000006   Code   RO         4117    i.read_addr         usmart.o
    0x08002efe   0x08002efe   0x00000066   Code   RO          777    i.sys_stm32_clock_init  sys.o
    0x08002f64   0x08002f64   0x00000038   Code   RO          851    i.usart_init        usart.o
    0x08002f9c   0x08002f9c   0x000000b0   Code   RO         4118    i.usmart_cmd_rec    usmart.o
    0x0800304c   0x0800304c   0x000002d4   Code   RO         4119    i.usmart_exe        usmart.o
    0x08003320   0x08003320   0x000000d4   Code   RO         4260    i.usmart_get_aparm  usmart_str.o
    0x080033f4   0x080033f4   0x00000036   Code   RO         4261    i.usmart_get_cmdname  usmart_str.o
    0x0800342a   0x0800342a   0x00000002   PAD
    0x0800342c   0x0800342c   0x000001c0   Code   RO         4262    i.usmart_get_fname  usmart_str.o
    0x080035ec   0x080035ec   0x0000010c   Code   RO         4263    i.usmart_get_fparam  usmart_str.o
    0x080036f8   0x080036f8   0x00000028   Code   RO         4210    i.usmart_get_input_string  usmart_port.o
    0x08003720   0x08003720   0x00000020   Code   RO         4264    i.usmart_get_parmpos  usmart_str.o
    0x08003740   0x08003740   0x00000028   Code   RO         4120    i.usmart_init       usmart.o
    0x08003768   0x08003768   0x00000016   Code   RO         4265    i.usmart_pow        usmart_str.o
    0x0800377e   0x0800377e   0x00000002   PAD
    0x08003780   0x08003780   0x000000a8   Code   RO         4121    i.usmart_scan       usmart.o
    0x08003828   0x08003828   0x00000016   Code   RO         4266    i.usmart_search_nextc  usmart_str.o
    0x0800383e   0x0800383e   0x00000106   Code   RO         4267    i.usmart_str2num    usmart_str.o
    0x08003944   0x08003944   0x00000022   Code   RO         4268    i.usmart_strcmp     usmart_str.o
    0x08003966   0x08003966   0x00000016   Code   RO         4269    i.usmart_strcopy    usmart_str.o
    0x0800397c   0x0800397c   0x00000018   Code   RO         4270    i.usmart_strlen     usmart_str.o
    0x08003994   0x08003994   0x000006f4   Code   RO         4122    i.usmart_sys_cmd_exe  usmart.o
    0x08004088   0x08004088   0x00000044   Code   RO         4211    i.usmart_timx_get_time  usmart_port.o
    0x080040cc   0x080040cc   0x00000060   Code   RO         4212    i.usmart_timx_init  usmart_port.o
    0x0800412c   0x0800412c   0x00000034   Code   RO         4213    i.usmart_timx_reset_time  usmart_port.o
    0x08004160   0x08004160   0x00000004   Code   RO         4123    i.write_addr        usmart.o
    0x08004164   0x08004164   0x00000018   Data   RO          447    .constdata          system_stm32f1xx.o
    0x0800417c   0x0800417c   0x00000028   Data   RO         4402    .constdata          c_w.l(_printf_hex_int.o)
    0x080041a4   0x080041a4   0x00000011   Data   RO         4437    .constdata          c_w.l(__printf_flags_ss_wp.o)
    0x080041b5   0x080041b5   0x00000003   PAD
    0x080041b8   0x080041b8   0x00000028   Data   RO         4124    .conststring        usmart.o
    0x080041e0   0x080041e0   0x000000c8   Data   RO         4184    .conststring        usmart_config.o
    0x080042a8   0x080042a8   0x00000004   Data   RO         4357    .rodata             libSTM32Cryptographic_CM3.a(cmox_sm3.c.o)
    0x080042ac   0x080042ac   0x00000004   Data   RO         4358    .rodata             libSTM32Cryptographic_CM3.a(cmox_sm3.c.o)
    0x080042b0   0x080042b0   0x00000008   Data   RO         4375    .rodata             libSTM32Cryptographic_CM3.a(cmox_init.c.o)
    0x080042b8   0x080042b8   0x00000008   Data   RO         4374    .text               libSTM32Cryptographic_CM3.a(cmox_md.c.o)
    0x080042c0   0x080042c0   0x00000020   Data   RO         4637    Region$$Table       anon$$obj.o


    Execution Region RW_IRAM1 (Exec base: 0x20000000, Load base: 0x080042e0, Size: 0x00000a08, Max: 0x00010000, ABSOLUTE, COMPRESSED[0x00000058])

    Exec Addr    Load Addr    Size         Type   Attr      Idx    E Section Name        Object

    0x20000000   COMPRESSED   0x00000004   Data   RW          448    .data               system_stm32f1xx.o
    0x20000004   COMPRESSED   0x00000004   Data   RW          731    .data               delay.o
    0x20000008   COMPRESSED   0x00000007   Data   RW          853    .data               usart.o
    0x2000000f   COMPRESSED   0x00000001   PAD
    0x20000010   COMPRESSED   0x00000009   Data   RW          946    .data               stm32f1xx_hal.o
    0x20000019   COMPRESSED   0x00000003   PAD
    0x2000001c   COMPRESSED   0x0000001c   Data   RW         4125    .data               usmart.o
    0x20000038   COMPRESSED   0x0000011c   Data   RW         4185    .data               usmart_config.o
    0x20000154        -       0x000000a4   Zero   RW           15    .bss                main.o
    0x200001f8        -       0x00000108   Zero   RW          852    .bss                usart.o
    0x20000300        -       0x0000005c   Zero   RW         4072    .bss                can.o
    0x2000035c        -       0x00000048   Zero   RW         4214    .bss                usmart_port.o
    0x200003a4        -       0x00000001   Zero   RW         4376    .bss                libSTM32Cryptographic_CM3.a(cmox_init.c.o)
    0x200003a5   COMPRESSED   0x00000003   PAD
    0x200003a8        -       0x00000060   Zero   RW         4518    .bss                c_w.l(libspace.o)
    0x20000408        -       0x00000200   Zero   RW            2    HEAP                startup_stm32f103xe.o
    0x20000608        -       0x00000400   Zero   RW            1    STACK               startup_stm32f103xe.o


==============================================================================

Image component sizes


      Code (inc. data)   RO Data    RW Data    ZI Data      Debug   Object Name

       452         42          0          0         92       3687   can.o
       102         10          0          4          0       1851   delay.o
       144         12          0          0          0        911   led.o
       212         24          0          0        164     499808   main.o
        64         26        304          0       1536        936   startup_stm32f103xe.o
       154         32          0          9          0       6395   stm32f1xx_hal.o
      1546          0          0          0          0       6355   stm32f1xx_hal_can.o
       304         22          0          0          0      29467   stm32f1xx_hal_cortex.o
       424         10          0          0          0       1239   stm32f1xx_hal_dma.o
       864         40          0          0          0       3329   stm32f1xx_hal_gpio.o
      1784        110          0          0          0       6052   stm32f1xx_hal_rcc.o
       404         44          0          0          0       3136   stm32f1xx_hal_tim.o
      1162         10          0          0          0       7755   stm32f1xx_hal_uart.o
        32          0          0          0          0       3902   stm32f1xx_it.o
       102          0          0          0          0        715   sys.o
         2          0         24          4          0       1343   system_stm32f1xx.o
       440         56          0          7        264       5433   usart.o
      2898       1308         40         28          0       5782   usmart.o
         0          0        200        284          0       1572   usmart_config.o
       324         50          0          0         72       3338   usmart_port.o
      1400         20          0          0          0       9037   usmart_str.o

    ----------------------------------------------------------------------
     12834       1816        600        340       2128     602043   Object Totals
         0          0         32          0          0          0   (incl. Generated)
        20          0          0          4          0          0   (incl. Padding)

    ----------------------------------------------------------------------

      Code (inc. data)   RO Data    RW Data    ZI Data      Debug   Library Member Name

        90          0          0          0          0          0   __dczerorl2.o
         8          0          0          0          0         68   __main.o
       392          4         17          0          0         92   __printf_flags_ss_wp.o
        14          0          0          0          0         68   __printf_wp.o
         0          0          0          0          0          0   __rtentry.o
        12          0          0          0          0          0   __rtentry2.o
         6          0          0          0          0          0   __rtentry4.o
        52          8          0          0          0          0   __scatter.o
        28          0          0          0          0          0   __scatter_zi.o
         6          0          0          0          0          0   _printf_c.o
        44          0          0          0          0        108   _printf_char.o
        48          6          0          0          0         96   _printf_char_common.o
        36          4          0          0          0         80   _printf_char_file.o
         6          0          0          0          0          0   _printf_d.o
       120         16          0          0          0         92   _printf_dec.o
        88          4         40          0          0         88   _printf_hex_int.o
       178          0          0          0          0         88   _printf_intcommon.o
        78          0          0          0          0        108   _printf_pad.o
         0          0          0          0          0          0   _printf_percent.o
         4          0          0          0          0          0   _printf_percent_end.o
         6          0          0          0          0          0   _printf_s.o
        82          0          0          0          0         80   _printf_str.o
         6          0          0          0          0          0   _printf_u.o
         6          0          0          0          0          0   _printf_x.o
        18          0          0          0          0         80   exit.o
         8          0          0          0          0         68   ferror.o
         6          0          0          0          0        152   heapauxi.o
         2          0          0          0          0          0   libinit.o
         2          0          0          0          0          0   libinit2.o
         2          0          0          0          0          0   libshutdown.o
         2          0          0          0          0          0   libshutdown2.o
         8          4          0          0         96         68   libspace.o
        24          4          0          0          0         84   noretval__2printf.o
        68          0          0          0          0         68   rt_memclr.o
        78          0          0          0          0         80   rt_memclr_w.o
       138          0          0          0          0         68   rt_memcpy_v6.o
       100          0          0          0          0         80   rt_memcpy_w.o
         2          0          0          0          0          0   rtexit.o
        10          0          0          0          0          0   rtexit2.o
        74          0          0          0          0         80   sys_stackheap_outer.o
         2          0          0          0          0         68   use_no_semi.o
         2          0          0          0          0         68   use_no_semi_2.o
       144          4          0          0          0          0   cmox_hash.c.o
         0          0          8          0          1          0   cmox_init.c.o
       732         40          8          0          0          0   cmox_md.c.o
       862        112          8          0          0          0   cmox_sm3.c.o

    ----------------------------------------------------------------------
      3602        206         84          0        100       1932   Library Totals
         8          0          3          0          3          0   (incl. Padding)

    ----------------------------------------------------------------------

      Code (inc. data)   RO Data    RW Data    ZI Data      Debug   Library Name

      1856         50         57          0         96       1932   c_w.l
      1738        156         24          0          1          0   libSTM32Cryptographic_CM3.a

    ----------------------------------------------------------------------
      3602        206         84          0        100       1932   Library Totals

    ----------------------------------------------------------------------

==============================================================================


      Code (inc. data)   RO Data    RW Data    ZI Data      Debug   

     16436       2022        684        340       2228     598407   Grand Totals
     16436       2022        684         88       2228     598407   ELF Image Totals (compressed)
     16436       2022        684         88          0          0   ROM Totals

==============================================================================

    Total RO  Size (Code + RO Data)                17120 (  16.72kB)
    Total RW  Size (RW Data + ZI Data)              2568 (   2.51kB)
    Total ROM Size (Code + RO Data + RW Data)      17208 (  16.80kB)

==============================================================================

