Component: ARM Compiler 6.16 Tool: armlink [5dfeaa00]

==============================================================================

Section Cross References

    startup_stm32f407xx.o(STACK) refers (Special) to heapauxi.o(.text) for __use_two_region_memory
    startup_stm32f407xx.o(HEAP) refers (Special) to heapauxi.o(.text) for __use_two_region_memory
    startup_stm32f407xx.o(RESET) refers (Special) to heapauxi.o(.text) for __use_two_region_memory
    startup_stm32f407xx.o(RESET) refers to startup_stm32f407xx.o(STACK) for __initial_sp
    startup_stm32f407xx.o(RESET) refers to startup_stm32f407xx.o(.text) for Reset_Handler
    startup_stm32f407xx.o(RESET) refers to stm32f4xx_it.o(.text.NMI_Handler) for NMI_Handler
    startup_stm32f407xx.o(RESET) refers to stm32f4xx_it.o(.text.HardFault_Handler) for HardFault_Handler
    startup_stm32f407xx.o(RESET) refers to stm32f4xx_it.o(.text.MemManage_Handler) for MemManage_Handler
    startup_stm32f407xx.o(RESET) refers to stm32f4xx_it.o(.text.BusFault_Handler) for BusFault_Handler
    startup_stm32f407xx.o(RESET) refers to stm32f4xx_it.o(.text.UsageFault_Handler) for UsageFault_Handler
    startup_stm32f407xx.o(RESET) refers to stm32f4xx_it.o(.text.SVC_Handler) for SVC_Handler
    startup_stm32f407xx.o(RESET) refers to stm32f4xx_it.o(.text.DebugMon_Handler) for DebugMon_Handler
    startup_stm32f407xx.o(RESET) refers to stm32f4xx_it.o(.text.PendSV_Handler) for PendSV_Handler
    startup_stm32f407xx.o(RESET) refers to stm32f4xx_it.o(.text.SysTick_Handler) for SysTick_Handler
    startup_stm32f407xx.o(RESET) refers to can.o(.text.CAN1_RX0_IRQHandler) for CAN1_RX0_IRQHandler
    startup_stm32f407xx.o(RESET) refers to usart.o(.text.USART1_IRQHandler) for USART1_IRQHandler
    startup_stm32f407xx.o(RESET) refers to usart.o(.text.USART3_IRQHandler) for USART3_IRQHandler
    startup_stm32f407xx.o(.text) refers (Special) to heapauxi.o(.text) for __use_two_region_memory
    startup_stm32f407xx.o(.text) refers to system_stm32f4xx.o(.text.SystemInit) for SystemInit
    startup_stm32f407xx.o(.text) refers to __main.o(!!!main) for __main
    startup_stm32f407xx.o(.text) refers to startup_stm32f407xx.o(HEAP) for Heap_Mem
    startup_stm32f407xx.o(.text) refers to startup_stm32f407xx.o(STACK) for Stack_Mem
    main.o(.text.main) refers to strlen.o(.text) for strlen
    main.o(.text.main) refers to stm32f4xx_hal.o(.text.HAL_Init) for HAL_Init
    main.o(.text.main) refers to sys.o(.text.sys_stm32_clock_init) for sys_stm32_clock_init
    main.o(.text.main) refers to delay.o(.text.delay_init) for delay_init
    main.o(.text.main) refers to led.o(.text.led_init) for led_init
    main.o(.text.main) refers to delay.o(.text.delay_ms) for delay_ms
    main.o(.text.main) refers to usart.o(.text.usart_init) for usart_init
    main.o(.text.main) refers to usart.o(.text.usart3_init) for usart3_init
    main.o(.text.main) refers to key.o(.text.key_init) for key_init
    main.o(.text.main) refers to can.o(.text.can_init) for can_init
    main.o(.text.main) refers to esp8266.o(.text.esp8266_init) for esp8266_init
    main.o(.text.main) refers to main.o(.rodata.str1.1) for .L.str
    main.o(.text.main) refers to strcat.o(.text) for strcat
    main.o(.text.main) refers to esp8266.o(.bss.PGID) for PGID
    main.o(.text.main) refers to rt_memclr.o(.text) for __aeabi_memclr
    main.o(.text.main) refers to sha256.o(.text.Sha256_auth) for Sha256_auth
    main.o(.text.main) refers to strncpy.o(.text) for strncpy
    main.o(.text.main) refers to strtoull.o(.text) for strtoull
    main.o(.text.main) refers to snprintf.o(.text) for snprintf
    main.o(.text.main) refers to cjson.o(.text.cJSON_CreateObject) for cJSON_CreateObject
    main.o(.text.main) refers to cjson.o(.text.cJSON_AddStringToObject) for cJSON_AddStringToObject
    main.o(.text.main) refers to cjson.o(.text.cJSON_PrintUnformatted) for cJSON_PrintUnformatted
    main.o(.text.main) refers to esp8266.o(.bss.out) for out
    main.o(.text.main) refers to esp8266.o(.text.add_escape_characters) for add_escape_characters
    main.o(.text.main) refers to esp8266.o(.bss.escaped_out1) for escaped_out1
    main.o(.text.main) refers to printf.o(.text) for printf
    main.o(.text.main) refers to esp8266.o(.text.esp8266_send_msg) for esp8266_send_msg
    main.o(.text.main) refers to esp8266.o(.text.esp8266_receive_msg) for esp8266_receive_msg
    main.o(.ARM.exidx.text.main) refers to main.o(.text.main) for [Anonymous Symbol]
    stm32f4xx_it.o(.ARM.exidx.text.NMI_Handler) refers to stm32f4xx_it.o(.text.NMI_Handler) for [Anonymous Symbol]
    stm32f4xx_it.o(.ARM.exidx.text.HardFault_Handler) refers to stm32f4xx_it.o(.text.HardFault_Handler) for [Anonymous Symbol]
    stm32f4xx_it.o(.ARM.exidx.text.MemManage_Handler) refers to stm32f4xx_it.o(.text.MemManage_Handler) for [Anonymous Symbol]
    stm32f4xx_it.o(.ARM.exidx.text.BusFault_Handler) refers to stm32f4xx_it.o(.text.BusFault_Handler) for [Anonymous Symbol]
[...]
    _printf_int_dec                          0x08000989   Thumb Code   104  _printf_dec.o(.text)
    _printf_charcount                        0x08000a01   Thumb Code    40  _printf_charcount.o(.text)
    _printf_char_common                      0x08000a33   Thumb Code    32  _printf_char_common.o(.text)
    _sputc                                   0x08000a59   Thumb Code    10  _sputc.o(.text)
    _snputc                                  0x08000a63   Thumb Code    16  _snputc.o(.text)
    _printf_char_file                        0x08000a75   Thumb Code    32  _printf_char_file.o(.text)
    _printf_wctomb                           0x08000a99   Thumb Code   182  _printf_wctomb.o(.text)
    _printf_longlong_dec                     0x08000b55   Thumb Code   108  _printf_longlong_dec.o(.text)
    _printf_longlong_oct                     0x08000bd1   Thumb Code    68  _printf_oct_int_ll.o(.text)
    _printf_int_oct                          0x08000c15   Thumb Code    24  _printf_oct_int_ll.o(.text)
    _printf_ll_oct                           0x08000c2d   Thumb Code    12  _printf_oct_int_ll.o(.text)
    _printf_longlong_hex                     0x08000c41   Thumb Code    86  _printf_hex_int_ll_ptr.o(.text)
    _printf_int_hex                          0x08000c97   Thumb Code    28  _printf_hex_int_ll_ptr.o(.text)
    _printf_ll_hex                           0x08000cb3   Thumb Code    12  _printf_hex_int_ll_ptr.o(.text)
    _printf_hex_ptr                          0x08000cbf   Thumb Code    18  _printf_hex_int_ll_ptr.o(.text)
    __printf                                 0x08000cd5   Thumb Code   388  __printf_flags_ss_wp.o(.text)
    _scanf_longlong                          0x08000e5d   Thumb Code   342  _scanf_longlong.o(.text)
    _scanf_int                               0x08000fb3   Thumb Code   332  _scanf_int.o(.text)
    _scanf_string                            0x080010ff   Thumb Code   224  _scanf_str.o(.text)
    __vfscanf_char                           0x080011ed   Thumb Code    24  scanf_char.o(.text)
    _sgetc                                   0x0800120d   Thumb Code    30  _sgetc.o(.text)
    _sbackspace                              0x0800122b   Thumb Code    34  _sgetc.o(.text)
    __strtod_int                             0x08001291   Thumb Code    94  strtod.o(.text)
    __strtoull                               0x080012fd   Thumb Code   124  __strtoull.o(.text)
    _scanf_mbtowc                            0x08001379   Thumb Code   276  _scanf_mbtowc.o(.text)
    _scanf_wctomb                            0x0800148d   Thumb Code   232  _scanf_wctomb.o(.text)
    _scanf_wstring                           0x08001575   Thumb Code   208  _scanf_wstr.o(.text)
    __aeabi_memcpy4                          0x08001645   Thumb Code     0  rt_memcpy_w.o(.text)
    __aeabi_memcpy8                          0x08001645   Thumb Code     0  rt_memcpy_w.o(.text)
    __rt_memcpy_w                            0x08001645   Thumb Code   100  rt_memcpy_w.o(.text)
    _memcpy_lastbytes_aligned                0x0800168d   Thumb Code     0  rt_memcpy_w.o(.text)
    __user_libspace                          0x080016a9   Thumb Code     8  libspace.o(.text)
    __user_perproc_libspace                  0x080016a9   Thumb Code     0  libspace.o(.text)
    __user_perthread_libspace                0x080016a9   Thumb Code     0  libspace.o(.text)
    __rt_locale                              0x080016b1   Thumb Code     8  rt_locale_intlibspace.o(.text)
    __aeabi_errno_addr                       0x080016b9   Thumb Code     8  rt_errno_addr_intlibspace.o(.text)
    __errno$intlibspace                      0x080016b9   Thumb Code     0  rt_errno_addr_intlibspace.o(.text)
    __rt_errno_addr$intlibspace              0x080016b9   Thumb Code     0  rt_errno_addr_intlibspace.o(.text)
    _ll_udiv10                               0x080016c1   Thumb Code   138  lludiv10.o(.text)
    isspace                                  0x0800174b   Thumb Code    18  isspace.o(.text)
    _printf_int_common                       0x0800175d   Thumb Code   178  _printf_intcommon.o(.text)
    _printf_fp_dec_real                      0x080019bf   Thumb Code   620  _printf_fp_dec.o(.text)
    _printf_fp_hex_real                      0x08001c2d   Thumb Code   756  _printf_fp_hex.o(.text)
    _printf_cs_common                        0x08001f29   Thumb Code    20  _printf_char.o(.text)
    _printf_char                             0x08001f3d   Thumb Code    16  _printf_char.o(.text)
    _printf_string                           0x08001f4d   Thumb Code     8  _printf_char.o(.text)
    _printf_lcs_common                       0x08001f55   Thumb Code    20  _printf_wchar.o(.text)
    _printf_wchar                            0x08001f69   Thumb Code    16  _printf_wchar.o(.text)
    _printf_wstring                          0x08001f79   Thumb Code     8  _printf_wchar.o(.text)
    _chval                                   0x08001f81   Thumb Code    28  _chval.o(.text)
    __vfscanf                                0x08001f9d   Thumb Code   878  _scanf.o(.text)
    _scanf_really_real                       0x0800255d   Thumb Code   684  scanf_fp.o(.text)
    _strtoull                                0x08002809   Thumb Code   194  _strtoull.o(.text)
    _scanf_wcharmap                          0x080028cb   Thumb Code    30  _scanf_wcharmap.o(.text)
    ferror                                   0x080028e9   Thumb Code     8  ferror.o(.text)
    _mbrtoc16                                0x080028f1   Thumb Code    64  _mbrtoc16.o(.text)
    _mbrtowc                                 0x080028f1   Thumb Code     0  _mbrtoc16.o(.text)
    _c16rtomb                                0x08002931   Thumb Code    72  _c16rtomb.o(.text)
    _wcrtomb                                 0x08002931   Thumb Code     0  _c16rtomb.o(.text)
    __user_setup_stackheap                   0x08002979   Thumb Code    74  sys_stackheap_outer.o(.text)
    __aeabi_llsl                             0x080029c3   Thumb Code     0  llshl.o(.text)
    _ll_shift_l                              0x080029c3   Thumb Code    38  llshl.o(.text)
    _printf_fp_infnan                        0x080029e9   Thumb Code   112  _printf_fp_infnan.o(.text)
    _btod_etento                             0x08002a69   Thumb Code   224  bigflt0.o(.text)
    exit                                     0x08002b4d   Thumb Code    18  exit.o(.text)
    __read_errno                             0x08002b5f   Thumb Code    10  _rserrno.o(.text)
    __set_errno                              0x08002b69   Thumb Code    12  _rserrno.o(.text)
    _scanf_really_hex_real                   0x08002b75   Thumb Code   786  scanf_hexfp.o(.text)
    _scanf_really_infnan                     0x08002e95   Thumb Code   292  scanf_infnan.o(.text)
    BusFault_Handler                         0x08002fc9   Thumb Code     4  stm32f4xx_it.o(.text.BusFault_Handler)
    ByteToString                             0x08002fcd   Thumb Code    74  byte2string.o(.text.ByteToString)
    CAN1_RX0_IRQHandler                      0x08003019   Thumb Code   518  can.o(.text.CAN1_RX0_IRQHandler)
    CheckMessage_es2cs_auth                  0x08003221   Thumb Code   610  messagecheck.o(.text.CheckMessage_es2cs_auth)
    DebugMon_Handler                         0x08003485   Thumb Code     2  stm32f4xx_it.o(.text.DebugMon_Handler)
    HAL_CAN_ConfigFilter                     0x08003489   Thumb Code   420  stm32f4xx_hal_can.o(.text.HAL_CAN_ConfigFilter)
    HAL_CAN_GetRxFifoFillLevel               0x0800362d   Thumb Code    82  stm32f4xx_hal_can.o(.text.HAL_CAN_GetRxFifoFillLevel)
    HAL_CAN_GetRxMessage                     0x08003681   Thumb Code   496  stm32f4xx_hal_can.o(.text.HAL_CAN_GetRxMessage)
    HAL_CAN_Init                             0x08003871   Thumb Code   478  stm32f4xx_hal_can.o(.text.HAL_CAN_Init)
    HAL_CAN_MspInit                          0x08003a51   Thumb Code   190  can.o(.text.HAL_CAN_MspInit)
    HAL_CAN_Start                            0x08003b11   Thumb Code   138  stm32f4xx_hal_can.o(.text.HAL_CAN_Start)
    HAL_DMA_Abort                            0x08003b9d   Thumb Code   234  stm32f4xx_hal_dma.o(.text.HAL_DMA_Abort)
    HAL_DMA_Abort_IT                         0x08003c89   Thumb Code    68  stm32f4xx_hal_dma.o(.text.HAL_DMA_Abort_IT)
    HAL_GPIO_Init                            0x08003ccd   Thumb Code   950  stm32f4xx_hal_gpio.o(.text.HAL_GPIO_Init)
    HAL_GPIO_WritePin                        0x08004085   Thumb Code    46  stm32f4xx_hal_gpio.o(.text.HAL_GPIO_WritePin)
    HAL_GetREVID                             0x080040b5   Thumb Code    14  stm32f4xx_hal.o(.text.HAL_GetREVID)
    HAL_GetTick                              0x080040c5   Thumb Code    12  stm32f4xx_hal.o(.text.HAL_GetTick)
    HAL_IncTick                              0x080040d1   Thumb Code    26  stm32f4xx_hal.o(.text.HAL_IncTick)
    HAL_Init                                 0x080040ed   Thumb Code    46  stm32f4xx_hal.o(.text.HAL_Init)
    HAL_InitTick                             0x0800411d   Thumb Code   112  stm32f4xx_hal.o(.text.HAL_InitTick)
    HAL_MspInit                              0x0800418d   Thumb Code     2  stm32f4xx_hal.o(.text.HAL_MspInit)
    HAL_NVIC_EnableIRQ                       0x08004191   Thumb Code    20  stm32f4xx_hal_cortex.o(.text.HAL_NVIC_EnableIRQ)
    HAL_NVIC_SetPriority                     0x080041a5   Thumb Code    50  stm32f4xx_hal_cortex.o(.text.HAL_NVIC_SetPriority)
    HAL_NVIC_SetPriorityGrouping             0x080041d9   Thumb Code    16  stm32f4xx_hal_cortex.o(.text.HAL_NVIC_SetPriorityGrouping)
    HAL_RCC_ClockConfig                      0x080041e9   Thumb Code   610  stm32f4xx_hal_rcc.o(.text.HAL_RCC_ClockConfig)
    HAL_RCC_GetHCLKFreq                      0x0800444d   Thumb Code    12  stm32f4xx_hal_rcc.o(.text.HAL_RCC_GetHCLKFreq)
    HAL_RCC_GetPCLK1Freq                     0x08004459   Thumb Code    34  stm32f4xx_hal_rcc.o(.text.HAL_RCC_GetPCLK1Freq)
    HAL_RCC_GetPCLK2Freq                     0x0800447d   Thumb Code    34  stm32f4xx_hal_rcc.o(.text.HAL_RCC_GetPCLK2Freq)
    HAL_RCC_GetSysClockFreq                  0x080044a1   Thumb Code   230  stm32f4xx_hal_rcc.o(.text.HAL_RCC_GetSysClockFreq)
    HAL_RCC_OscConfig                        0x08004589   Thumb Code  1726  stm32f4xx_hal_rcc.o(.text.HAL_RCC_OscConfig)
    HAL_SYSTICK_Config                       0x08004c49   Thumb Code    16  stm32f4xx_hal_cortex.o(.text.HAL_SYSTICK_Config)
    HAL_UARTEx_RxEventCallback               0x08004c59   Thumb Code    12  stm32f4xx_hal_uart.o(.text.HAL_UARTEx_RxEventCallback)
    HAL_UART_ErrorCallback                   0x08004c65   Thumb Code     8  stm32f4xx_hal_uart.o(.text.HAL_UART_ErrorCallback)
    HAL_UART_IRQHandler                      0x08004c6d   Thumb Code   840  stm32f4xx_hal_uart.o(.text.HAL_UART_IRQHandler)
    HAL_UART_Init                            0x08004fb5   Thumb Code   154  stm32f4xx_hal_uart.o(.text.HAL_UART_Init)
    HAL_UART_MspInit                         0x08005051   Thumb Code   390  usart.o(.text.HAL_UART_MspInit)
    HAL_UART_Receive_IT                      0x080051d9   Thumb Code   120  stm32f4xx_hal_uart.o(.text.HAL_UART_Receive_IT)
    HAL_UART_RxCpltCallback                  0x08005251   Thumb Code   538  usart.o(.text.HAL_UART_RxCpltCallback)
    HAL_UART_Transmit                        0x0800546d   Thumb Code   334  stm32f4xx_hal_uart.o(.text.HAL_UART_Transmit)
    HAL_UART_TxCpltCallback                  0x080055bd   Thumb Code     8  stm32f4xx_hal_uart.o(.text.HAL_UART_TxCpltCallback)
    HardFault_Handler                        0x080055c5   Thumb Code     4  stm32f4xx_it.o(.text.HardFault_Handler)
    MemManage_Handler                        0x080055c9   Thumb Code     4  stm32f4xx_it.o(.text.MemManage_Handler)
    NMI_Handler                              0x080055cd   Thumb Code     2  stm32f4xx_it.o(.text.NMI_Handler)
    PendSV_Handler                           0x0800563d   Thumb Code     2  stm32f4xx_it.o(.text.PendSV_Handler)
    SVC_Handler                              0x08005641   Thumb Code     2  stm32f4xx_it.o(.text.SVC_Handler)
    Sha256_auth                              0x08005645   Thumb Code    70  sha256.o(.text.Sha256_auth)
    SysTick_Handler                          0x080056e1   Thumb Code     8  stm32f4xx_it.o(.text.SysTick_Handler)
    SystemInit                               0x080056e9   Thumb Code    18  system_stm32f4xx.o(.text.SystemInit)
    UART_Start_Receive_IT                    0x080059e5   Thumb Code   100  stm32f4xx_hal_uart.o(.text.UART_Start_Receive_IT)
    USART1_IRQHandler                        0x08005b79   Thumb Code    16  usart.o(.text.USART1_IRQHandler)
    USART3_IRQHandler                        0x08005b89   Thumb Code    16  usart.o(.text.USART3_IRQHandler)
    UsageFault_Handler                       0x08005b99   Thumb Code     4  stm32f4xx_it.o(.text.UsageFault_Handler)
    _sys_exit                                0x08005cf5   Thumb Code     8  usart.o(.text._sys_exit)
    add_escape_characters                    0x08005cfd   Thumb Code   152  esp8266.o(.text.add_escape_characters)
    cJSON_AddStringToObject                  0x08005f4d   Thumb Code    72  cjson.o(.text.cJSON_AddStringToObject)
    cJSON_CreateObject                       0x08005f95   Thumb Code    38  cjson.o(.text.cJSON_CreateObject)
    cJSON_CreateString                       0x08005fbd   Thumb Code    84  cjson.o(.text.cJSON_CreateString)
    cJSON_Delete                             0x08006011   Thumb Code   152  cjson.o(.text.cJSON_Delete)
    cJSON_GetArraySize                       0x080060a9   Thumb Code    62  cjson.o(.text.cJSON_GetArraySize)
    cJSON_GetErrorPtr                        0x080060e9   Thumb Code    16  cjson.o(.text.cJSON_GetErrorPtr)
    cJSON_GetObjectItem                      0x080060f9   Thumb Code    22  cjson.o(.text.cJSON_GetObjectItem)
    cJSON_IsObject                           0x08006111   Thumb Code    38  cjson.o(.text.cJSON_IsObject)
    cJSON_Parse                              0x08006161   Thumb Code    20  cjson.o(.text.cJSON_Parse)
    cJSON_ParseWithLengthOpts                0x08006175   Thumb Code   348  cjson.o(.text.cJSON_ParseWithLengthOpts)
    cJSON_ParseWithOpts                      0x080062d1   Thumb Code    54  cjson.o(.text.cJSON_ParseWithOpts)
    cJSON_PrintUnformatted                   0x08006309   Thumb Code    26  cjson.o(.text.cJSON_PrintUnformatted)
    can_init                                 0x08006375   Thumb Code   220  can.o(.text.can_init)
    can_receive_msg                          0x08006451   Thumb Code   148  can.o(.text.can_receive_msg)
    check_json_keys                          0x08006579   Thumb Code   176  messagecheck.o(.text.check_json_keys)
    delay_init                               0x08006711   Thumb Code    24  delay.o(.text.delay_init)
    delay_ms                                 0x08006729   Thumb Code    26  delay.o(.text.delay_ms)
    delay_us                                 0x08006745   Thumb Code   138  delay.o(.text.delay_us)
    esp8266_config_network                   0x08006909   Thumb Code   144  esp8266.o(.text.esp8266_config_network)
    esp8266_connect_server                   0x08006999   Thumb Code   176  esp8266.o(.text.esp8266_connect_server)
    esp8266_init                             0x08006a49   Thumb Code   426  esp8266.o(.text.esp8266_init)
    esp8266_receive_msg                      0x08006bf5   Thumb Code  1322  esp8266.o(.text.esp8266_receive_msg)
    esp8266_send_cmd                         0x08007121   Thumb Code   104  esp8266.o(.text.esp8266_send_cmd)
    esp8266_send_msg                         0x08007189   Thumb Code   176  esp8266.o(.text.esp8266_send_msg)
    fputc                                    0x08007239   Thumb Code    48  usart.o(.text.fputc)
    key_init                                 0x08007329   Thumb Code   290  key.o(.text.key_init)
    led_init                                 0x0800744d   Thumb Code   176  led.o(.text.led_init)
    main                                     0x080074fd   Thumb Code   628  main.o(.text.main)
    mem_free                                 0x08007771   Thumb Code   148  malloc.o(.text.mem_free)
    mem_init                                 0x08007805   Thumb Code    52  malloc.o(.text.mem_init)
    mem_malloc                               0x08007839   Thumb Code   240  malloc.o(.text.mem_malloc)
    mem_perused                              0x08007929   Thumb Code    74  malloc.o(.text.mem_perused)
    myfree                                   0x08007975   Thumb Code    42  malloc.o(.text.myfree)
    mymalloc                                 0x080079a1   Thumb Code    52  malloc.o(.text.mymalloc)
    mymemcpy                                 0x080079d5   Thumb Code    50  malloc.o(.text.mymemcpy)
    mymemset                                 0x08007a09   Thumb Code    44  malloc.o(.text.mymemset)
    myrealloc                                0x08007a35   Thumb Code    78  malloc.o(.text.myrealloc)
    print_errorinfo                          0x08008695   Thumb Code   146  messagecheck.o(.text.print_errorinfo)
    sha256_final                             0x08008edd   Thumb Code   398  sha256.o(.text.sha256_final)
    sha256_init                              0x0800906d   Thumb Code   116  sha256.o(.text.sha256_init)
    sha256_transform                         0x080090e1   Thumb Code   426  sha256.o(.text.sha256_transform)
    sha256_update                            0x0800928d   Thumb Code   104  sha256.o(.text.sha256_update)
    sys_stm32_clock_init                     0x08009375   Thumb Code   270  sys.o(.text.sys_stm32_clock_init)
    uart3_receiver_clear                     0x08009485   Thumb Code    50  esp8266.o(.text.uart3_receiver_clear)
    usart3_init                              0x080094f5   Thumb Code    82  usart.o(.text.usart3_init)
    usart_init                               0x08009549   Thumb Code    70  usart.o(.text.usart_init)
    _btod_d2e                                0x0800975b   Thumb Code    62  btod.o(CL$$btod_d2e)
    _d2e_denorm_low                          0x08009799   Thumb Code    70  btod.o(CL$$btod_d2e_denorm_low)
    _d2e_norm_op1                            0x080097df   Thumb Code    96  btod.o(CL$$btod_d2e_norm_op1)
    __btod_div_common                        0x08009841   Thumb Code   696  btod.o(CL$$btod_div_common)
    _e2d                                     0x08009b79   Thumb Code   122  btod.o(CL$$btod_e2d)
    _e2e                                     0x08009bfd   Thumb Code   220  btod.o(CL$$btod_e2e)
    _btod_ediv                               0x08009cd9   Thumb Code    42  btod.o(CL$$btod_ediv)
    _btod_edivd                              0x08009d03   Thumb Code    42  btod.o(CL$$btod_edivd)
    _btod_emul                               0x08009d2d   Thumb Code    42  btod.o(CL$$btod_emul)
    _btod_emuld                              0x08009d57   Thumb Code    42  btod.o(CL$$btod_emuld)
    __btod_mult_common                       0x08009d81   Thumb Code   580  btod.o(CL$$btod_mult_common)
    __ARM_fpclassify                         0x08009fc5   Thumb Code    48  fpclassify.o(i.__ARM_fpclassify)
    __hardfp___mathlib_tofloat               0x08009ff9   Thumb Code   232  narrow.o(i.__hardfp___mathlib_tofloat)
    __hardfp_ldexp                           0x0800a0f1   Thumb Code   200  ldexp.o(i.__hardfp_ldexp)
    __hardfp_strtod                          0x0800a1c1   Thumb Code    32  strtod.o(i.__hardfp_strtod)
    __mathlib_dbl_overflow                   0x0800a1e9   Thumb Code    24  dunder.o(i.__mathlib_dbl_overflow)
    __mathlib_dbl_underflow                  0x0800a209   Thumb Code    24  dunder.o(i.__mathlib_dbl_underflow)
    __mathlib_narrow                         0x0800a229   Thumb Code    18  narrow.o(i.__mathlib_narrow)
    __support_ldexp                          0x0800a23b   Thumb Code    20  ldexp.o(i.__support_ldexp)
    _is_digit                                0x0800a24f   Thumb Code    14  __printf_wp.o(i._is_digit)
    frexp                                    0x0800a261   Thumb Code   118  frexp.o(i.frexp)
    _get_lc_ctype                            0x0800a2ed   Thumb Code    44  lc_ctype_c.o(locale$$code)
    _get_lc_numeric                          0x0800a319   Thumb Code    44  lc_numeric_c.o(locale$$code)
    __aeabi_d2f                              0x0800a345   Thumb Code     0  d2f.o(x$fpl$d2f)
    _d2f                                     0x0800a345   Thumb Code    98  d2f.o(x$fpl$d2f)
    __aeabi_dadd                             0x0800a3a9   Thumb Code     0  daddsub_clz.o(x$fpl$dadd)
    _dadd                                    0x0800a3a9   Thumb Code   332  daddsub_clz.o(x$fpl$dadd)
    __fpl_dcheck_NaN1                        0x0800a4f9   Thumb Code    10  dcheck1.o(x$fpl$dcheck1)
    __fpl_dcmp_Inf                           0x0800a509   Thumb Code    24  dcmpi.o(x$fpl$dcmpinf)
    __aeabi_cdcmpeq                          0x0800a521   Thumb Code     0  deqf.o(x$fpl$deqf)
    _dcmpeq                                  0x0800a521   Thumb Code   120  deqf.o(x$fpl$deqf)
    __aeabi_d2iz                             0x0800a599   Thumb Code     0  dfix.o(x$fpl$dfix)
    _dfix                                    0x0800a599   Thumb Code    94  dfix.o(x$fpl$dfix)
    __aeabi_i2d                              0x0800a5f7   Thumb Code     0  dflt_clz.o(x$fpl$dflt)
    _dflt                                    0x0800a5f7   Thumb Code    46  dflt_clz.o(x$fpl$dflt)
    __aeabi_cdcmpge                          0x0800a625   Thumb Code     0  dgeqf.o(x$fpl$dgeqf)
    _dcmpge                                  0x0800a625   Thumb Code   120  dgeqf.o(x$fpl$dgeqf)
    __aeabi_cdcmple                          0x0800a69d   Thumb Code     0  dleqf.o(x$fpl$dleqf)
    _dcmple                                  0x0800a69d   Thumb Code   120  dleqf.o(x$fpl$dleqf)
    __fpl_dcmple_InfNaN                      0x0800a6ff   Thumb Code     0  dleqf.o(x$fpl$dleqf)
    __aeabi_dmul                             0x0800a715   Thumb Code     0  dmul.o(x$fpl$dmul)
    _dmul                                    0x0800a715   Thumb Code   332  dmul.o(x$fpl$dmul)
    __fpl_dnaninf                            0x0800a869   Thumb Code   156  dnaninf.o(x$fpl$dnaninf)
    __fpl_dretinf                            0x0800a905   Thumb Code    12  dretinf.o(x$fpl$dretinf)
    __aeabi_cdrcmple                         0x0800a911   Thumb Code     0  drleqf.o(x$fpl$drleqf)
    _drcmple                                 0x0800a911   Thumb Code   108  drleqf.o(x$fpl$drleqf)
    __aeabi_dsub                             0x0800a97d   Thumb Code     0  daddsub_clz.o(x$fpl$dsub)
    _dsub                                    0x0800a97d   Thumb Code   472  daddsub_clz.o(x$fpl$dsub)
    __aeabi_dcmpeq                           0x0800ab59   Thumb Code     0  dcmp.o(x$fpl$fcmp)
    _deq                                     0x0800ab59   Thumb Code    14  dcmp.o(x$fpl$fcmp)
    _dneq                                    0x0800ab67   Thumb Code    14  dcmp.o(x$fpl$fcmp)
    __aeabi_dcmpgt                           0x0800ab75   Thumb Code     0  dcmp.o(x$fpl$fcmp)
    _dgr                                     0x0800ab75   Thumb Code    14  dcmp.o(x$fpl$fcmp)
    __aeabi_dcmpge                           0x0800ab83   Thumb Code     0  dcmp.o(x$fpl$fcmp)
    _dgeq                                    0x0800ab83   Thumb Code    14  dcmp.o(x$fpl$fcmp)
    __aeabi_dcmple                           0x0800ab91   Thumb Code     0  dcmp.o(x$fpl$fcmp)
    _dleq                                    0x0800ab91   Thumb Code    14  dcmp.o(x$fpl$fcmp)
    __aeabi_dcmplt                           0x0800ab9f   Thumb Code     0  dcmp.o(x$fpl$fcmp)
    _dls                                     0x0800ab9f   Thumb Code    14  dcmp.o(x$fpl$fcmp)
    _fp_init                                 0x0800abad   Thumb Code    26  fpinit.o(x$fpl$fpinit)
    __fplib_config_fpu_vfp                   0x0800abc5   Thumb Code     0  fpinit.o(x$fpl$fpinit)
    __fplib_config_pureend_doubles           0x0800abc5   Thumb Code     0  fpinit.o(x$fpl$fpinit)
    __fpl_fretinf                            0x0800abc7   Thumb Code    10  fretinf.o(x$fpl$fretinf)
    __ieee_status                            0x0800abd1   Thumb Code     6  istatus.o(x$fpl$ieeestatus)
    _printf_fp_dec                           0x0800abd7   Thumb Code     4  printf1.o(x$fpl$printf1)
    _printf_fp_hex                           0x0800abdb   Thumb Code     4  printf2.o(x$fpl$printf2)
    __fpl_return_NaN                         0x0800abdf   Thumb Code   100  retnan.o(x$fpl$retnan)
    __ARM_scalbn                             0x0800ac43   Thumb Code    92  scalbn.o(x$fpl$scalbn)
    _scanf_real                              0x0800ac9f   Thumb Code     4  scanf1.o(x$fpl$scanf1)
    _scanf_hex_real                          0x0800aca3   Thumb Code     4  scanf2.o(x$fpl$scanf2)
    _scanf_infnan                            0x0800aca7   Thumb Code     4  scanf2.o(x$fpl$scanf2)
    __fpl_cmpreturn                          0x0800acab   Thumb Code    48  trapv.o(x$fpl$trapveneer)
    __I$use$fp                               0x0800acda   Number         0  usenofp.o(x$fpl$usenofp)
    AHBPrescTable                            0x0800adf0   Data          16  system_stm32f4xx.o(.rodata.AHBPrescTable)
    APBPrescTable                            0x0800ae00   Data           8  system_stm32f4xx.o(.rodata.APBPrescTable)
    Region$$Table$$Base                      0x0800b338   Number         0  anon$$obj.o(Region$$Table)
    Region$$Table$$Limit                     0x0800b358   Number         0  anon$$obj.o(Region$$Table)
    __aeabi_HUGE_VAL                         0x0800b358   Data           0  fpconst.o(c$$dinf)
    __aeabi_HUGE_VALL                        0x0800b358   Data           0  fpconst.o(c$$dinf)
    __aeabi_INFINITY                         0x0800b358   Data           0  fpconst.o(c$$dinf)
    __dInf                                   0x0800b358   Data           0  fpconst.o(c$$dinf)
    __huge_val                               0x0800b358   Data           0  fpconst.o(c$$dinf)
    __dbl_max                                0x0800b360   Data           0  fpconst.o(c$$dmax)
    __ctype                                  0x0800b375   Data           0  lc_ctype_c.o(locale$$data)
    __ARM_use_no_argv                        0x20000000   Data           4  main.o(.ARM.use_no_argv)
    SystemCoreClock                          0x20000008   Data           4  system_stm32f4xx.o(.data.SystemCoreClock)
    mallco_dev                               0x20000018   Data          20  malloc.o(.data.mallco_dev)
    uwTickFreq                               0x2000002c   Data           1  stm32f4xx_hal.o(.data.uwTickFreq)
    uwTickPrio                               0x20000030   Data           4  stm32f4xx_hal.o(.data.uwTickPrio)
    __libspace_start                         0x20000038   Data          96  libspace.o(.bss)
    IRQflag                                  0x20000098   Data           1  can.o(.bss.IRQflag)
    __temporary_stack_top$libspace           0x20000098   Data           0  libspace.o(.bss)
    PGID                                     0x20000099   Data          65  esp8266.o(.bss.PGID)
    QCG                                      0x200000dc   Data           4  esp8266.o(.bss.QCG)
    QGC                                      0x200000e0   Data           4  esp8266.o(.bss.QGC)
    __stdout                                 0x200000e4   Data          84  usart.o(.bss.__stdout)
    buffer_index                             0x20000138   Data           2  can.o(.bss.buffer_index)
    data_buffer                              0x2000013a   Data         256  can.o(.bss.data_buffer)
    escaped_out1                             0x2000023c   Data           4  esp8266.o(.bss.escaped_out1)
    esp_rxflag                               0x20000240   Data           4  esp8266.o(.bss.esp_rxflag)
    g_canx_handler                           0x20000244   Data          40  can.o(.bss.g_canx_handler)
    g_canx_rxheader                          0x2000026c   Data          28  can.o(.bss.g_canx_rxheader)
    g_rx_buffer                              0x2000028c   Data           1  usart.o(.bss.g_rx_buffer)
    g_uart1_handle                           0x20000290   Data          68  usart.o(.bss.g_uart1_handle)
    g_uart3_handle                           0x200002d4   Data          68  usart.o(.bss.g_uart3_handle)
    g_usart_rx_buf                           0x20000318   Data         512  usart.o(.bss.g_usart_rx_buf)
    g_usart_rx_sta                           0x20000518   Data           2  usart.o(.bss.g_usart_rx_sta)
    membase                                  0x20000524   Data       16384  malloc.o(.bss.membase)
    memmapbase                               0x20004524   Data        1024  malloc.o(.bss.memmapbase)
    msg1_body                                0x20004924   Data         512  esp8266.o(.bss.msg1_body)
    out                                      0x20004b24   Data           4  esp8266.o(.bss.out)
    out_jsonStr                              0x20004b28   Data           4  esp8266.o(.bss.out_jsonStr)
    receive_buf                              0x20004b2c   Data         512  usart.o(.bss.receive_buf)
    receive_count                            0x20004d2c   Data           2  usart.o(.bss.receive_count)
    receive_finish                           0x20004d2e   Data           2  usart.o(.bss.receive_finish)
    uwTick                                   0x20004d30   Data           4  stm32f4xx_hal.o(.bss.uwTick)



==============================================================================

Memory Map of the image

  Image Entry point : 0x08000189

  Load Region LR_IROM1 (Base: 0x08000000, Size: 0x0000b4d0, Max: 0x00100000, ABSOLUTE)

    Execution Region ER_IROM1 (Exec base: 0x08000000, Load base: 0x08000000, Size: 0x0000b494, Max: 0x00100000, ABSOLUTE)

    Exec Addr    Load Addr    Size         Type   Attr      Idx    E Section Name        Object

    0x08000000   0x08000000   0x00000188   Data   RO            3    RESET               startup_stm32f407xx.o
    0x08000188   0x08000188   0x00000008   Code   RO         1317  * !!!main             c_w.l(__main.o)
    0x08000190   0x08000190   0x00000034   Code   RO         1865    !!!scatter          c_w.l(__scatter.o)
    0x080001c4   0x080001c4   0x0000001a   Code   RO         1867    !!handler_copy      c_w.l(__scatter_copy.o)
    0x080001de   0x080001de   0x00000002   PAD
    0x080001e0   0x080001e0   0x0000001c   Code   RO         1869    !!handler_zi        c_w.l(__scatter_zi.o)
    0x080001fc   0x080001fc   0x00000000   Code   RO         1470    .ARM.Collect$$_printf_percent$$00000000  c_w.l(_printf_percent.o)
    0x080001fc   0x080001fc   0x00000006   Code   RO         1459    .ARM.Collect$$_printf_percent$$00000001  c_w.l(_printf_n.o)
    0x08000202   0x08000202   0x00000006   Code   RO         1461    .ARM.Collect$$_printf_percent$$00000002  c_w.l(_printf_p.o)
    0x08000208   0x08000208   0x00000006   Code   RO         1466    .ARM.Collect$$_printf_percent$$00000003  c_w.l(_printf_f.o)
    0x0800020e   0x0800020e   0x00000006   Code   RO         1467    .ARM.Collect$$_printf_percent$$00000004  c_w.l(_printf_e.o)
    0x08000214   0x08000214   0x00000006   Code   RO         1468    .ARM.Collect$$_printf_percent$$00000005  c_w.l(_printf_g.o)
    0x0800021a   0x0800021a   0x00000006   Code   RO         1469    .ARM.Collect$$_printf_percent$$00000006  c_w.l(_printf_a.o)
    0x08000220   0x08000220   0x0000000a   Code   RO         1474    .ARM.Collect$$_printf_percent$$00000007  c_w.l(_printf_ll.o)
    0x0800022a   0x0800022a   0x00000006   Code   RO         1463    .ARM.Collect$$_printf_percent$$00000008  c_w.l(_printf_i.o)
    0x08000230   0x08000230   0x00000006   Code   RO         1464    .ARM.Collect$$_printf_percent$$00000009  c_w.l(_printf_d.o)
    0x08000236   0x08000236   0x00000006   Code   RO         1465    .ARM.Collect$$_printf_percent$$0000000A  c_w.l(_printf_u.o)
    0x0800023c   0x0800023c   0x00000006   Code   RO         1462    .ARM.Collect$$_printf_percent$$0000000B  c_w.l(_printf_o.o)
    0x08000242   0x08000242   0x00000006   Code   RO         1460    .ARM.Collect$$_printf_percent$$0000000C  c_w.l(_printf_x.o)
    0x08000248   0x08000248   0x00000006   Code   RO         1471    .ARM.Collect$$_printf_percent$$0000000D  c_w.l(_printf_lli.o)
    0x0800024e   0x0800024e   0x00000006   Code   RO         1472    .ARM.Collect$$_printf_percent$$0000000E  c_w.l(_printf_lld.o)
    0x08000254   0x08000254   0x00000006   Code   RO         1473    .ARM.Collect$$_printf_percent$$0000000F  c_w.l(_printf_llu.o)
    0x0800025a   0x0800025a   0x00000006   Code   RO         1478    .ARM.Collect$$_printf_percent$$00000010  c_w.l(_printf_llo.o)
    0x08000260   0x08000260   0x00000006   Code   RO         1479    .ARM.Collect$$_printf_percent$$00000011  c_w.l(_printf_llx.o)
    0x08000266   0x08000266   0x0000000a   Code   RO         1475    .ARM.Collect$$_printf_percent$$00000012  c_w.l(_printf_l.o)
    0x08000270   0x08000270   0x00000006   Code   RO         1457    .ARM.Collect$$_printf_percent$$00000013  c_w.l(_printf_c.o)
    0x08000276   0x08000276   0x00000006   Code   RO         1458    .ARM.Collect$$_printf_percent$$00000014  c_w.l(_printf_s.o)
    0x0800027c   0x0800027c   0x00000006   Code   RO         1476    .ARM.Collect$$_printf_percent$$00000015  c_w.l(_printf_lc.o)
    0x08000282   0x08000282   0x00000006   Code   RO         1477    .ARM.Collect$$_printf_percent$$00000016  c_w.l(_printf_ls.o)
    0x08000288   0x08000288   0x00000004   Code   RO         1586    .ARM.Collect$$_printf_percent$$00000017  c_w.l(_printf_percent_end.o)
    0x0800028c   0x0800028c   0x00000002   Code   RO         1728    .ARM.Collect$$libinit$$00000000  c_w.l(libinit.o)
    0x0800028e   0x0800028e   0x00000004   Code   RO         1622    .ARM.Collect$$libinit$$00000001  c_w.l(libinit2.o)
    0x08000292   0x08000292   0x00000000   Code   RO         1625    .ARM.Collect$$libinit$$00000004  c_w.l(libinit2.o)
    0x08000292   0x08000292   0x00000000   Code   RO         1628    .ARM.Collect$$libinit$$0000000A  c_w.l(libinit2.o)
    0x08000292   0x08000292   0x00000000   Code   RO         1630    .ARM.Collect$$libinit$$0000000C  c_w.l(libinit2.o)
    0x08000292   0x08000292   0x00000000   Code   RO         1632    .ARM.Collect$$libinit$$0000000E  c_w.l(libinit2.o)
    0x08000292   0x08000292   0x00000006   Code   RO         1633    .ARM.Collect$$libinit$$0000000F  c_w.l(libinit2.o)
    0x08000298   0x08000298   0x00000000   Code   RO         1635    .ARM.Collect$$libinit$$00000011  c_w.l(libinit2.o)
    0x08000298   0x08000298   0x0000000c   Code   RO         1636    .ARM.Collect$$libinit$$00000012  c_w.l(libinit2.o)
    0x080002a4   0x080002a4   0x00000000   Code   RO         1637    .ARM.Collect$$libinit$$00000013  c_w.l(libinit2.o)
    0x080002a4   0x080002a4   0x00000000   Code   RO         1639    .ARM.Collect$$libinit$$00000015  c_w.l(libinit2.o)
    0x080002a4   0x080002a4   0x0000000a   Code   RO         1640    .ARM.Collect$$libinit$$00000016  c_w.l(libinit2.o)
    0x080002ae   0x080002ae   0x00000000   Code   RO         1641    .ARM.Collect$$libinit$$00000017  c_w.l(libinit2.o)
    0x080002ae   0x080002ae   0x00000000   Code   RO         1643    .ARM.Collect$$libinit$$00000019  c_w.l(libinit2.o)
    0x080002ae   0x080002ae   0x00000000   Code   RO         1645    .ARM.Collect$$libinit$$0000001B  c_w.l(libinit2.o)
    0x080002ae   0x080002ae   0x00000000   Code   RO         1647    .ARM.Collect$$libinit$$0000001D  c_w.l(libinit2.o)
    0x080002ae   0x080002ae   0x00000000   Code   RO         1649    .ARM.Collect$$libinit$$0000001F  c_w.l(libinit2.o)
    0x080002ae   0x080002ae   0x00000000   Code   RO         1651    .ARM.Collect$$libinit$$00000021  c_w.l(libinit2.o)
    0x080002ae   0x080002ae   0x00000000   Code   RO         1653    .ARM.Collect$$libinit$$00000023  c_w.l(libinit2.o)
    0x080002ae   0x080002ae   0x00000000   Code   RO         1655    .ARM.Collect$$libinit$$00000025  c_w.l(libinit2.o)
    0x080002ae   0x080002ae   0x00000000   Code   RO         1659    .ARM.Collect$$libinit$$0000002C  c_w.l(libinit2.o)
    0x080002ae   0x080002ae   0x00000000   Code   RO         1661    .ARM.Collect$$libinit$$0000002E  c_w.l(libinit2.o)
    0x080002ae   0x080002ae   0x00000000   Code   RO         1663    .ARM.Collect$$libinit$$00000030  c_w.l(libinit2.o)
    0x080002ae   0x080002ae   0x00000000   Code   RO         1665    .ARM.Collect$$libinit$$00000032  c_w.l(libinit2.o)
    0x080002ae   0x080002ae   0x00000002   Code   RO         1666    .ARM.Collect$$libinit$$00000033  c_w.l(libinit2.o)
    0x080002b0   0x080002b0   0x00000002   Code   RO         1836    .ARM.Collect$$libshutdown$$00000000  c_w.l(libshutdown.o)
    0x080002b2   0x080002b2   0x00000000   Code   RO         1778    .ARM.Collect$$libshutdown$$00000002  c_w.l(libshutdown2.o)
    0x080002b2   0x080002b2   0x00000000   Code   RO         1780    .ARM.Collect$$libshutdown$$00000004  c_w.l(libshutdown2.o)
    0x080002b2   0x080002b2   0x00000000   Code   RO         1783    .ARM.Collect$$libshutdown$$00000007  c_w.l(libshutdown2.o)
    0x080002b2   0x080002b2   0x00000000   Code   RO         1786    .ARM.Collect$$libshutdown$$0000000A  c_w.l(libshutdown2.o)
    0x080002b2   0x080002b2   0x00000000   Code   RO         1788    .ARM.Collect$$libshutdown$$0000000C  c_w.l(libshutdown2.o)
    0x080002b2   0x080002b2   0x00000000   Code   RO         1791    .ARM.Collect$$libshutdown$$0000000F  c_w.l(libshutdown2.o)
    0x080002b2   0x080002b2   0x00000002   Code   RO         1792    .ARM.Collect$$libshutdown$$00000010  c_w.l(libshutdown2.o)
    0x080002b4   0x080002b4   0x00000000   Code   RO         1353    .ARM.Collect$$rtentry$$00000000  c_w.l(__rtentry.o)
    0x080002b4   0x080002b4   0x00000000   Code   RO         1531    .ARM.Collect$$rtentry$$00000002  c_w.l(__rtentry2.o)
    0x080002b4   0x080002b4   0x00000006   Code   RO         1543    .ARM.Collect$$rtentry$$00000004  c_w.l(__rtentry4.o)
    0x080002ba   0x080002ba   0x00000000   Code   RO         1533    .ARM.Collect$$rtentry$$00000009  c_w.l(__rtentry2.o)
    0x080002ba   0x080002ba   0x00000004   Code   RO         1534    .ARM.Collect$$rtentry$$0000000A  c_w.l(__rtentry2.o)
    0x080002be   0x080002be   0x00000000   Code   RO         1536    .ARM.Collect$$rtentry$$0000000C  c_w.l(__rtentry2.o)
    0x080002be   0x080002be   0x00000008   Code   RO         1537    .ARM.Collect$$rtentry$$0000000D  c_w.l(__rtentry2.o)
    0x080002c6   0x080002c6   0x00000002   Code   RO         1753    .ARM.Collect$$rtexit$$00000000  c_w.l(rtexit.o)
    0x080002c8   0x080002c8   0x00000000   Code   RO         1802    .ARM.Collect$$rtexit$$00000002  c_w.l(rtexit2.o)
    0x080002c8   0x080002c8   0x00000004   Code   RO         1803    .ARM.Collect$$rtexit$$00000003  c_w.l(rtexit2.o)
    0x080002cc   0x080002cc   0x00000006   Code   RO         1804    .ARM.Collect$$rtexit$$00000004  c_w.l(rtexit2.o)
    0x080002d2   0x080002d2   0x00000002   PAD
    0x080002d4   0x080002d4   0x00000050   Code   RO            4    .text               startup_stm32f407xx.o
    0x08000324   0x08000324   0x00000002   Code   RO         1219    .text               c_w.l(use_no_semi_2.o)
    0x08000326   0x08000326   0x0000004e   Code   RO         1223    .text               c_w.l(h1_free.o)
    0x08000374   0x08000374   0x000000f0   Code   RO         1277    .text               c_w.l(lludivv7m.o)
    0x08000464   0x08000464   0x0000001a   Code   RO         1279    .text               c_w.l(tolower.o)
    0x0800047e   0x0800047e   0x00000002   PAD
    0x08000480   0x08000480   0x00000018   Code   RO         1283    .text               c_w.l(printf.o)
    0x08000498   0x08000498   0x0000002c   Code   RO         1285    .text               c_w.l(sprintf.o)
    0x080004c4   0x080004c4   0x00000038   Code   RO         1287    .text               c_w.l(snprintf.o)
    0x080004fc   0x080004fc   0x0000003c   Code   RO         1289    .text               c_w.l(sscanf.o)
    0x08000538   0x08000538   0x00000004   Code   RO         1291    .text               c_w.l(strtoull.o)
    0x0800053c   0x0800053c   0x0000001c   Code   RO         1293    .text               c_w.l(strspn.o)
    0x08000558   0x08000558   0x00000024   Code   RO         1295    .text               c_w.l(strstr.o)
    0x0800057c   0x0800057c   0x00000048   Code   RO         1297    .text               c_w.l(strcpy.o)
    0x080005c4   0x080005c4   0x0000003e   Code   RO         1299    .text               c_w.l(strlen.o)
    0x08000602   0x08000602   0x00000096   Code   RO         1301    .text               c_w.l(strncmp.o)
    0x08000698   0x08000698   0x00000018   Code   RO         1303    .text               c_w.l(strcat.o)
    0x080006b0   0x080006b0   0x0000008a   Code   RO         1305    .text               c_w.l(rt_memcpy_v6.o)
    0x0800073a   0x0800073a   0x00000044   Code   RO         1307    .text               c_w.l(rt_memclr.o)
    0x0800077e   0x0800077e   0x0000004e   Code   RO         1309    .text               c_w.l(rt_memclr_w.o)
    0x080007cc   0x080007cc   0x00000056   Code   RO         1311    .text               c_w.l(strncpy.o)
    0x08000822   0x08000822   0x00000006   PAD
    0x08000828   0x08000828   0x0000007c   Code   RO         1313    .text               c_w.l(strcmpv7em.o)
    0x080008a4   0x080008a4   0x00000006   Code   RO         1315    .text               c_w.l(heapauxi.o)
    0x080008aa   0x080008aa   0x00000002   Code   RO         1349    .text               c_w.l(use_no_semi.o)
    0x080008ac   0x080008ac   0x00000010   Code   RO         1354    .text               c_w.l(rt_ctype_table.o)
    0x080008bc   0x080008bc   0x00000008   Code   RO         1363    .text               c_w.l(rt_heap_descriptor_intlibspace.o)
    0x080008c4   0x080008c4   0x0000004e   Code   RO         1387    .text               c_w.l(_printf_pad.o)
    0x08000912   0x08000912   0x00000024   Code   RO         1389    .text               c_w.l(_printf_truncate.o)
    0x08000936   0x08000936   0x00000052   Code   RO         1391    .text               c_w.l(_printf_str.o)
    0x08000988   0x08000988   0x00000078   Code   RO         1393    .text               c_w.l(_printf_dec.o)
    0x08000a00   0x08000a00   0x00000028   Code   RO         1395    .text               c_w.l(_printf_charcount.o)
    0x08000a28   0x08000a28   0x00000030   Code   RO         1397    .text               c_w.l(_printf_char_common.o)
    0x08000a58   0x08000a58   0x0000000a   Code   RO         1399    .text               c_w.l(_sputc.o)
    0x08000a62   0x08000a62   0x00000010   Code   RO         1401    .text               c_w.l(_snputc.o)
    0x08000a72   0x08000a72   0x00000002   PAD
    0x08000a74   0x08000a74   0x00000024   Code   RO         1403    .text               c_w.l(_printf_char_file.o)
    0x08000a98   0x08000a98   0x000000bc   Code   RO         1405    .text               c_w.l(_printf_wctomb.o)
    0x08000b54   0x08000b54   0x0000007c   Code   RO         1408    .text               c_w.l(_printf_longlong_dec.o)
    0x08000bd0   0x08000bd0   0x00000070   Code   RO         1414    .text               c_w.l(_printf_oct_int_ll.o)
    0x08000c40   0x08000c40   0x00000094   Code   RO         1434    .text               c_w.l(_printf_hex_int_ll_ptr.o)
    0x08000cd4   0x08000cd4   0x00000188   Code   RO         1454    .text               c_w.l(__printf_flags_ss_wp.o)
    0x08000e5c   0x08000e5c   0x00000156   Code   RO         1480    .text               c_w.l(_scanf_longlong.o)
    0x08000fb2   0x08000fb2   0x0000014c   Code   RO         1482    .text               c_w.l(_scanf_int.o)
    0x080010fe   0x080010fe   0x000000e0   Code   RO         1484    .text               c_w.l(_scanf_str.o)
    0x080011de   0x080011de   0x00000002   PAD
    0x080011e0   0x080011e0   0x0000002c   Code   RO         1486    .text               c_w.l(scanf_char.o)
    0x0800120c   0x0800120c   0x00000040   Code   RO         1488    .text               c_w.l(_sgetc.o)
    0x0800124c   0x0800124c   0x000000b0   Code   RO         1490    .text               c_w.l(strtod.o)
    0x080012fc   0x080012fc   0x0000007c   Code   RO         1492    .text               c_w.l(__strtoull.o)
    0x08001378   0x08001378   0x00000114   Code   RO         1494    .text               c_w.l(_scanf_mbtowc.o)
    0x0800148c   0x0800148c   0x000000e8   Code   RO         1496    .text               c_w.l(_scanf_wctomb.o)
    0x08001574   0x08001574   0x000000d0   Code   RO         1498    .text               c_w.l(_scanf_wstr.o)
    0x08001644   0x08001644   0x00000064   Code   RO         1500    .text               c_w.l(rt_memcpy_w.o)
    0x080016a8   0x080016a8   0x00000008   Code   RO         1527    .text               c_w.l(libspace.o)
    0x080016b0   0x080016b0   0x00000008   Code   RO         1550    .text               c_w.l(rt_locale_intlibspace.o)
    0x080016b8   0x080016b8   0x00000008   Code   RO         1555    .text               c_w.l(rt_errno_addr_intlibspace.o)
    0x080016c0   0x080016c0   0x0000008a   Code   RO         1567    .text               c_w.l(lludiv10.o)
    0x0800174a   0x0800174a   0x00000012   Code   RO         1569    .text               c_w.l(isspace.o)
    0x0800175c   0x0800175c   0x000000b2   Code   RO         1571    .text               c_w.l(_printf_intcommon.o)
    0x0800180e   0x0800180e   0x0000041c   Code   RO         1573    .text               c_w.l(_printf_fp_dec.o)
    0x08001c2a   0x08001c2a   0x00000002   PAD
    0x08001c2c   0x08001c2c   0x000002fc   Code   RO         1577    .text               c_w.l(_printf_fp_hex.o)
    0x08001f28   0x08001f28   0x0000002c   Code   RO         1582    .text               c_w.l(_printf_char.o)
    0x08001f54   0x08001f54   0x0000002c   Code   RO         1584    .text               c_w.l(_printf_wchar.o)
    0x08001f80   0x08001f80   0x0000001c   Code   RO         1587    .text               c_w.l(_chval.o)
    0x08001f9c   0x08001f9c   0x00000374   Code   RO         1589    .text               c_w.l(_scanf.o)
    0x08002310   0x08002310   0x000004f8   Code   RO         1591    .text               c_w.l(scanf_fp.o)
    0x08002808   0x08002808   0x000000c2   Code   RO         1595    .text               c_w.l(_strtoull.o)
    0x080028ca   0x080028ca   0x0000001e   Code   RO         1597    .text               c_w.l(_scanf_wcharmap.o)
    0x080028e8   0x080028e8   0x00000008   Code   RO         1599    .text               c_w.l(ferror.o)
    0x080028f0   0x080028f0   0x00000040   Code   RO         1603    .text               c_w.l(_mbrtoc16.o)
    0x08002930   0x08002930   0x00000048   Code   RO         1605    .text               c_w.l(_c16rtomb.o)
    0x08002978   0x08002978   0x0000004a   Code   RO         1669    .text               c_w.l(sys_stackheap_outer.o)
    0x080029c2   0x080029c2   0x00000026   Code   RO         1677    .text               c_w.l(llshl.o)
    0x080029e8   0x080029e8   0x00000080   Code   RO         1679    .text               c_w.l(_printf_fp_infnan.o)
    0x08002a68   0x08002a68   0x000000e4   Code   RO         1681    .text               c_w.l(bigflt0.o)
    0x08002b4c   0x08002b4c   0x00000012   Code   RO         1711    .text               c_w.l(exit.o)
    0x08002b5e   0x08002b5e   0x00000016   Code   RO         1759    .text               c_w.l(_rserrno.o)
    0x08002b74   0x08002b74   0x00000320   Code   RO         1761    .text               c_w.l(scanf_hexfp.o)
    0x08002e94   0x08002e94   0x00000134   Code   RO         1763    .text               c_w.l(scanf_infnan.o)
    0x08002fc8   0x08002fc8   0x00000004   Code   RO           28    .text.BusFault_Handler  stm32f4xx_it.o
    0x08002fcc   0x08002fcc   0x0000004a   Code   RO          777    .text.ByteToString  byte2string.o
    0x08003016   0x08003016   0x00000002   PAD
    0x08003018   0x08003018   0x00000206   Code   RO         1106    .text.CAN1_RX0_IRQHandler  can.o
    0x0800321e   0x0800321e   0x00000002   PAD
    0x08003220   0x08003220   0x00000262   Code   RO         1152    .text.CheckMessage_es2cs_auth  messagecheck.o
    0x08003482   0x08003482   0x00000002   PAD
    0x08003484   0x08003484   0x00000002   Code   RO           34    .text.DebugMon_Handler  stm32f4xx_it.o
    0x08003486   0x08003486   0x00000002   PAD
    0x08003488   0x08003488   0x000001a4   Code   RO          700    .text.HAL_CAN_ConfigFilter  stm32f4xx_hal_can.o
    0x0800362c   0x0800362c   0x00000052   Code   RO          722    .text.HAL_CAN_GetRxFifoFillLevel  stm32f4xx_hal_can.o
    0x0800367e   0x0800367e   0x00000002   PAD
    0x08003680   0x08003680   0x000001f0   Code   RO          720    .text.HAL_CAN_GetRxMessage  stm32f4xx_hal_can.o
    0x08003870   0x08003870   0x000001de   Code   RO          690    .text.HAL_CAN_Init  stm32f4xx_hal_can.o
    0x08003a4e   0x08003a4e   0x00000002   PAD
    0x08003a50   0x08003a50   0x000000be   Code   RO         1104    .text.HAL_CAN_MspInit  can.o
    0x08003b0e   0x08003b0e   0x00000002   PAD
    0x08003b10   0x08003b10   0x0000008a   Code   RO          702    .text.HAL_CAN_Start  stm32f4xx_hal_can.o
    0x08003b9a   0x08003b9a   0x00000002   PAD
    0x08003b9c   0x08003b9c   0x000000ea   Code   RO          290    .text.HAL_DMA_Abort  stm32f4xx_hal_dma.o
    0x08003c86   0x08003c86   0x00000002   PAD
    0x08003c88   0x08003c88   0x00000044   Code   RO          292    .text.HAL_DMA_Abort_IT  stm32f4xx_hal_dma.o
    0x08003ccc   0x08003ccc   0x000003b6   Code   RO          314    .text.HAL_GPIO_Init  stm32f4xx_hal_gpio.o
    0x08004082   0x08004082   0x00000002   PAD
    0x08004084   0x08004084   0x0000002e   Code   RO          320    .text.HAL_GPIO_WritePin  stm32f4xx_hal_gpio.o
    0x080040b2   0x080040b2   0x00000002   PAD
    0x080040b4   0x080040b4   0x0000000e   Code   RO          169    .text.HAL_GetREVID  stm32f4xx_hal.o
    0x080040c2   0x080040c2   0x00000002   PAD
    0x080040c4   0x080040c4   0x0000000c   Code   RO          153    .text.HAL_GetTick   stm32f4xx_hal.o
    0x080040d0   0x080040d0   0x0000001a   Code   RO          151    .text.HAL_IncTick   stm32f4xx_hal.o
    0x080040ea   0x080040ea   0x00000002   PAD
    0x080040ec   0x080040ec   0x0000002e   Code   RO          141    .text.HAL_Init      stm32f4xx_hal.o
    0x0800411a   0x0800411a   0x00000002   PAD
    0x0800411c   0x0800411c   0x00000070   Code   RO          143    .text.HAL_InitTick  stm32f4xx_hal.o
    0x0800418c   0x0800418c   0x00000002   Code   RO          145    .text.HAL_MspInit   stm32f4xx_hal.o
    0x0800418e   0x0800418e   0x00000002   PAD
    0x08004190   0x08004190   0x00000014   Code   RO          217    .text.HAL_NVIC_EnableIRQ  stm32f4xx_hal_cortex.o
    0x080041a4   0x080041a4   0x00000032   Code   RO          209    .text.HAL_NVIC_SetPriority  stm32f4xx_hal_cortex.o
    0x080041d6   0x080041d6   0x00000002   PAD
    0x080041d8   0x080041d8   0x00000010   Code   RO          205    .text.HAL_NVIC_SetPriorityGrouping  stm32f4xx_hal_cortex.o
    0x080041e8   0x080041e8   0x00000262   Code   RO          341    .text.HAL_RCC_ClockConfig  stm32f4xx_hal_rcc.o
    0x0800444a   0x0800444a   0x00000002   PAD
    0x0800444c   0x0800444c   0x0000000c   Code   RO          351    .text.HAL_RCC_GetHCLKFreq  stm32f4xx_hal_rcc.o
    0x08004458   0x08004458   0x00000022   Code   RO          353    .text.HAL_RCC_GetPCLK1Freq  stm32f4xx_hal_rcc.o
    0x0800447a   0x0800447a   0x00000002   PAD
    0x0800447c   0x0800447c   0x00000022   Code   RO          355    .text.HAL_RCC_GetPCLK2Freq  stm32f4xx_hal_rcc.o
    0x0800449e   0x0800449e   0x00000002   PAD
    0x080044a0   0x080044a0   0x000000e6   Code   RO          343    .text.HAL_RCC_GetSysClockFreq  stm32f4xx_hal_rcc.o
    0x08004586   0x08004586   0x00000002   PAD
    0x08004588   0x08004588   0x000006be   Code   RO          339    .text.HAL_RCC_OscConfig  stm32f4xx_hal_rcc.o
    0x08004c46   0x08004c46   0x00000002   PAD
    0x08004c48   0x08004c48   0x00000010   Code   RO          229    .text.HAL_SYSTICK_Config  stm32f4xx_hal_cortex.o
    0x08004c58   0x08004c58   0x0000000c   Code   RO          636    .text.HAL_UARTEx_RxEventCallback  stm32f4xx_hal_uart.o
    0x08004c64   0x08004c64   0x00000008   Code   RO          634    .text.HAL_UART_ErrorCallback  stm32f4xx_hal_uart.o
    0x08004c6c   0x08004c6c   0x00000348   Code   RO          628    .text.HAL_UART_IRQHandler  stm32f4xx_hal_uart.o
    0x08004fb4   0x08004fb4   0x0000009a   Code   RO          546    .text.HAL_UART_Init  stm32f4xx_hal_uart.o
    0x0800504e   0x0800504e   0x00000002   PAD
    0x08005050   0x08005050   0x00000186   Code   RO          114    .text.HAL_UART_MspInit  usart.o
    0x080051d6   0x080051d6   0x00000002   PAD
    0x080051d8   0x080051d8   0x00000078   Code   RO          570    .text.HAL_UART_Receive_IT  stm32f4xx_hal_uart.o
    0x08005250   0x08005250   0x0000021a   Code   RO          116    .text.HAL_UART_RxCpltCallback  usart.o
    0x0800546a   0x0800546a   0x00000002   PAD
    0x0800546c   0x0800546c   0x0000014e   Code   RO          562    .text.HAL_UART_Transmit  stm32f4xx_hal_uart.o
    0x080055ba   0x080055ba   0x00000002   PAD
    0x080055bc   0x080055bc   0x00000008   Code   RO          642    .text.HAL_UART_TxCpltCallback  stm32f4xx_hal_uart.o
    0x080055c4   0x080055c4   0x00000004   Code   RO           24    .text.HardFault_Handler  stm32f4xx_it.o
    0x080055c8   0x080055c8   0x00000004   Code   RO           26    .text.MemManage_Handler  stm32f4xx_it.o
    0x080055cc   0x080055cc   0x00000002   Code   RO           22    .text.NMI_Handler   stm32f4xx_it.o
    0x080055ce   0x080055ce   0x00000002   PAD
    0x080055d0   0x080055d0   0x0000006c   Code   RO          215    .text.NVIC_EncodePriority  stm32f4xx_hal_cortex.o
    0x0800563c   0x0800563c   0x00000002   Code   RO           36    .text.PendSV_Handler  stm32f4xx_it.o
    0x0800563e   0x0800563e   0x00000002   PAD
    0x08005640   0x08005640   0x00000002   Code   RO           32    .text.SVC_Handler   stm32f4xx_it.o
    0x08005642   0x08005642   0x00000002   PAD
    0x08005644   0x08005644   0x00000046   Code   RO         1207    .text.Sha256_auth   sha256.o
    0x0800568a   0x0800568a   0x00000002   PAD
    0x0800568c   0x0800568c   0x00000052   Code   RO          231    .text.SysTick_Config  stm32f4xx_hal_cortex.o
    0x080056de   0x080056de   0x00000002   PAD
    0x080056e0   0x080056e0   0x00000008   Code   RO           38    .text.SysTick_Handler  stm32f4xx_it.o
    0x080056e8   0x080056e8   0x00000012   Code   RO           47    .text.SystemInit    system_stm32f4xx.o
    0x080056fa   0x080056fa   0x00000002   PAD
    0x080056fc   0x080056fc   0x00000020   Code   RO          632    .text.UART_DMAAbortOnError  stm32f4xx_hal_uart.o
    0x0800571c   0x0800571c   0x00000046   Code   RO          594    .text.UART_EndRxTransfer  stm32f4xx_hal_uart.o
    0x08005762   0x08005762   0x00000002   PAD
    0x08005764   0x08005764   0x00000026   Code   RO          640    .text.UART_EndTransmit_IT  stm32f4xx_hal_uart.o
    0x0800578a   0x0800578a   0x00000002   PAD
    0x0800578c   0x0800578c   0x0000011a   Code   RO          630    .text.UART_Receive_IT  stm32f4xx_hal_uart.o
    0x080058a6   0x080058a6   0x00000002   PAD
    0x080058a8   0x080058a8   0x0000013a   Code   RO          550    .text.UART_SetConfig  stm32f4xx_hal_uart.o
    0x080059e2   0x080059e2   0x00000002   PAD
    0x080059e4   0x080059e4   0x00000064   Code   RO          572    .text.UART_Start_Receive_IT  stm32f4xx_hal_uart.o
    0x08005a48   0x08005a48   0x00000094   Code   RO          638    .text.UART_Transmit_IT  stm32f4xx_hal_uart.o
    0x08005adc   0x08005adc   0x0000009c   Code   RO          564    .text.UART_WaitOnFlagUntilTimeout  stm32f4xx_hal_uart.o
    0x08005b78   0x08005b78   0x00000010   Code   RO          120    .text.USART1_IRQHandler  usart.o
    0x08005b88   0x08005b88   0x00000010   Code   RO          122    .text.USART3_IRQHandler  usart.o
    0x08005b98   0x08005b98   0x00000004   Code   RO           30    .text.UsageFault_Handler  stm32f4xx_it.o
    0x08005b9c   0x08005b9c   0x00000034   Code   RO         1012    .text.__ARM_isinf   cjson.o
    0x08005bd0   0x08005bd0   0x0000001c   Code   RO         1010    .text.__ARM_isinff  cjson.o
    0x08005bec   0x08005bec   0x0000002e   Code   RO         1008    .text.__ARM_isnan   cjson.o
    0x08005c1a   0x08005c1a   0x00000002   PAD
    0x08005c1c   0x08005c1c   0x00000018   Code   RO         1006    .text.__ARM_isnanf  cjson.o
    0x08005c34   0x08005c34   0x00000030   Code   RO          219    .text.__NVIC_EnableIRQ  stm32f4xx_hal_cortex.o
    0x08005c64   0x08005c64   0x00000010   Code   RO          211    .text.__NVIC_GetPriorityGrouping  stm32f4xx_hal_cortex.o
    0x08005c74   0x08005c74   0x00000042   Code   RO          213    .text.__NVIC_SetPriority  stm32f4xx_hal_cortex.o
    0x08005cb6   0x08005cb6   0x00000002   PAD
    0x08005cb8   0x08005cb8   0x0000003c   Code   RO          207    .text.__NVIC_SetPriorityGrouping  stm32f4xx_hal_cortex.o
    0x08005cf4   0x08005cf4   0x00000008   Code   RO          104    .text._sys_exit     usart.o
    0x08005cfc   0x08005cfc   0x00000098   Code   RO         1045    .text.add_escape_characters  esp8266.o
    0x08005d94   0x08005d94   0x00000070   Code   RO          854    .text.add_item_to_array  cjson.o
    0x08005e04   0x08005e04   0x000000b2   Code   RO          858    .text.add_item_to_object  cjson.o
    0x08005eb6   0x08005eb6   0x00000002   PAD
    0x08005eb8   0x08005eb8   0x00000094   Code   RO          818    .text.buffer_skip_whitespace  cjson.o
    0x08005f4c   0x08005f4c   0x00000048   Code   RO          888    .text.cJSON_AddStringToObject  cjson.o
    0x08005f94   0x08005f94   0x00000026   Code   RO          898    .text.cJSON_CreateObject  cjson.o
    0x08005fba   0x08005fba   0x00000002   PAD
    0x08005fbc   0x08005fbc   0x00000054   Code   RO          890    .text.cJSON_CreateString  cjson.o
    0x08006010   0x08006010   0x00000098   Code   RO          800    .text.cJSON_Delete  cjson.o
    0x080060a8   0x080060a8   0x0000003e   Code   RO          838    .text.cJSON_GetArraySize  cjson.o
    0x080060e6   0x080060e6   0x00000002   PAD
    0x080060e8   0x080060e8   0x00000010   Code   RO          786    .text.cJSON_GetErrorPtr  cjson.o
    0x080060f8   0x080060f8   0x00000016   Code   RO          844    .text.cJSON_GetObjectItem  cjson.o
    0x0800610e   0x0800610e   0x00000002   PAD
    0x08006110   0x08006110   0x00000026   Code   RO          970    .text.cJSON_IsObject  cjson.o
    0x08006136   0x08006136   0x00000002   PAD
    0x08006138   0x08006138   0x00000026   Code   RO          814    .text.cJSON_New_Item  cjson.o
    0x0800615e   0x0800615e   0x00000002   PAD
    0x08006160   0x08006160   0x00000014   Code   RO          822    .text.cJSON_Parse   cjson.o
    0x08006174   0x08006174   0x0000015c   Code   RO          812    .text.cJSON_ParseWithLengthOpts  cjson.o
    0x080062d0   0x080062d0   0x00000036   Code   RO          810    .text.cJSON_ParseWithOpts  cjson.o
    0x08006306   0x08006306   0x00000002   PAD
    0x08006308   0x08006308   0x0000001a   Code   RO          830    .text.cJSON_PrintUnformatted  cjson.o
    0x08006322   0x08006322   0x00000002   PAD
    0x08006324   0x08006324   0x00000050   Code   RO          806    .text.cJSON_strdup  cjson.o
    0x08006374   0x08006374   0x000000dc   Code   RO         1102    .text.can_init      can.o
    0x08006450   0x08006450   0x00000094   Code   RO         1108    .text.can_receive_msg  can.o
    0x080064e4   0x080064e4   0x00000088   Code   RO         1016    .text.case_insensitive_strcmp  cjson.o
    0x0800656c   0x0800656c   0x0000000a   Code   RO          932    .text.cast_away_const  cjson.o
    0x08006576   0x08006576   0x00000002   PAD
    0x08006578   0x08006578   0x000000b0   Code   RO         1146    .text.check_json_keys  messagecheck.o
    0x08006628   0x08006628   0x000000e8   Code   RO          976    .text.compare_double  cjson.o
    0x08006710   0x08006710   0x00000018   Code   RO           61    .text.delay_init    delay.o
    0x08006728   0x08006728   0x0000001a   Code   RO           65    .text.delay_ms      delay.o
    0x08006742   0x08006742   0x00000002   PAD
    0x08006744   0x08006744   0x0000008a   Code   RO           63    .text.delay_us      delay.o
    0x080067ce   0x080067ce   0x00000002   PAD
    0x080067d0   0x080067d0   0x00000136   Code   RO          996    .text.ensure        cjson.o
    0x08006906   0x08006906   0x00000002   PAD
    0x08006908   0x08006908   0x00000090   Code   RO         1035    .text.esp8266_config_network  esp8266.o
    0x08006998   0x08006998   0x000000b0   Code   RO         1037    .text.esp8266_connect_server  esp8266.o
    0x08006a48   0x08006a48   0x000001aa   Code   RO         1047    .text.esp8266_init  esp8266.o
    0x08006bf2   0x08006bf2   0x00000002   PAD
    0x08006bf4   0x08006bf4   0x0000052a   Code   RO         1043    .text.esp8266_receive_msg  esp8266.o
    0x0800711e   0x0800711e   0x00000002   PAD
    0x08007120   0x08007120   0x00000068   Code   RO         1033    .text.esp8266_send_cmd  esp8266.o
    0x08007188   0x08007188   0x000000b0   Code   RO         1041    .text.esp8266_send_msg  esp8266.o
    0x08007238   0x08007238   0x00000030   Code   RO          108    .text.fputc         usart.o
    0x08007268   0x08007268   0x00000004   Code   RO          994    .text.get_decimal_point  cjson.o
    0x0800726c   0x0800726c   0x000000bc   Code   RO          846    .text.get_object_item  cjson.o
    0x08007328   0x08007328   0x00000122   Code   RO         1132    .text.key_init      key.o
    0x0800744a   0x0800744a   0x00000002   PAD
    0x0800744c   0x0800744c   0x000000b0   Code   RO          769    .text.led_init      led.o
    0x080074fc   0x080074fc   0x00000274   Code   RO           11    .text.main          main.o
    0x08007770   0x08007770   0x00000094   Code   RO         1178    .text.mem_free      malloc.o
    0x08007804   0x08007804   0x00000034   Code   RO         1168    .text.mem_init      malloc.o
    0x08007838   0x08007838   0x000000f0   Code   RO         1176    .text.mem_malloc    malloc.o
    0x08007928   0x08007928   0x0000004a   Code   RO         1170    .text.mem_perused   malloc.o
    0x08007972   0x08007972   0x00000002   PAD
    0x08007974   0x08007974   0x0000002a   Code   RO         1180    .text.myfree        malloc.o
    0x0800799e   0x0800799e   0x00000002   PAD
    0x080079a0   0x080079a0   0x00000034   Code   RO         1182    .text.mymalloc      malloc.o
    0x080079d4   0x080079d4   0x00000032   Code   RO         1172    .text.mymemcpy      malloc.o
    0x08007a06   0x08007a06   0x00000002   PAD
    0x08007a08   0x08007a08   0x0000002c   Code   RO         1174    .text.mymemset      malloc.o
    0x08007a34   0x08007a34   0x0000004e   Code   RO         1184    .text.myrealloc     malloc.o
    0x08007a82   0x08007a82   0x00000002   PAD
    0x08007a84   0x08007a84   0x0000018a   Code   RO          986    .text.parse_array   cjson.o
    0x08007c0e   0x08007c0e   0x00000002   PAD
    0x08007c10   0x08007c10   0x000000bc   Code   RO          992    .text.parse_hex4    cjson.o
    0x08007ccc   0x08007ccc   0x00000004   PAD
    0x08007cd0   0x08007cd0   0x000001b0   Code   RO          984    .text.parse_number  cjson.o
    0x08007e80   0x08007e80   0x000001ee   Code   RO          988    .text.parse_object  cjson.o
    0x0800806e   0x0800806e   0x00000002   PAD
    0x08008070   0x08008070   0x00000256   Code   RO          982    .text.parse_string  cjson.o
    0x080082c6   0x080082c6   0x00000002   PAD
    0x080082c8   0x080082c8   0x000001bc   Code   RO          816    .text.parse_value   cjson.o
    0x08008484   0x08008484   0x00000100   Code   RO          828    .text.print         cjson.o
    0x08008584   0x08008584   0x0000010e   Code   RO         1002    .text.print_array   cjson.o
    0x08008692   0x08008692   0x00000002   PAD
    0x08008694   0x08008694   0x00000092   Code   RO         1144    .text.print_errorinfo  messagecheck.o
    0x08008726   0x08008726   0x00000002   PAD
    0x08008728   0x08008728   0x000001d6   Code   RO          998    .text.print_number  cjson.o
    0x080088fe   0x080088fe   0x00000002   PAD
    0x08008900   0x08008900   0x00000246   Code   RO         1004    .text.print_object  cjson.o
    0x08008b46   0x08008b46   0x00000002   PAD
    0x08008b48   0x08008b48   0x00000016   Code   RO         1000    .text.print_string  cjson.o
    0x08008b5e   0x08008b5e   0x00000002   PAD
    0x08008b60   0x08008b60   0x00000216   Code   RO         1014    .text.print_string_ptr  cjson.o
    0x08008d76   0x08008d76   0x00000002   PAD
    0x08008d78   0x08008d78   0x00000164   Code   RO          834    .text.print_value   cjson.o
    0x08008edc   0x08008edc   0x0000018e   Code   RO         1205    .text.sha256_final  sha256.o
    0x0800906a   0x0800906a   0x00000002   PAD
    0x0800906c   0x0800906c   0x00000074   Code   RO         1201    .text.sha256_init   sha256.o
    0x080090e0   0x080090e0   0x000001aa   Code   RO         1199    .text.sha256_transform  sha256.o
    0x0800928a   0x0800928a   0x00000002   PAD
    0x0800928c   0x0800928c   0x00000068   Code   RO         1203    .text.sha256_update  sha256.o
    0x080092f4   0x080092f4   0x00000066   Code   RO          820    .text.skip_utf8_bom  cjson.o
    0x0800935a   0x0800935a   0x00000002   PAD
    0x0800935c   0x0800935c   0x00000016   Code   RO          940    .text.suffix_object  cjson.o
    0x08009372   0x08009372   0x00000002   PAD
    0x08009374   0x08009374   0x0000010e   Code   RO           93    .text.sys_stm32_clock_init  sys.o
    0x08009482   0x08009482   0x00000002   PAD
    0x08009484   0x08009484   0x00000032   Code   RO         1031    .text.uart3_receiver_clear  esp8266.o
    0x080094b6   0x080094b6   0x00000002   PAD
    0x080094b8   0x080094b8   0x0000003a   Code   RO          980    .text.update_offset  cjson.o
    0x080094f2   0x080094f2   0x00000002   PAD
    0x080094f4   0x080094f4   0x00000052   Code   RO          112    .text.usart3_init   usart.o
    0x08009546   0x08009546   0x00000002   PAD
    0x08009548   0x08009548   0x00000046   Code   RO          110    .text.usart_init    usart.o
    0x0800958e   0x0800958e   0x00000002   PAD
    0x08009590   0x08009590   0x000001ca   Code   RO          990    .text.utf16_literal_to_utf8  cjson.o
    0x0800975a   0x0800975a   0x0000003e   Code   RO         1684    CL$$btod_d2e        c_w.l(btod.o)
    0x08009798   0x08009798   0x00000046   Code   RO         1686    CL$$btod_d2e_denorm_low  c_w.l(btod.o)
    0x080097de   0x080097de   0x00000060   Code   RO         1685    CL$$btod_d2e_norm_op1  c_w.l(btod.o)
    0x0800983e   0x0800983e   0x00000002   PAD
    0x08009840   0x08009840   0x00000338   Code   RO         1694    CL$$btod_div_common  c_w.l(btod.o)
    0x08009b78   0x08009b78   0x00000084   Code   RO         1692    CL$$btod_e2d        c_w.l(btod.o)
    0x08009bfc   0x08009bfc   0x000000dc   Code   RO         1691    CL$$btod_e2e        c_w.l(btod.o)
    0x08009cd8   0x08009cd8   0x0000002a   Code   RO         1688    CL$$btod_ediv       c_w.l(btod.o)
    0x08009d02   0x08009d02   0x0000002a   Code   RO         1690    CL$$btod_edivd      c_w.l(btod.o)
    0x08009d2c   0x08009d2c   0x0000002a   Code   RO         1687    CL$$btod_emul       c_w.l(btod.o)
    0x08009d56   0x08009d56   0x0000002a   Code   RO         1689    CL$$btod_emuld      c_w.l(btod.o)
    0x08009d80   0x08009d80   0x00000244   Code   RO         1693    CL$$btod_mult_common  c_w.l(btod.o)
    0x08009fc4   0x08009fc4   0x00000030   Code   RO         1743    i.__ARM_fpclassify  m_wm.l(fpclassify.o)
    0x08009ff4   0x08009ff4   0x00000004   PAD
    0x08009ff8   0x08009ff8   0x000000f8   Code   RO         1745    i.__hardfp___mathlib_tofloat  m_wm.l(narrow.o)
    0x0800a0f0   0x0800a0f0   0x000000d0   Code   RO         1812    i.__hardfp_ldexp    m_wm.l(ldexp.o)
    0x0800a1c0   0x0800a1c0   0x00000028   Code   RO         1343    i.__hardfp_strtod   m_wm.l(strtod.o)
    0x0800a1e8   0x0800a1e8   0x00000020   Code   RO         1843    i.__mathlib_dbl_overflow  m_wm.l(dunder.o)
    0x0800a208   0x0800a208   0x00000020   Code   RO         1845    i.__mathlib_dbl_underflow  m_wm.l(dunder.o)
    0x0800a228   0x0800a228   0x00000012   Code   RO         1746    i.__mathlib_narrow  m_wm.l(narrow.o)
    0x0800a23a   0x0800a23a   0x00000014   Code   RO         1814    i.__support_ldexp   m_wm.l(ldexp.o)
    0x0800a24e   0x0800a24e   0x0000000e   Code   RO         1447    i._is_digit         c_w.l(__printf_wp.o)
    0x0800a25c   0x0800a25c   0x00000004   PAD
    0x0800a260   0x0800a260   0x0000008c   Code   RO         1797    i.frexp             m_wm.l(frexp.o)
    0x0800a2ec   0x0800a2ec   0x0000002c   Code   RO         1608    locale$$code        c_w.l(lc_ctype_c.o)
    0x0800a318   0x0800a318   0x0000002c   Code   RO         1611    locale$$code        c_w.l(lc_numeric_c.o)
    0x0800a344   0x0800a344   0x00000062   Code   RO         1319    x$fpl$d2f           fz_wm.l(d2f.o)
    0x0800a3a6   0x0800a3a6   0x00000002   PAD
    0x0800a3a8   0x0800a3a8   0x00000150   Code   RO         1321    x$fpl$dadd          fz_wm.l(daddsub_clz.o)
    0x0800a4f8   0x0800a4f8   0x00000010   Code   RO         1853    x$fpl$dcheck1       fz_wm.l(dcheck1.o)
    0x0800a508   0x0800a508   0x00000018   Code   RO         1667    x$fpl$dcmpinf       fz_wm.l(dcmpi.o)
    0x0800a520   0x0800a520   0x00000078   Code   RO         1502    x$fpl$deqf          fz_wm.l(deqf.o)
    0x0800a598   0x0800a598   0x0000005e   Code   RO         1329    x$fpl$dfix          fz_wm.l(dfix.o)
    0x0800a5f6   0x0800a5f6   0x0000002e   Code   RO         1334    x$fpl$dflt          fz_wm.l(dflt_clz.o)
    0x0800a624   0x0800a624   0x00000078   Code   RO         1504    x$fpl$dgeqf         fz_wm.l(dgeqf.o)
    0x0800a69c   0x0800a69c   0x00000078   Code   RO         1506    x$fpl$dleqf         fz_wm.l(dleqf.o)
    0x0800a714   0x0800a714   0x00000154   Code   RO         1339    x$fpl$dmul          fz_wm.l(dmul.o)
    0x0800a868   0x0800a868   0x0000009c   Code   RO         1508    x$fpl$dnaninf       fz_wm.l(dnaninf.o)
    0x0800a904   0x0800a904   0x0000000c   Code   RO         1510    x$fpl$dretinf       fz_wm.l(dretinf.o)
    0x0800a910   0x0800a910   0x0000006c   Code   RO         1793    x$fpl$drleqf        fz_wm.l(drleqf.o)
    0x0800a97c   0x0800a97c   0x000001dc   Code   RO         1323    x$fpl$dsub          fz_wm.l(daddsub_clz.o)
    0x0800ab58   0x0800ab58   0x00000054   Code   RO         1327    x$fpl$fcmp          fz_wm.l(dcmp.o)
    0x0800abac   0x0800abac   0x0000001a   Code   RO         1733    x$fpl$fpinit        fz_wm.l(fpinit.o)
    0x0800abc6   0x0800abc6   0x0000000a   Code   RO         1514    x$fpl$fretinf       fz_wm.l(fretinf.o)
    0x0800abd0   0x0800abd0   0x00000006   Code   RO         1735    x$fpl$ieeestatus    fz_wm.l(istatus.o)
    0x0800abd6   0x0800abd6   0x00000004   Code   RO         1516    x$fpl$printf1       fz_wm.l(printf1.o)
    0x0800abda   0x0800abda   0x00000004   Code   RO         1518    x$fpl$printf2       fz_wm.l(printf2.o)
    0x0800abde   0x0800abde   0x00000064   Code   RO         1859    x$fpl$retnan        fz_wm.l(retnan.o)
    0x0800ac42   0x0800ac42   0x0000005c   Code   RO         1837    x$fpl$scalbn        fz_wm.l(scalbn.o)
    0x0800ac9e   0x0800ac9e   0x00000004   Code   RO         1524    x$fpl$scanf1        fz_wm.l(scanf1.o)
    0x0800aca2   0x0800aca2   0x00000008   Code   RO         1737    x$fpl$scanf2        fz_wm.l(scanf2.o)
    0x0800acaa   0x0800acaa   0x00000030   Code   RO         1861    x$fpl$trapveneer    fz_wm.l(trapv.o)
    0x0800acda   0x0800acda   0x00000000   Code   RO         1526    x$fpl$usenofp       fz_wm.l(usenofp.o)
    0x0800acda   0x0800acda   0x00000002   PAD
    0x0800acdc   0x0800acdc   0x00000008   Data   RO         1406    .constdata          c_w.l(_printf_wctomb.o)
    0x0800ace4   0x0800ace4   0x00000028   Data   RO         1435    .constdata          c_w.l(_printf_hex_int_ll_ptr.o)
    0x0800ad0c   0x0800ad0c   0x00000011   Data   RO         1455    .constdata          c_w.l(__printf_flags_ss_wp.o)
    0x0800ad1d   0x0800ad1d   0x00000026   Data   RO         1578    .constdata          c_w.l(_printf_fp_hex.o)
    0x0800ad43   0x0800ad43   0x00000001   PAD
    0x0800ad44   0x0800ad44   0x00000094   Data   RO         1682    .constdata          c_w.l(bigflt0.o)
    0x0800add8   0x0800add8   0x0000000c   Data   RO         1159    .rodata..L__const.CheckMessage_es2cs_auth.required_keys  messagecheck.o
    0x0800ade4   0x0800ade4   0x0000000c   Data   RO         1160    .rodata..L__const.CheckMessage_es2cs_auth.required_keys.12  messagecheck.o
    0x0800adf0   0x0800adf0   0x00000010   Data   RO           52    .rodata.AHBPrescTable  system_stm32f4xx.o
    0x0800ae00   0x0800ae00   0x00000008   Data   RO           53    .rodata.APBPrescTable  system_stm32f4xx.o
    0x0800ae08   0x0800ae08   0x00000100   Data   RO         1209    .rodata.k           sha256.o
    0x0800af08   0x0800af08   0x0000003e   Data   RO           14    .rodata.str1.1      main.o
    0x0800af46   0x0800af46   0x00000005   Data   RO          779    .rodata.str1.1      byte2string.o
    0x0800af4b   0x0800af4b   0x00000052   Data   RO         1020    .rodata.str1.1      cjson.o
    0x0800af9d   0x0800af9d   0x00000303   Data   RO         1061    .rodata.str1.1      esp8266.o
    0x0800b2a0   0x0800b2a0   0x0000000c   Data   RO         1121    .rodata.str1.1      can.o
    0x0800b2ac   0x0800b2ac   0x0000008c   Data   RO         1158    .rodata.str1.1      messagecheck.o
    0x0800b338   0x0800b338   0x00000020   Data   RO         1864    Region$$Table       anon$$obj.o
    0x0800b358   0x0800b358   0x00000008   Data   RO         1729    c$$dinf             fz_wm.l(fpconst.o)
    0x0800b360   0x0800b360   0x00000008   Data   RO         1732    c$$dmax             fz_wm.l(fpconst.o)
    0x0800b368   0x0800b368   0x00000110   Data   RO         1607    locale$$data        c_w.l(lc_ctype_c.o)
    0x0800b478   0x0800b478   0x0000001c   Data   RO         1610    locale$$data        c_w.l(lc_numeric_c.o)


    Execution Region RW_IRAM1 (Exec base: 0x20000000, Load base: 0x0800b498, Size: 0x00018d38, Max: 0x00020000, ABSOLUTE)

    Exec Addr    Load Addr    Size         Type   Attr      Idx    E Section Name        Object

    0x20000000   0x0800b498   0x00000004   Data   RW           15    .ARM.use_no_argv    main.o
    0x20000004   0x0800b49c   0x00000001   Data   RW         1119    .data.CAN1_RX0_IRQHandler.data_len  can.o
    0x20000005   0x0800b49d   0x00000003   PAD
    0x20000008   0x0800b4a0   0x00000004   Data   RW           51    .data.SystemCoreClock  system_stm32f4xx.o
    0x2000000c   0x0800b4a4   0x0000000c   Data   RW         1021    .data.global_hooks  cjson.o
    0x20000018   0x0800b4b0   0x00000014   Data   RW         1191    .data.mallco_dev    malloc.o
    0x2000002c   0x0800b4c4   0x00000001   Data   RW          196    .data.uwTickFreq    stm32f4xx_hal.o
    0x2000002d   0x0800b4c5   0x00000003   PAD
    0x20000030   0x0800b4c8   0x00000004   Data   RW          195    .data.uwTickPrio    stm32f4xx_hal.o
    0x20000034   0x0800b4cc   0x00000004   PAD
    0x20000038        -       0x00000060   Zero   RW         1528    .bss                c_w.l(libspace.o)
    0x20000098        -       0x00000001   Zero   RW         1117    .bss.IRQflag        can.o
    0x20000099        -       0x00000041   Zero   RW         1049    .bss.PGID           esp8266.o
    0x200000da   0x0800b4cc   0x00000002   PAD
    0x200000dc        -       0x00000004   Zero   RW         1050    .bss.QCG            esp8266.o
    0x200000e0        -       0x00000004   Zero   RW         1051    .bss.QGC            esp8266.o
    0x200000e4        -       0x00000054   Zero   RW          132    .bss.__stdout       usart.o
    0x20000138        -       0x00000002   Zero   RW         1116    .bss.buffer_index   can.o
    0x2000013a        -       0x00000100   Zero   RW         1120    .bss.data_buffer    can.o
    0x2000023a   0x0800b4cc   0x00000002   PAD
    0x2000023c        -       0x00000004   Zero   RW         1059    .bss.escaped_out1   esp8266.o
    0x20000240        -       0x00000004   Zero   RW         1052    .bss.esp_rxflag     esp8266.o
    0x20000244        -       0x00000028   Zero   RW         1118    .bss.g_canx_handler  can.o
    0x2000026c        -       0x0000001c   Zero   RW         1123    .bss.g_canx_rxheader  can.o
    0x20000288        -       0x00000004   Zero   RW           69    .bss.g_fac_us       delay.o
    0x2000028c        -       0x00000001   Zero   RW          128    .bss.g_rx_buffer    usart.o
    0x2000028d   0x0800b4cc   0x00000003   PAD
    0x20000290        -       0x00000044   Zero   RW          127    .bss.g_uart1_handle  usart.o
    0x200002d4        -       0x00000044   Zero   RW          129    .bss.g_uart3_handle  usart.o
    0x20000318        -       0x00000200   Zero   RW          131    .bss.g_usart_rx_buf  usart.o
    0x20000518        -       0x00000002   Zero   RW          124    .bss.g_usart_rx_sta  usart.o
    0x2000051a   0x0800b4cc   0x00000002   PAD
    0x2000051c        -       0x00000008   Zero   RW         1018    .bss.global_error   cjson.o
    0x20000524        -       0x00004000   Zero   RW         1189    .bss.membase        malloc.o
    0x20004524        -       0x00000400   Zero   RW         1190    .bss.memmapbase     malloc.o
    0x20004924        -       0x00000200   Zero   RW         1064    .bss.msg1_body      esp8266.o
    0x20004b24        -       0x00000004   Zero   RW         1057    .bss.out            esp8266.o
    0x20004b28        -       0x00000004   Zero   RW         1063    .bss.out_jsonStr    esp8266.o
    0x20004b2c        -       0x00000200   Zero   RW          130    .bss.receive_buf    usart.o
    0x20004d2c        -       0x00000002   Zero   RW          125    .bss.receive_count  usart.o
    0x20004d2e        -       0x00000002   Zero   RW          126    .bss.receive_finish  usart.o
    0x20004d30        -       0x00000004   Zero   RW          197    .bss.uwTick         stm32f4xx_hal.o
    0x20004d34   0x0800b4cc   0x00000004   PAD
    0x20004d38        -       0x00010000   Zero   RW            2    HEAP                startup_stm32f407xx.o
    0x20014d38        -       0x00004000   Zero   RW            1    STACK               startup_stm32f407xx.o


==============================================================================

Image component sizes


      Code (inc. data)   RO Data    RW Data    ZI Data      Debug   Object Name

        74          0          5          0          0        758   byte2string.o
      1076         68         12          1        327       9027   can.o
      8198        176         82         12          8      31618   cjson.o
       188          0          0          0          4       1445   delay.o
      2550          0        771          0        601       4892   esp8266.o
       290          0          0          0          0       2615   key.o
       176          0          0          0          0       2094   led.o
       628          0         62          4          0       1858   main.o
       780          0          0         20      17408       2980   malloc.o
       932          6        164          0          0       3952   messagecheck.o
      1114          0        256          0          0       2930   sha256.o
        80         32        392          0      81920        976   startup_stm32f407xx.o
       212          0          0          5          4       7106   stm32f4xx_hal.o
      1614          0          0          0          0      11308   stm32f4xx_hal_can.o
       482          0          0          0          0       9426   stm32f4xx_hal_cortex.o
       302          0          0          0          0       8419   stm32f4xx_hal_dma.o
       996          0          0          0          0       5094   stm32f4xx_hal_gpio.o
      2646          0          0          0          0       7574   stm32f4xx_hal_rcc.o
      2616          0          0          0          0      17965   stm32f4xx_hal_uart.o
        32          0          0          0          0       1005   stm32f4xx_it.o
       270          0          0          0          0       4405   sys.o
        18          0         24          4          0       2604   system_stm32f4xx.o
      1168          0          0          0       1251       8607   usart.o

    ----------------------------------------------------------------------
     26594        282       1800         52     101540     148658   Object Totals
         0          0         32          0          0          0   (incl. Generated)
       152          0          0          6         17          0   (incl. Padding)

    ----------------------------------------------------------------------

      Code (inc. data)   RO Data    RW Data    ZI Data      Debug   Library Member Name

         8          0          0          0          0         68   __main.o
       392          4         17          0          0         92   __printf_flags_ss_wp.o
        14          0          0          0          0         68   __printf_wp.o
         0          0          0          0          0          0   __rtentry.o
        12          0          0          0          0          0   __rtentry2.o
         6          0          0          0          0          0   __rtentry4.o
        52          8          0          0          0          0   __scatter.o
        26          0          0          0          0          0   __scatter_copy.o
        28          0          0          0          0          0   __scatter_zi.o
       124          0          0          0          0         92   __strtoull.o
        72          0          0          0          0         96   _c16rtomb.o
        28          0          0          0          0         68   _chval.o
        64          0          0          0          0         84   _mbrtoc16.o
         6          0          0          0          0          0   _printf_a.o
         6          0          0          0          0          0   _printf_c.o
        44          0          0          0          0        108   _printf_char.o
        48          6          0          0          0         96   _printf_char_common.o
        36          4          0          0          0         80   _printf_char_file.o
        40          0          0          0          0         68   _printf_charcount.o
         6          0          0          0          0          0   _printf_d.o
       120         16          0          0          0         92   _printf_dec.o
         6          0          0          0          0          0   _printf_e.o
         6          0          0          0          0          0   _printf_f.o
      1052          0          0          0          0        148   _printf_fp_dec.o
       764          8         38          0          0        100   _printf_fp_hex.o
       128         16          0          0          0         84   _printf_fp_infnan.o
         6          0          0          0          0          0   _printf_g.o
       148          4         40          0          0        160   _printf_hex_int_ll_ptr.o
         6          0          0          0          0          0   _printf_i.o
       178          0          0          0          0         88   _printf_intcommon.o
        10          0          0          0          0          0   _printf_l.o
         6          0          0          0          0          0   _printf_lc.o
        10          0          0          0          0          0   _printf_ll.o
         6          0          0          0          0          0   _printf_lld.o
         6          0          0          0          0          0   _printf_lli.o
         6          0          0          0          0          0   _printf_llo.o
         6          0          0          0          0          0   _printf_llu.o
         6          0          0          0          0          0   _printf_llx.o
       124         16          0          0          0         92   _printf_longlong_dec.o
         6          0          0          0          0          0   _printf_ls.o
         6          0          0          0          0          0   _printf_n.o
         6          0          0          0          0          0   _printf_o.o
       112          8          0          0          0        124   _printf_oct_int_ll.o
         6          0          0          0          0          0   _printf_p.o
        78          0          0          0          0        108   _printf_pad.o
         0          0          0          0          0          0   _printf_percent.o
         4          0          0          0          0          0   _printf_percent_end.o
         6          0          0          0          0          0   _printf_s.o
        82          0          0          0          0         80   _printf_str.o
        36          0          0          0          0         84   _printf_truncate.o
         6          0          0          0          0          0   _printf_u.o
        44          0          0          0          0        108   _printf_wchar.o
       188          6          8          0          0         92   _printf_wctomb.o
         6          0          0          0          0          0   _printf_x.o
        22          0          0          0          0        100   _rserrno.o
       884          6          0          0          0        100   _scanf.o
       332          0          0          0          0         96   _scanf_int.o
       342          0          0          0          0        100   _scanf_longlong.o
       276          0          0          0          0        100   _scanf_mbtowc.o
       224          0          0          0          0         96   _scanf_str.o
        30          0          0          0          0         76   _scanf_wcharmap.o
       232          0          0          0          0        100   _scanf_wctomb.o
       208          0          0          0          0         96   _scanf_wstr.o
        64          0          0          0          0         84   _sgetc.o
        16          0          0          0          0         68   _snputc.o
        10          0          0          0          0         68   _sputc.o
       194          0          0          0          0         96   _strtoull.o
       228          4        148          0          0         96   bigflt0.o
      2152        136          0          0          0        956   btod.o
        18          0          0          0          0         80   exit.o
         8          0          0          0          0         68   ferror.o
        78          0          0          0          0         80   h1_free.o
         6          0          0          0          0        152   heapauxi.o
        18          0          0          0          0         76   isspace.o
        44         10        272          0          0         76   lc_ctype_c.o
        44         10         28          0          0         76   lc_numeric_c.o
         2          0          0          0          0          0   libinit.o
        34          0          0          0          0          0   libinit2.o
         2          0          0          0          0          0   libshutdown.o
         2          0          0          0          0          0   libshutdown2.o
         8          4          0          0         96         68   libspace.o
        38          0          0          0          0         68   llshl.o
       138          0          0          0          0         80   lludiv10.o
       240          0          0          0          0        100   lludivv7m.o
        24          4          0          0          0         84   printf.o
        16          4          0          0          0         76   rt_ctype_table.o
         8          4          0          0          0         68   rt_errno_addr_intlibspace.o
         8          4          0          0          0         68   rt_heap_descriptor_intlibspace.o
         8          4          0          0          0         68   rt_locale_intlibspace.o
        68          0          0          0          0         68   rt_memclr.o
        78          0          0          0          0         80   rt_memclr_w.o
       138          0          0          0          0         68   rt_memcpy_v6.o
       100          0          0          0          0         80   rt_memcpy_w.o
         2          0          0          0          0          0   rtexit.o
        10          0          0          0          0          0   rtexit2.o
        44          8          0          0          0         84   scanf_char.o
      1272         16          0          0          0        168   scanf_fp.o
       800         14          0          0          0        100   scanf_hexfp.o
       308         16          0          0          0        100   scanf_infnan.o
        56          6          0          0          0         88   snprintf.o
        44          6          0          0          0         84   sprintf.o
        60          8          0          0          0         84   sscanf.o
        24          0          0          0          0         68   strcat.o
       124          0          0          0          0         88   strcmpv7em.o
        72          0          0          0          0         80   strcpy.o
        62          0          0          0          0         76   strlen.o
       150          0          0          0          0         80   strncmp.o
        86          0          0          0          0         76   strncpy.o
        28          0          0          0          0         80   strspn.o
        36          0          0          0          0         80   strstr.o
       176         14          0          0          0        124   strtod.o
         4          0          0          0          0         68   strtoull.o
        74          0          0          0          0         80   sys_stackheap_outer.o
        26          0          0          0          0         76   tolower.o
         2          0          0          0          0         68   use_no_semi.o
         2          0          0          0          0         68   use_no_semi_2.o
        98          4          0          0          0        140   d2f.o
       812         16          0          0          0        392   daddsub_clz.o
        16          4          0          0          0        116   dcheck1.o
        84          0          0          0          0        244   dcmp.o
        24          0          0          0          0        116   dcmpi.o
       120          4          0          0          0        140   deqf.o
        94          4          0          0          0        140   dfix.o
        46          0          0          0          0        116   dflt_clz.o
       120          4          0          0          0        140   dgeqf.o
       120          4          0          0          0        140   dleqf.o
       340         12          0          0          0        152   dmul.o
       156          4          0          0          0        140   dnaninf.o
        12          0          0          0          0        116   dretinf.o
       108          0          0          0          0        128   drleqf.o
         0          0         16          0          0          0   fpconst.o
        26          0          0          0          0        116   fpinit.o
        10          0          0          0          0        116   fretinf.o
         6          0          0          0          0        116   istatus.o
         4          0          0          0          0        116   printf1.o
         4          0          0          0          0        116   printf2.o
       100          0          0          0          0        116   retnan.o
        92          0          0          0          0        116   scalbn.o
         4          0          0          0          0        116   scanf1.o
         8          0          0          0          0        132   scanf2.o
        48          0          0          0          0        116   trapv.o
         0          0          0          0          0          0   usenofp.o
        64         16          0          0          0        248   dunder.o
        48          0          0          0          0        124   fpclassify.o
       140         22          0          0          0        132   frexp.o
       228          8          0          0          0        308   ldexp.o
       266         16          0          0          0        308   narrow.o
        40          8          0          0          0        128   strtod.o

    ----------------------------------------------------------------------
     17266        500        568          0         96      12560   Library Totals
        32          0          1          0          0          0   (incl. Padding)

    ----------------------------------------------------------------------

      Code (inc. data)   RO Data    RW Data    ZI Data      Debug   Library Name

     13996        374        551          0         96       7916   c_w.l
      2452         56         16          0          0       3396   fz_wm.l
       786         70          0          0          0       1248   m_wm.l

    ----------------------------------------------------------------------
     17266        500        568          0         96      12560   Library Totals

    ----------------------------------------------------------------------

==============================================================================


      Code (inc. data)   RO Data    RW Data    ZI Data      Debug   

     43860        782       2368         52     101636     153126   Grand Totals
     43860        782       2368         52     101636     153126   ELF Image Totals
     43860        782       2368         52          0          0   ROM Totals

==============================================================================

    Total RO  Size (Code + RO Data)                46228 (  45.14kB)
    Total RW  Size (RW Data + ZI Data)            101688 (  99.30kB)
    Total ROM Size (Code + RO Data + RW Data)      46280 (  45.20kB)

==============================================================================

