<html>
<body>
<pre>
<h1>µVision Build Log</h1>
<h2>Tool Versions:</h2>
IDE-Version: ¦ÌVision V5.36.0.0
Copyright (C) 2021 ARM Ltd and ARM Germany GmbH. All rights reserved.
License Information: 1 1, 1, LIC=EXJT4-FBSJD-PCRJ8-3PEES-TY5S3-LRVM4
 
Tool Versions:
Toolchain:       MDK-ARM Plus  Version: 5.36.0.0
Toolchain Path:  C:\Keil_v5\ARM\ARMCLANG\Bin
C Compiler:      ArmClang.exe V6.16
Assembler:       Armasm.exe V6.16
Linker/Locator:  ArmLink.exe V6.16
Library Manager: ArmAr.exe V6.16
Hex Converter:   FromElf.exe V6.16
CPU DLL:         SARMCM3.DLL V5.36.0.0
Dialog DLL:      DCM.DLL V1.17.3.0
Target DLL:      STLink\ST-LINKIII-KEIL_SWO.dll V3.0.9.0
Dialog DLL:      TCM.DLL V1.53.0.0
 
<h2>Project:</h2>
C:\Users\40827\Desktop\GIT File\Cloud-Gecu-verification\GECU\Projects\MDK-ARM\atk_f407.uvprojx
Project File Date:  09/30/2025

<h2>Output:</h2>
*** Using Compiler 'V6.16', folder: 'C:\Keil_v5\ARM\ARMCLANG\Bin'
Build target 'LED'
../../User/main.c(81): warning: incompatible pointer types passing 'unsigned char *[33]' to parameter of type 'unsigned char *' [-Wincompatible-pointer-types]
    generate_random_key(PQGE, 16);
                        ^~~~
../../User/main.c(39): note: passing argument to parameter 'key' here
void generate_random_key(unsigned char* key, int byte_length); // <D0><C2><D4><F6>: <CB><E6><BB><FA><C3><DC>Ô¿<C9><FA><B3>Éº<AF><CA><FD><C9><F9><C3><F7>
                                        ^
../../User/main.c(82): warning: format specifies type 'char *' but the argument has type 'unsigned char **' [-Wformat]
    printf("Generated PQGE: %s\n", PQGE);
                            ~~     ^~~~
../../User/main.c(299): warning: format specifies type 'char *' but the argument has type 'unsigned char **' [-Wformat]
                        printf("  Simulating: Sending PQGE (%s) to %s.\n", PQGE, ecu_ids[current_ecu_index]);
                                                            ~~             ^~~~
3 warnings generated.
compiling main.c...
linking...
Program Size: Code=35834 RO-data=2514 RW-data=76 ZI-data=36172  
"..\..\Output\atk_f407.axf" - 0 Error(s), 3 Warning(s).

<h2>Software Packages used:</h2>

Package Vendor: Keil
                http://www.keil.com/pack/Keil.STM32F4xx_DFP.2.14.0.pack
                Keil.STM32F4xx_DFP.2.14.0
                STMicroelectronics STM32F4 Series Device Support, Drivers and Examples

<h2>Collection of Component include folders:</h2>
  C:\Users\40827\AppData\Local\Arm\Packs\Keil\STM32F4xx_DFP\2.14.0\Drivers\CMSIS\Device\ST\STM32F4xx\Include

<h2>Collection of Component Files used:</h2>
Build Time Elapsed:  00:00:02
</pre>
</body>
</html>
