<html>
<body>
<pre>
<h1>�Vision Build Log</h1>
<h2>Tool Versions:</h2>
IDE-Version: ��Vision V5.36.0.0
Copyright (C) 2021 ARM Ltd and ARM Germany GmbH. All rights reserved.
License Information: 1 1, 1, LIC=EXJT4-FBSJD-PCRJ8-3PEES-TY5S3-LRVM4
 
Tool Versions:
Toolchain:       MDK-ARM Plus  Version: 5.36.0.0
Toolchain Path:  C:\Keil_v5\ARM\ARMCLANG\Bin
C Compiler:      ArmClang.exe V6.16
Assembler:       Armasm.exe V6.16
Linker/Locator:  ArmLink.exe V6.16
Library Manager: ArmAr.exe V6.16
Hex Converter:   FromElf.exe V6.16
CPU DLL:         SARMCM3.DLL V5.36.0.0
Dialog DLL:      DCM.DLL V1.17.3.0
Target DLL:      STLink\ST-LINKIII-KEIL_SWO.dll V3.0.9.0
Dialog DLL:      TCM.DLL V1.53.0.0
 
<h2>Project:</h2>
C:\Users\40827\Desktop\GIT File\Cloud-Gecu-verification\GECU\Projects\MDK-ARM\atk_f407.uvprojx
Project File Date:  09/30/2025

<h2>Output:</h2>
*** Using Compiler 'V6.16', folder: 'C:\Keil_v5\ARM\ARMCLANG\Bin'
Build target 'LED'
../../Drivers/BSP/CAN/can.c(163): warning: illegal character encoding in string literal [-Winvalid-source-encoding]
                printf("<B5><A5>֡<BD><D3><CA><D5>%s\n",data_buffer);
                        ^~~~~~~~~~~~~~~~~~~~~~~~
../../Drivers/BSP/CAN/can.c(274): warning: passing 'uint8_t *' (aka 'unsigned char *') to parameter of type 'char *' converts between pointers to integer types where one is of the unique plain 'char' type and the other is not [-Wpointer-sign]
    StringToByte(data, str_received, length);
                 ^~~~
../../Drivers/BSP/CAN/can.c(235): note: passing argument to parameter 'source' here
void StringToByte(char* source, uint8_t* dest, int sourceLen)
                        ^
../../Drivers/BSP/CAN/can.c(274): warning: passing 'char *' to parameter of type 'uint8_t *' (aka 'unsigned char *') converts between pointers to integer types where one is of the unique plain 'char' type and the other is not [-Wpointer-sign]
    StringToByte(data, str_received, length);
                       ^~~~~~~~~~~~
../../Drivers/BSP/CAN/can.c(235): note: passing argument to parameter 'dest' here
void StringToByte(char* source, uint8_t* dest, int sourceLen)
                                         ^
3 warnings generated.
compiling can.c...
../../User/main.c(117): warning: illegal character encoding in string literal [-Winvalid-source-encoding]
                    printf("<CF><F2><B8><F7>ECU<B7><A2><CB>Ͷ<D4>Ӧ<BB>Ự<C3><DC>Կ\n");
                            ^~~~~~~~~~~~~~~~   ~~~~~~~~~~~~ ~~~~ ~~~~ ~~~~~~~~
../../User/main.c(439): warning: illegal character encoding in string literal [-Winvalid-source-encoding]
                        printf("  Simulating: Sending ECU<BB>Ự<C3><DC>ԿPQGE (%s) to %s.\n", PQGE, ecu_ids[current_ecu_index]);
                                                         ^~~~ ~~~~~~~~
../../User/main.c(457): warning: illegal character encoding in string literal [-Winvalid-source-encoding]
                    printf("<CF><F2><B8><F7>ECU<B7><A2><CB>Ͷ<D4>Ӧ<BB>Ự<C3><DC>Կ\n");
                            ^~~~~~~~~~~~~~~~   ~~~~~~~~~~~~ ~~~~ ~~~~ ~~~~~~~~
../../User/main.c(279): warning: 'strncpy' size argument is too large; destination buffer has size 17, but size argument is 64 [-Wfortify-source]
                        strncpy(Mix1, result, 64);  // <B8><B4><D6><C6><D7><EE><B6><E0> 64 <B8><F6><D7>ַ<FB><A3><AC>ȷ<B1><A3><C1><F4>һ<B8><F6>λ<D6>ø<F8><D6><D5>ֹ<B7><FB>
                        ^
4 warnings generated.
compiling main.c...
linking...
Program Size: Code=37484 RO-data=3616 RW-data=84 ZI-data=36300  
"..\..\Output\atk_f407.axf" - 0 Error(s), 7 Warning(s).

<h2>Software Packages used:</h2>

Package Vendor: Keil
                http://www.keil.com/pack/Keil.STM32F4xx_DFP.2.14.0.pack
                Keil.STM32F4xx_DFP.2.14.0
                STMicroelectronics STM32F4 Series Device Support, Drivers and Examples

<h2>Collection of Component include folders:</h2>
  C:\Users\40827\AppData\Local\Arm\Packs\Keil\STM32F4xx_DFP\2.14.0\Drivers\CMSIS\Device\ST\STM32F4xx\Include

<h2>Collection of Component Files used:</h2>
Build Time Elapsed:  00:00:01
</pre>
</body>
</html>
