Component: ARM Compiler 6.16 Tool: armlink [5dfeaa00]

==============================================================================

Section Cross References

    startup_stm32f407xx.o(STACK) refers (Special) to heapauxi.o(.text) for __use_two_region_memory
    startup_stm32f407xx.o(HEAP) refers (Special) to heapauxi.o(.text) for __use_two_region_memory
    startup_stm32f407xx.o(RESET) refers (Special) to heapauxi.o(.text) for __use_two_region_memory
    startup_stm32f407xx.o(RESET) refers to startup_stm32f407xx.o(STACK) for __initial_sp
    startup_stm32f407xx.o(RESET) refers to startup_stm32f407xx.o(.text) for Reset_Handler
    startup_stm32f407xx.o(RESET) refers to stm32f4xx_it.o(.text.NMI_Handler) for NMI_Handler
    startup_stm32f407xx.o(RESET) refers to stm32f4xx_it.o(.text.HardFault_Handler) for HardFault_Handler
    startup_stm32f407xx.o(RESET) refers to stm32f4xx_it.o(.text.MemManage_Handler) for MemManage_Handler
    startup_stm32f407xx.o(RESET) refers to stm32f4xx_it.o(.text.BusFault_Handler) for BusFault_Handler
    startup_stm32f407xx.o(RESET) refers to stm32f4xx_it.o(.text.UsageFault_Handler) for UsageFault_Handler
    startup_stm32f407xx.o(RESET) refers to stm32f4xx_it.o(.text.SVC_Handler) for SVC_Handler
    startup_stm32f407xx.o(RESET) refers to stm32f4xx_it.o(.text.DebugMon_Handler) for DebugMon_Handler
    startup_stm32f407xx.o(RESET) refers to stm32f4xx_it.o(.text.PendSV_Handler) for PendSV_Handler
    startup_stm32f407xx.o(RESET) refers to stm32f4xx_it.o(.text.SysTick_Handler) for SysTick_Handler
    startup_stm32f407xx.o(RESET) refers to can.o(.text.CAN1_RX0_IRQHandler) for CAN1_RX0_IRQHandler
    startup_stm32f407xx.o(RESET) refers to usart.o(.text.USART1_IRQHandler) for USART1_IRQHandler
    startup_stm32f407xx.o(RESET) refers to usart.o(.text.USART3_IRQHandler) for USART3_IRQHandler
    startup_stm32f407xx.o(.text) refers (Special) to heapauxi.o(.text) for __use_two_region_memory
    startup_stm32f407xx.o(.text) refers to system_stm32f4xx.o(.text.SystemInit) for SystemInit
    startup_stm32f407xx.o(.text) refers to __main.o(!!!main) for __main
    startup_stm32f407xx.o(.text) refers to startup_stm32f407xx.o(HEAP) for Heap_Mem
    startup_stm32f407xx.o(.text) refers to startup_stm32f407xx.o(STACK) for Stack_Mem
    main.o(.text.main) refers to strlen.o(.text) for strlen
    main.o(.text.main) refers to stm32f4xx_hal.o(.text.HAL_Init) for HAL_Init
    main.o(.text.main) refers to sys.o(.text.sys_stm32_clock_init) for sys_stm32_clock_init
    main.o(.text.main) refers to delay.o(.text.delay_init) for delay_init
    main.o(.text.main) refers to led.o(.text.led_init) for led_init
    main.o(.text.main) refers to delay.o(.text.delay_ms) for delay_ms
    main.o(.text.main) refers to usart.o(.text.usart_init) for usart_init
    main.o(.text.main) refers to usart.o(.text.usart3_init) for usart3_init
    main.o(.text.main) refers to key.o(.text.key_init) for key_init
    main.o(.text.main) refers to can.o(.text.can_init) for can_init
    main.o(.text.main) refers to esp8266.o(.text.esp8266_init) for esp8266_init
    main.o(.text.main) refers to main.o(.rodata.str1.1) for .L.str.4
    main.o(.text.main) refers to strcat.o(.text) for strcat
    main.o(.text.main) refers to esp8266.o(.bss.PGID) for PGID
    main.o(.text.main) refers to rt_memclr.o(.text) for __aeabi_memclr
    main.o(.text.main) refers to sha256.o(.text.Sha256_auth) for Sha256_auth
    main.o(.text.main) refers to strncpy.o(.text) for strncpy
    main.o(.text.main) refers to strtoull.o(.text) for strtoull
    main.o(.text.main) refers to snprintf.o(.text) for snprintf
    main.o(.text.main) refers to cjson.o(.text.cJSON_CreateObject) for cJSON_CreateObject
    main.o(.text.main) refers to cjson.o(.text.cJSON_AddStringToObject) for cJSON_AddStringToObject
    main.o(.text.main) refers to cjson.o(.text.cJSON_PrintUnformatted) for cJSON_PrintUnformatted
    main.o(.text.main) refers to esp8266.o(.bss.out) for out
    main.o(.text.main) refers to esp8266.o(.text.add_escape_characters) for add_escape_characters
    main.o(.text.main) refers to esp8266.o(.bss.escaped_out1) for escaped_out1
    main.o(.text.main) refers to printf.o(.text) for printf
    main.o(.text.main) refers to esp8266.o(.text.esp8266_send_msg) for esp8266_send_msg
    main.o(.text.main) refers to esp8266.o(.text.esp8266_receive_msg) for esp8266_receive_msg
    main.o(.text.main) refers to esp8266.o(.bss.esp_rxflag) for esp_rxflag
    main.o(.text.main) refers to esp8266.o(.bss.json_es2cs) for json_es2cs
    main.o(.text.main) refers to messagecheck.o(.text.CheckMessage_es2cs_auth) for CheckMessage_es2cs_auth
    main.o(.text.main) refers to messagecheck.o(.text.print_errorinfo) for print_errorinfo
    main.o(.text.main) refers to usart.o(.bss.receive_count) for receive_count
    main.o(.text.main) refers to usart.o(.bss.receive_buf) for receive_buf
    main.o(.text.main) refers to cjson.o(.text.cJSON_GetObjectItem) for cJSON_GetObjectItem
[...]
    _printf_int_oct                          0x08000bbd   Thumb Code    24  _printf_oct_int_ll.o(.text)
    _printf_ll_oct                           0x08000bd5   Thumb Code    12  _printf_oct_int_ll.o(.text)
    _printf_longlong_hex                     0x08000be9   Thumb Code    86  _printf_hex_int_ll_ptr.o(.text)
    _printf_int_hex                          0x08000c3f   Thumb Code    28  _printf_hex_int_ll_ptr.o(.text)
    _printf_ll_hex                           0x08000c5b   Thumb Code    12  _printf_hex_int_ll_ptr.o(.text)
    _printf_hex_ptr                          0x08000c67   Thumb Code    18  _printf_hex_int_ll_ptr.o(.text)
    __printf                                 0x08000c7d   Thumb Code   388  __printf_flags_ss_wp.o(.text)
    _scanf_longlong                          0x08000e05   Thumb Code   342  _scanf_longlong.o(.text)
    _scanf_int                               0x08000f5b   Thumb Code   332  _scanf_int.o(.text)
    _scanf_string                            0x080010a7   Thumb Code   224  _scanf_str.o(.text)
    __vfscanf_char                           0x08001195   Thumb Code    24  scanf_char.o(.text)
    _sgetc                                   0x080011b5   Thumb Code    30  _sgetc.o(.text)
    _sbackspace                              0x080011d3   Thumb Code    34  _sgetc.o(.text)
    __strtod_int                             0x08001239   Thumb Code    94  strtod.o(.text)
    __strtoull                               0x080012a5   Thumb Code   124  __strtoull.o(.text)
    _scanf_mbtowc                            0x08001321   Thumb Code   276  _scanf_mbtowc.o(.text)
    _scanf_wctomb                            0x08001435   Thumb Code   232  _scanf_wctomb.o(.text)
    _scanf_wstring                           0x0800151d   Thumb Code   208  _scanf_wstr.o(.text)
    __aeabi_memcpy4                          0x080015ed   Thumb Code     0  rt_memcpy_w.o(.text)
    __aeabi_memcpy8                          0x080015ed   Thumb Code     0  rt_memcpy_w.o(.text)
    __rt_memcpy_w                            0x080015ed   Thumb Code   100  rt_memcpy_w.o(.text)
    _memcpy_lastbytes_aligned                0x08001635   Thumb Code     0  rt_memcpy_w.o(.text)
    __rt_locale                              0x08001651   Thumb Code     8  rt_locale_intlibspace.o(.text)
    __aeabi_errno_addr                       0x08001659   Thumb Code     8  rt_errno_addr_intlibspace.o(.text)
    __errno$intlibspace                      0x08001659   Thumb Code     0  rt_errno_addr_intlibspace.o(.text)
    __rt_errno_addr$intlibspace              0x08001659   Thumb Code     0  rt_errno_addr_intlibspace.o(.text)
    _ll_udiv10                               0x08001661   Thumb Code   138  lludiv10.o(.text)
    isspace                                  0x080016eb   Thumb Code    18  isspace.o(.text)
    _printf_int_common                       0x080016fd   Thumb Code   178  _printf_intcommon.o(.text)
    _printf_fp_dec_real                      0x0800195f   Thumb Code   620  _printf_fp_dec.o(.text)
    _printf_fp_hex_real                      0x08001bcd   Thumb Code   756  _printf_fp_hex.o(.text)
    _printf_cs_common                        0x08001ec9   Thumb Code    20  _printf_char.o(.text)
    _printf_char                             0x08001edd   Thumb Code    16  _printf_char.o(.text)
    _printf_string                           0x08001eed   Thumb Code     8  _printf_char.o(.text)
    _printf_lcs_common                       0x08001ef5   Thumb Code    20  _printf_wchar.o(.text)
    _printf_wchar                            0x08001f09   Thumb Code    16  _printf_wchar.o(.text)
    _printf_wstring                          0x08001f19   Thumb Code     8  _printf_wchar.o(.text)
    _chval                                   0x08001f21   Thumb Code    28  _chval.o(.text)
    __vfscanf                                0x08001f3d   Thumb Code   878  _scanf.o(.text)
    _scanf_really_real                       0x080024fd   Thumb Code   684  scanf_fp.o(.text)
    _strtoull                                0x080027a9   Thumb Code   194  _strtoull.o(.text)
    _scanf_wcharmap                          0x0800286b   Thumb Code    30  _scanf_wcharmap.o(.text)
    ferror                                   0x08002889   Thumb Code     8  ferror.o(.text)
    _mbrtoc16                                0x08002891   Thumb Code    64  _mbrtoc16.o(.text)
    _mbrtowc                                 0x08002891   Thumb Code     0  _mbrtoc16.o(.text)
    _c16rtomb                                0x080028d1   Thumb Code    72  _c16rtomb.o(.text)
    _wcrtomb                                 0x080028d1   Thumb Code     0  _c16rtomb.o(.text)
    __user_libspace                          0x08002919   Thumb Code     8  libspace.o(.text)
    __user_perproc_libspace                  0x08002919   Thumb Code     0  libspace.o(.text)
    __user_perthread_libspace                0x08002919   Thumb Code     0  libspace.o(.text)
    __user_setup_stackheap                   0x08002921   Thumb Code    74  sys_stackheap_outer.o(.text)
    __aeabi_llsl                             0x0800296b   Thumb Code     0  llshl.o(.text)
    _ll_shift_l                              0x0800296b   Thumb Code    38  llshl.o(.text)
    _printf_fp_infnan                        0x08002991   Thumb Code   112  _printf_fp_infnan.o(.text)
    _btod_etento                             0x08002a11   Thumb Code   224  bigflt0.o(.text)
    exit                                     0x08002af5   Thumb Code    18  exit.o(.text)
    __read_errno                             0x08002b07   Thumb Code    10  _rserrno.o(.text)
    __set_errno                              0x08002b11   Thumb Code    12  _rserrno.o(.text)
    _scanf_really_hex_real                   0x08002b1d   Thumb Code   786  scanf_hexfp.o(.text)
    _scanf_really_infnan                     0x08002e3d   Thumb Code   292  scanf_infnan.o(.text)
    BusFault_Handler                         0x08002f71   Thumb Code     4  stm32f4xx_it.o(.text.BusFault_Handler)
    ByteToString                             0x08002f75   Thumb Code    74  byte2string.o(.text.ByteToString)
    CAN1_RX0_IRQHandler                      0x08002fc1   Thumb Code   518  can.o(.text.CAN1_RX0_IRQHandler)
    CheckMessage_es2cs_auth                  0x080031c9   Thumb Code   610  messagecheck.o(.text.CheckMessage_es2cs_auth)
    DebugMon_Handler                         0x0800342d   Thumb Code     2  stm32f4xx_it.o(.text.DebugMon_Handler)
    HAL_CAN_ConfigFilter                     0x08003431   Thumb Code   420  stm32f4xx_hal_can.o(.text.HAL_CAN_ConfigFilter)
    HAL_CAN_GetRxFifoFillLevel               0x080035d5   Thumb Code    82  stm32f4xx_hal_can.o(.text.HAL_CAN_GetRxFifoFillLevel)
    HAL_CAN_GetRxMessage                     0x08003629   Thumb Code   496  stm32f4xx_hal_can.o(.text.HAL_CAN_GetRxMessage)
    HAL_CAN_Init                             0x08003819   Thumb Code   478  stm32f4xx_hal_can.o(.text.HAL_CAN_Init)
    HAL_CAN_MspInit                          0x080039f9   Thumb Code   190  can.o(.text.HAL_CAN_MspInit)
    HAL_CAN_Start                            0x08003ab9   Thumb Code   138  stm32f4xx_hal_can.o(.text.HAL_CAN_Start)
    HAL_DMA_Abort                            0x08003b45   Thumb Code   234  stm32f4xx_hal_dma.o(.text.HAL_DMA_Abort)
    HAL_DMA_Abort_IT                         0x08003c31   Thumb Code    68  stm32f4xx_hal_dma.o(.text.HAL_DMA_Abort_IT)
    HAL_GPIO_Init                            0x08003c75   Thumb Code   950  stm32f4xx_hal_gpio.o(.text.HAL_GPIO_Init)
    HAL_GPIO_WritePin                        0x0800402d   Thumb Code    46  stm32f4xx_hal_gpio.o(.text.HAL_GPIO_WritePin)
    HAL_GetREVID                             0x0800405d   Thumb Code    14  stm32f4xx_hal.o(.text.HAL_GetREVID)
    HAL_GetTick                              0x0800406d   Thumb Code    12  stm32f4xx_hal.o(.text.HAL_GetTick)
    HAL_IncTick                              0x08004079   Thumb Code    26  stm32f4xx_hal.o(.text.HAL_IncTick)
    HAL_Init                                 0x08004095   Thumb Code    46  stm32f4xx_hal.o(.text.HAL_Init)
    HAL_InitTick                             0x080040c5   Thumb Code   112  stm32f4xx_hal.o(.text.HAL_InitTick)
    HAL_MspInit                              0x08004135   Thumb Code     2  stm32f4xx_hal.o(.text.HAL_MspInit)
    HAL_NVIC_EnableIRQ                       0x08004139   Thumb Code    20  stm32f4xx_hal_cortex.o(.text.HAL_NVIC_EnableIRQ)
    HAL_NVIC_SetPriority                     0x0800414d   Thumb Code    50  stm32f4xx_hal_cortex.o(.text.HAL_NVIC_SetPriority)
    HAL_NVIC_SetPriorityGrouping             0x08004181   Thumb Code    16  stm32f4xx_hal_cortex.o(.text.HAL_NVIC_SetPriorityGrouping)
    HAL_RCC_ClockConfig                      0x08004191   Thumb Code   610  stm32f4xx_hal_rcc.o(.text.HAL_RCC_ClockConfig)
    HAL_RCC_GetHCLKFreq                      0x080043f5   Thumb Code    12  stm32f4xx_hal_rcc.o(.text.HAL_RCC_GetHCLKFreq)
    HAL_RCC_GetPCLK1Freq                     0x08004401   Thumb Code    34  stm32f4xx_hal_rcc.o(.text.HAL_RCC_GetPCLK1Freq)
    HAL_RCC_GetPCLK2Freq                     0x08004425   Thumb Code    34  stm32f4xx_hal_rcc.o(.text.HAL_RCC_GetPCLK2Freq)
    HAL_RCC_GetSysClockFreq                  0x08004449   Thumb Code   230  stm32f4xx_hal_rcc.o(.text.HAL_RCC_GetSysClockFreq)
    HAL_RCC_OscConfig                        0x08004531   Thumb Code  1726  stm32f4xx_hal_rcc.o(.text.HAL_RCC_OscConfig)
    HAL_SYSTICK_Config                       0x08004bf1   Thumb Code    16  stm32f4xx_hal_cortex.o(.text.HAL_SYSTICK_Config)
    HAL_UARTEx_RxEventCallback               0x08004c01   Thumb Code    12  stm32f4xx_hal_uart.o(.text.HAL_UARTEx_RxEventCallback)
    HAL_UART_ErrorCallback                   0x08004c0d   Thumb Code     8  stm32f4xx_hal_uart.o(.text.HAL_UART_ErrorCallback)
    HAL_UART_IRQHandler                      0x08004c15   Thumb Code   840  stm32f4xx_hal_uart.o(.text.HAL_UART_IRQHandler)
    HAL_UART_Init                            0x08004f5d   Thumb Code   154  stm32f4xx_hal_uart.o(.text.HAL_UART_Init)
    HAL_UART_MspInit                         0x08004ff9   Thumb Code   390  usart.o(.text.HAL_UART_MspInit)
    HAL_UART_Receive_IT                      0x08005181   Thumb Code   120  stm32f4xx_hal_uart.o(.text.HAL_UART_Receive_IT)
    HAL_UART_RxCpltCallback                  0x080051f9   Thumb Code   538  usart.o(.text.HAL_UART_RxCpltCallback)
    HAL_UART_Transmit                        0x08005415   Thumb Code   334  stm32f4xx_hal_uart.o(.text.HAL_UART_Transmit)
    HAL_UART_TxCpltCallback                  0x08005565   Thumb Code     8  stm32f4xx_hal_uart.o(.text.HAL_UART_TxCpltCallback)
    HardFault_Handler                        0x0800556d   Thumb Code     4  stm32f4xx_it.o(.text.HardFault_Handler)
    MemManage_Handler                        0x08005571   Thumb Code     4  stm32f4xx_it.o(.text.MemManage_Handler)
    NMI_Handler                              0x08005575   Thumb Code     2  stm32f4xx_it.o(.text.NMI_Handler)
    PendSV_Handler                           0x080055e5   Thumb Code     2  stm32f4xx_it.o(.text.PendSV_Handler)
    SVC_Handler                              0x080055e9   Thumb Code     2  stm32f4xx_it.o(.text.SVC_Handler)
    Sha256_auth                              0x080055ed   Thumb Code    70  sha256.o(.text.Sha256_auth)
    SysTick_Handler                          0x08005689   Thumb Code     8  stm32f4xx_it.o(.text.SysTick_Handler)
    SystemInit                               0x08005691   Thumb Code    18  system_stm32f4xx.o(.text.SystemInit)
    UART_Start_Receive_IT                    0x0800598d   Thumb Code   100  stm32f4xx_hal_uart.o(.text.UART_Start_Receive_IT)
    USART1_IRQHandler                        0x08005b21   Thumb Code    16  usart.o(.text.USART1_IRQHandler)
    USART3_IRQHandler                        0x08005b31   Thumb Code    16  usart.o(.text.USART3_IRQHandler)
    UsageFault_Handler                       0x08005b41   Thumb Code     4  stm32f4xx_it.o(.text.UsageFault_Handler)
    _sys_exit                                0x08005c9d   Thumb Code     8  usart.o(.text._sys_exit)
    add_escape_characters                    0x08005ca5   Thumb Code   152  esp8266.o(.text.add_escape_characters)
    cJSON_AddStringToObject                  0x08005ef5   Thumb Code    72  cjson.o(.text.cJSON_AddStringToObject)
    cJSON_CreateObject                       0x08005f3d   Thumb Code    38  cjson.o(.text.cJSON_CreateObject)
    cJSON_CreateString                       0x08005f65   Thumb Code    84  cjson.o(.text.cJSON_CreateString)
    cJSON_Delete                             0x08005fb9   Thumb Code   152  cjson.o(.text.cJSON_Delete)
    cJSON_GetArraySize                       0x08006051   Thumb Code    62  cjson.o(.text.cJSON_GetArraySize)
    cJSON_GetErrorPtr                        0x08006091   Thumb Code    16  cjson.o(.text.cJSON_GetErrorPtr)
    cJSON_GetObjectItem                      0x080060a1   Thumb Code    22  cjson.o(.text.cJSON_GetObjectItem)
    cJSON_IsObject                           0x080060b9   Thumb Code    38  cjson.o(.text.cJSON_IsObject)
    cJSON_IsString                           0x080060e1   Thumb Code    38  cjson.o(.text.cJSON_IsString)
    cJSON_Parse                              0x08006131   Thumb Code    20  cjson.o(.text.cJSON_Parse)
    cJSON_ParseWithLengthOpts                0x08006145   Thumb Code   348  cjson.o(.text.cJSON_ParseWithLengthOpts)
    cJSON_ParseWithOpts                      0x080062a1   Thumb Code    54  cjson.o(.text.cJSON_ParseWithOpts)
    cJSON_PrintUnformatted                   0x080062d9   Thumb Code    26  cjson.o(.text.cJSON_PrintUnformatted)
    can_init                                 0x08006345   Thumb Code   220  can.o(.text.can_init)
    can_receive_msg                          0x08006421   Thumb Code   148  can.o(.text.can_receive_msg)
    check_json_keys                          0x08006549   Thumb Code   176  messagecheck.o(.text.check_json_keys)
    delay_init                               0x080066e1   Thumb Code    24  delay.o(.text.delay_init)
    delay_ms                                 0x080066f9   Thumb Code    26  delay.o(.text.delay_ms)
    delay_us                                 0x08006715   Thumb Code   138  delay.o(.text.delay_us)
    esp8266_config_network                   0x080068d9   Thumb Code   144  esp8266.o(.text.esp8266_config_network)
    esp8266_connect_server                   0x08006969   Thumb Code   176  esp8266.o(.text.esp8266_connect_server)
    esp8266_init                             0x08006a19   Thumb Code   426  esp8266.o(.text.esp8266_init)
    esp8266_receive_msg                      0x08006bc5   Thumb Code   224  esp8266.o(.text.esp8266_receive_msg)
    esp8266_send_cmd                         0x08006ca5   Thumb Code   104  esp8266.o(.text.esp8266_send_cmd)
    esp8266_send_msg                         0x08006d0d   Thumb Code   176  esp8266.o(.text.esp8266_send_msg)
    fputc                                    0x08006dbd   Thumb Code    48  usart.o(.text.fputc)
    key_init                                 0x08006ead   Thumb Code   290  key.o(.text.key_init)
    led_init                                 0x08006fd1   Thumb Code   176  led.o(.text.led_init)
    main                                     0x08007081   Thumb Code  2256  main.o(.text.main)
    mem_free                                 0x08007951   Thumb Code   148  malloc.o(.text.mem_free)
    mem_init                                 0x080079e5   Thumb Code    52  malloc.o(.text.mem_init)
    mem_malloc                               0x08007a19   Thumb Code   240  malloc.o(.text.mem_malloc)
    mem_perused                              0x08007b09   Thumb Code    74  malloc.o(.text.mem_perused)
    myfree                                   0x08007b55   Thumb Code    42  malloc.o(.text.myfree)
    mymalloc                                 0x08007b81   Thumb Code    52  malloc.o(.text.mymalloc)
    mymemcpy                                 0x08007bb5   Thumb Code    50  malloc.o(.text.mymemcpy)
    mymemset                                 0x08007be9   Thumb Code    44  malloc.o(.text.mymemset)
    myrealloc                                0x08007c15   Thumb Code    78  malloc.o(.text.myrealloc)
    print_errorinfo                          0x08008875   Thumb Code   146  messagecheck.o(.text.print_errorinfo)
    send_ecu_auth_request                    0x080090bd   Thumb Code   586  main.o(.text.send_ecu_auth_request)
    sha256_final                             0x08009309   Thumb Code   398  sha256.o(.text.sha256_final)
    sha256_init                              0x08009499   Thumb Code   116  sha256.o(.text.sha256_init)
    sha256_transform                         0x0800950d   Thumb Code   426  sha256.o(.text.sha256_transform)
    sha256_update                            0x080096b9   Thumb Code   104  sha256.o(.text.sha256_update)
    sys_stm32_clock_init                     0x080097a1   Thumb Code   270  sys.o(.text.sys_stm32_clock_init)
    uart3_receiver_clear                     0x080098b1   Thumb Code    50  esp8266.o(.text.uart3_receiver_clear)
    usart3_init                              0x08009921   Thumb Code    82  usart.o(.text.usart3_init)
    usart_init                               0x08009975   Thumb Code    70  usart.o(.text.usart_init)
    _btod_d2e                                0x08009b87   Thumb Code    62  btod.o(CL$$btod_d2e)
    _d2e_denorm_low                          0x08009bc5   Thumb Code    70  btod.o(CL$$btod_d2e_denorm_low)
    _d2e_norm_op1                            0x08009c0b   Thumb Code    96  btod.o(CL$$btod_d2e_norm_op1)
    __btod_div_common                        0x08009c6d   Thumb Code   696  btod.o(CL$$btod_div_common)
    _e2d                                     0x08009fa5   Thumb Code   122  btod.o(CL$$btod_e2d)
    _e2e                                     0x0800a029   Thumb Code   220  btod.o(CL$$btod_e2e)
    _btod_ediv                               0x0800a105   Thumb Code    42  btod.o(CL$$btod_ediv)
    _btod_edivd                              0x0800a12f   Thumb Code    42  btod.o(CL$$btod_edivd)
    _btod_emul                               0x0800a159   Thumb Code    42  btod.o(CL$$btod_emul)
    _btod_emuld                              0x0800a183   Thumb Code    42  btod.o(CL$$btod_emuld)
    __btod_mult_common                       0x0800a1ad   Thumb Code   580  btod.o(CL$$btod_mult_common)
    __ARM_fpclassify                         0x0800a3f1   Thumb Code    48  fpclassify.o(i.__ARM_fpclassify)
    __hardfp___mathlib_tofloat               0x0800a421   Thumb Code   232  narrow.o(i.__hardfp___mathlib_tofloat)
    __hardfp_ldexp                           0x0800a519   Thumb Code   200  ldexp.o(i.__hardfp_ldexp)
    __hardfp_strtod                          0x0800a5e9   Thumb Code    32  strtod.o(i.__hardfp_strtod)
    __mathlib_dbl_overflow                   0x0800a611   Thumb Code    24  dunder.o(i.__mathlib_dbl_overflow)
    __mathlib_dbl_underflow                  0x0800a631   Thumb Code    24  dunder.o(i.__mathlib_dbl_underflow)
    __mathlib_narrow                         0x0800a651   Thumb Code    18  narrow.o(i.__mathlib_narrow)
    __support_ldexp                          0x0800a663   Thumb Code    20  ldexp.o(i.__support_ldexp)
    _is_digit                                0x0800a677   Thumb Code    14  __printf_wp.o(i._is_digit)
    frexp                                    0x0800a689   Thumb Code   118  frexp.o(i.frexp)
    _get_lc_ctype                            0x0800a715   Thumb Code    44  lc_ctype_c.o(locale$$code)
    _get_lc_numeric                          0x0800a741   Thumb Code    44  lc_numeric_c.o(locale$$code)
    __aeabi_d2f                              0x0800a76d   Thumb Code     0  d2f.o(x$fpl$d2f)
    _d2f                                     0x0800a76d   Thumb Code    98  d2f.o(x$fpl$d2f)
    __aeabi_dadd                             0x0800a7d1   Thumb Code     0  daddsub_clz.o(x$fpl$dadd)
    _dadd                                    0x0800a7d1   Thumb Code   332  daddsub_clz.o(x$fpl$dadd)
    __fpl_dcheck_NaN1                        0x0800a921   Thumb Code    10  dcheck1.o(x$fpl$dcheck1)
    __fpl_dcmp_Inf                           0x0800a931   Thumb Code    24  dcmpi.o(x$fpl$dcmpinf)
    __aeabi_cdcmpeq                          0x0800a949   Thumb Code     0  deqf.o(x$fpl$deqf)
    _dcmpeq                                  0x0800a949   Thumb Code   120  deqf.o(x$fpl$deqf)
    __aeabi_d2iz                             0x0800a9c1   Thumb Code     0  dfix.o(x$fpl$dfix)
    _dfix                                    0x0800a9c1   Thumb Code    94  dfix.o(x$fpl$dfix)
    __aeabi_i2d                              0x0800aa1f   Thumb Code     0  dflt_clz.o(x$fpl$dflt)
    _dflt                                    0x0800aa1f   Thumb Code    46  dflt_clz.o(x$fpl$dflt)
    __aeabi_cdcmpge                          0x0800aa4d   Thumb Code     0  dgeqf.o(x$fpl$dgeqf)
    _dcmpge                                  0x0800aa4d   Thumb Code   120  dgeqf.o(x$fpl$dgeqf)
    __aeabi_cdcmple                          0x0800aac5   Thumb Code     0  dleqf.o(x$fpl$dleqf)
    _dcmple                                  0x0800aac5   Thumb Code   120  dleqf.o(x$fpl$dleqf)
    __fpl_dcmple_InfNaN                      0x0800ab27   Thumb Code     0  dleqf.o(x$fpl$dleqf)
    __aeabi_dmul                             0x0800ab3d   Thumb Code     0  dmul.o(x$fpl$dmul)
    _dmul                                    0x0800ab3d   Thumb Code   332  dmul.o(x$fpl$dmul)
    __fpl_dnaninf                            0x0800ac91   Thumb Code   156  dnaninf.o(x$fpl$dnaninf)
    __fpl_dretinf                            0x0800ad2d   Thumb Code    12  dretinf.o(x$fpl$dretinf)
    __aeabi_cdrcmple                         0x0800ad39   Thumb Code     0  drleqf.o(x$fpl$drleqf)
    _drcmple                                 0x0800ad39   Thumb Code   108  drleqf.o(x$fpl$drleqf)
    __aeabi_dsub                             0x0800ada5   Thumb Code     0  daddsub_clz.o(x$fpl$dsub)
    _dsub                                    0x0800ada5   Thumb Code   472  daddsub_clz.o(x$fpl$dsub)
    __aeabi_dcmpeq                           0x0800af81   Thumb Code     0  dcmp.o(x$fpl$fcmp)
    _deq                                     0x0800af81   Thumb Code    14  dcmp.o(x$fpl$fcmp)
    _dneq                                    0x0800af8f   Thumb Code    14  dcmp.o(x$fpl$fcmp)
    __aeabi_dcmpgt                           0x0800af9d   Thumb Code     0  dcmp.o(x$fpl$fcmp)
    _dgr                                     0x0800af9d   Thumb Code    14  dcmp.o(x$fpl$fcmp)
    __aeabi_dcmpge                           0x0800afab   Thumb Code     0  dcmp.o(x$fpl$fcmp)
    _dgeq                                    0x0800afab   Thumb Code    14  dcmp.o(x$fpl$fcmp)
    __aeabi_dcmple                           0x0800afb9   Thumb Code     0  dcmp.o(x$fpl$fcmp)
    _dleq                                    0x0800afb9   Thumb Code    14  dcmp.o(x$fpl$fcmp)
    __aeabi_dcmplt                           0x0800afc7   Thumb Code     0  dcmp.o(x$fpl$fcmp)
    _dls                                     0x0800afc7   Thumb Code    14  dcmp.o(x$fpl$fcmp)
    _fp_init                                 0x0800afd5   Thumb Code    26  fpinit.o(x$fpl$fpinit)
    __fplib_config_fpu_vfp                   0x0800afed   Thumb Code     0  fpinit.o(x$fpl$fpinit)
    __fplib_config_pureend_doubles           0x0800afed   Thumb Code     0  fpinit.o(x$fpl$fpinit)
    __fpl_fretinf                            0x0800afef   Thumb Code    10  fretinf.o(x$fpl$fretinf)
    __ieee_status                            0x0800aff9   Thumb Code     6  istatus.o(x$fpl$ieeestatus)
    _printf_fp_dec                           0x0800afff   Thumb Code     4  printf1.o(x$fpl$printf1)
    _printf_fp_hex                           0x0800b003   Thumb Code     4  printf2.o(x$fpl$printf2)
    __fpl_return_NaN                         0x0800b007   Thumb Code   100  retnan.o(x$fpl$retnan)
    __ARM_scalbn                             0x0800b06b   Thumb Code    92  scalbn.o(x$fpl$scalbn)
    _scanf_real                              0x0800b0c7   Thumb Code     4  scanf1.o(x$fpl$scanf1)
    _scanf_hex_real                          0x0800b0cb   Thumb Code     4  scanf2.o(x$fpl$scanf2)
    _scanf_infnan                            0x0800b0cf   Thumb Code     4  scanf2.o(x$fpl$scanf2)
    __fpl_cmpreturn                          0x0800b0d3   Thumb Code    48  trapv.o(x$fpl$trapveneer)
    __I$use$fp                               0x0800b102   Number         0  usenofp.o(x$fpl$usenofp)
    AHBPrescTable                            0x0800b218   Data          16  system_stm32f4xx.o(.rodata.AHBPrescTable)
    APBPrescTable                            0x0800b228   Data           8  system_stm32f4xx.o(.rodata.APBPrescTable)
    PQGE                                     0x0800b230   Data          17  main.o(.rodata.PQGE)
    Region$$Table$$Base                      0x0800b990   Number         0  anon$$obj.o(Region$$Table)
    Region$$Table$$Limit                     0x0800b9b0   Number         0  anon$$obj.o(Region$$Table)
    __aeabi_HUGE_VAL                         0x0800b9b0   Data           0  fpconst.o(c$$dinf)
    __aeabi_HUGE_VALL                        0x0800b9b0   Data           0  fpconst.o(c$$dinf)
    __aeabi_INFINITY                         0x0800b9b0   Data           0  fpconst.o(c$$dinf)
    __dInf                                   0x0800b9b0   Data           0  fpconst.o(c$$dinf)
    __huge_val                               0x0800b9b0   Data           0  fpconst.o(c$$dinf)
    __dbl_max                                0x0800b9b8   Data           0  fpconst.o(c$$dmax)
    __ctype                                  0x0800b9cd   Data           0  lc_ctype_c.o(locale$$data)
    __ARM_use_no_argv                        0x20000000   Data           4  main.o(.ARM.use_no_argv)
    SystemCoreClock                          0x20000008   Data           4  system_stm32f4xx.o(.data.SystemCoreClock)
    ecu_ids                                  0x2000000c   Data          16  main.o(.data.ecu_ids)
    mallco_dev                               0x20000028   Data          20  malloc.o(.data.mallco_dev)
    uwTickFreq                               0x2000003c   Data           1  stm32f4xx_hal.o(.data.uwTickFreq)
    uwTickPrio                               0x20000040   Data           4  stm32f4xx_hal.o(.data.uwTickPrio)
    __libspace_start                         0x20000048   Data          96  libspace.o(.bss)
    IRQflag                                  0x200000a8   Data           1  can.o(.bss.IRQflag)
    __temporary_stack_top$libspace           0x200000a8   Data           0  libspace.o(.bss)
    PGID                                     0x200000a9   Data          65  esp8266.o(.bss.PGID)
    QCG                                      0x200000ec   Data           4  esp8266.o(.bss.QCG)
    QGC                                      0x200000f0   Data           4  esp8266.o(.bss.QGC)
    __stdout                                 0x200000f4   Data          84  usart.o(.bss.__stdout)
    buffer_index                             0x20000148   Data           2  can.o(.bss.buffer_index)
    current_ecu_index                        0x2000014c   Data           4  main.o(.bss.current_ecu_index)
    data_buffer                              0x20000150   Data         256  can.o(.bss.data_buffer)
    escaped_out1                             0x20000250   Data           4  esp8266.o(.bss.escaped_out1)
    esp_rxflag                               0x20000254   Data           4  esp8266.o(.bss.esp_rxflag)
    g_auth_state                             0x20000258   Data           1  main.o(.bss.g_auth_state)
    g_canx_handler                           0x2000025c   Data          40  can.o(.bss.g_canx_handler)
    g_canx_rxheader                          0x20000284   Data          28  can.o(.bss.g_canx_rxheader)
    g_rx_buffer                              0x200002a4   Data           1  usart.o(.bss.g_rx_buffer)
    g_uart1_handle                           0x200002a8   Data          68  usart.o(.bss.g_uart1_handle)
    g_uart3_handle                           0x200002ec   Data          68  usart.o(.bss.g_uart3_handle)
    g_usart_rx_buf                           0x20000330   Data         512  usart.o(.bss.g_usart_rx_buf)
    g_usart_rx_sta                           0x20000530   Data           2  usart.o(.bss.g_usart_rx_sta)
    json_es2cs                               0x2000053c   Data           4  esp8266.o(.bss.json_es2cs)
    membase                                  0x20000540   Data       16384  malloc.o(.bss.membase)
    memmapbase                               0x20004540   Data        1024  malloc.o(.bss.memmapbase)
    msg1_body                                0x20004940   Data         512  esp8266.o(.bss.msg1_body)
    out                                      0x20004b40   Data           4  esp8266.o(.bss.out)
    receive_buf                              0x20004b44   Data         512  usart.o(.bss.receive_buf)
    receive_count                            0x20004d44   Data           2  usart.o(.bss.receive_count)
    receive_finish                           0x20004d46   Data           2  usart.o(.bss.receive_finish)
    uwTick                                   0x20004d48   Data           4  stm32f4xx_hal.o(.bss.uwTick)



==============================================================================

Memory Map of the image

  Image Entry point : 0x08000189

  Load Region LR_IROM1 (Base: 0x08000000, Size: 0x0000bb38, Max: 0x00100000, ABSOLUTE)

    Execution Region ER_IROM1 (Exec base: 0x08000000, Load base: 0x08000000, Size: 0x0000baec, Max: 0x00100000, ABSOLUTE)

    Exec Addr    Load Addr    Size         Type   Attr      Idx    E Section Name        Object

    0x08000000   0x08000000   0x00000188   Data   RO            3    RESET               startup_stm32f407xx.o
    0x08000188   0x08000188   0x00000008   Code   RO         1268  * !!!main             c_w.l(__main.o)
    0x08000190   0x08000190   0x00000034   Code   RO         1768    !!!scatter          c_w.l(__scatter.o)
    0x080001c4   0x080001c4   0x0000001a   Code   RO         1770    !!handler_copy      c_w.l(__scatter_copy.o)
    0x080001de   0x080001de   0x00000002   PAD
    0x080001e0   0x080001e0   0x0000001c   Code   RO         1772    !!handler_zi        c_w.l(__scatter_zi.o)
    0x080001fc   0x080001fc   0x00000000   Code   RO         1394    .ARM.Collect$$_printf_percent$$00000000  c_w.l(_printf_percent.o)
    0x080001fc   0x080001fc   0x00000006   Code   RO         1383    .ARM.Collect$$_printf_percent$$00000001  c_w.l(_printf_n.o)
    0x08000202   0x08000202   0x00000006   Code   RO         1385    .ARM.Collect$$_printf_percent$$00000002  c_w.l(_printf_p.o)
    0x08000208   0x08000208   0x00000006   Code   RO         1390    .ARM.Collect$$_printf_percent$$00000003  c_w.l(_printf_f.o)
    0x0800020e   0x0800020e   0x00000006   Code   RO         1391    .ARM.Collect$$_printf_percent$$00000004  c_w.l(_printf_e.o)
    0x08000214   0x08000214   0x00000006   Code   RO         1392    .ARM.Collect$$_printf_percent$$00000005  c_w.l(_printf_g.o)
    0x0800021a   0x0800021a   0x00000006   Code   RO         1393    .ARM.Collect$$_printf_percent$$00000006  c_w.l(_printf_a.o)
    0x08000220   0x08000220   0x0000000a   Code   RO         1398    .ARM.Collect$$_printf_percent$$00000007  c_w.l(_printf_ll.o)
    0x0800022a   0x0800022a   0x00000006   Code   RO         1387    .ARM.Collect$$_printf_percent$$00000008  c_w.l(_printf_i.o)
    0x08000230   0x08000230   0x00000006   Code   RO         1388    .ARM.Collect$$_printf_percent$$00000009  c_w.l(_printf_d.o)
    0x08000236   0x08000236   0x00000006   Code   RO         1389    .ARM.Collect$$_printf_percent$$0000000A  c_w.l(_printf_u.o)
    0x0800023c   0x0800023c   0x00000006   Code   RO         1386    .ARM.Collect$$_printf_percent$$0000000B  c_w.l(_printf_o.o)
    0x08000242   0x08000242   0x00000006   Code   RO         1384    .ARM.Collect$$_printf_percent$$0000000C  c_w.l(_printf_x.o)
    0x08000248   0x08000248   0x00000006   Code   RO         1395    .ARM.Collect$$_printf_percent$$0000000D  c_w.l(_printf_lli.o)
    0x0800024e   0x0800024e   0x00000006   Code   RO         1396    .ARM.Collect$$_printf_percent$$0000000E  c_w.l(_printf_lld.o)
    0x08000254   0x08000254   0x00000006   Code   RO         1397    .ARM.Collect$$_printf_percent$$0000000F  c_w.l(_printf_llu.o)
    0x0800025a   0x0800025a   0x00000006   Code   RO         1402    .ARM.Collect$$_printf_percent$$00000010  c_w.l(_printf_llo.o)
    0x08000260   0x08000260   0x00000006   Code   RO         1403    .ARM.Collect$$_printf_percent$$00000011  c_w.l(_printf_llx.o)
    0x08000266   0x08000266   0x0000000a   Code   RO         1399    .ARM.Collect$$_printf_percent$$00000012  c_w.l(_printf_l.o)
    0x08000270   0x08000270   0x00000006   Code   RO         1381    .ARM.Collect$$_printf_percent$$00000013  c_w.l(_printf_c.o)
    0x08000276   0x08000276   0x00000006   Code   RO         1382    .ARM.Collect$$_printf_percent$$00000014  c_w.l(_printf_s.o)
    0x0800027c   0x0800027c   0x00000006   Code   RO         1400    .ARM.Collect$$_printf_percent$$00000015  c_w.l(_printf_lc.o)
    0x08000282   0x08000282   0x00000006   Code   RO         1401    .ARM.Collect$$_printf_percent$$00000016  c_w.l(_printf_ls.o)
    0x08000288   0x08000288   0x00000004   Code   RO         1497    .ARM.Collect$$_printf_percent$$00000017  c_w.l(_printf_percent_end.o)
    0x0800028c   0x0800028c   0x00000002   Code   RO         1576    .ARM.Collect$$libinit$$00000000  c_w.l(libinit.o)
    0x0800028e   0x0800028e   0x00000004   Code   RO         1577    .ARM.Collect$$libinit$$00000001  c_w.l(libinit2.o)
    0x08000292   0x08000292   0x00000000   Code   RO         1580    .ARM.Collect$$libinit$$00000004  c_w.l(libinit2.o)
    0x08000292   0x08000292   0x00000000   Code   RO         1583    .ARM.Collect$$libinit$$0000000A  c_w.l(libinit2.o)
    0x08000292   0x08000292   0x00000000   Code   RO         1585    .ARM.Collect$$libinit$$0000000C  c_w.l(libinit2.o)
    0x08000292   0x08000292   0x00000000   Code   RO         1587    .ARM.Collect$$libinit$$0000000E  c_w.l(libinit2.o)
    0x08000292   0x08000292   0x00000006   Code   RO         1588    .ARM.Collect$$libinit$$0000000F  c_w.l(libinit2.o)
    0x08000298   0x08000298   0x00000000   Code   RO         1590    .ARM.Collect$$libinit$$00000011  c_w.l(libinit2.o)
    0x08000298   0x08000298   0x0000000c   Code   RO         1591    .ARM.Collect$$libinit$$00000012  c_w.l(libinit2.o)
    0x080002a4   0x080002a4   0x00000000   Code   RO         1592    .ARM.Collect$$libinit$$00000013  c_w.l(libinit2.o)
    0x080002a4   0x080002a4   0x00000000   Code   RO         1594    .ARM.Collect$$libinit$$00000015  c_w.l(libinit2.o)
    0x080002a4   0x080002a4   0x0000000a   Code   RO         1595    .ARM.Collect$$libinit$$00000016  c_w.l(libinit2.o)
    0x080002ae   0x080002ae   0x00000000   Code   RO         1596    .ARM.Collect$$libinit$$00000017  c_w.l(libinit2.o)
    0x080002ae   0x080002ae   0x00000000   Code   RO         1598    .ARM.Collect$$libinit$$00000019  c_w.l(libinit2.o)
    0x080002ae   0x080002ae   0x00000000   Code   RO         1600    .ARM.Collect$$libinit$$0000001B  c_w.l(libinit2.o)
    0x080002ae   0x080002ae   0x00000000   Code   RO         1602    .ARM.Collect$$libinit$$0000001D  c_w.l(libinit2.o)
    0x080002ae   0x080002ae   0x00000000   Code   RO         1604    .ARM.Collect$$libinit$$0000001F  c_w.l(libinit2.o)
    0x080002ae   0x080002ae   0x00000000   Code   RO         1606    .ARM.Collect$$libinit$$00000021  c_w.l(libinit2.o)
    0x080002ae   0x080002ae   0x00000000   Code   RO         1608    .ARM.Collect$$libinit$$00000023  c_w.l(libinit2.o)
    0x080002ae   0x080002ae   0x00000000   Code   RO         1610    .ARM.Collect$$libinit$$00000025  c_w.l(libinit2.o)
    0x080002ae   0x080002ae   0x00000000   Code   RO         1614    .ARM.Collect$$libinit$$0000002C  c_w.l(libinit2.o)
    0x080002ae   0x080002ae   0x00000000   Code   RO         1616    .ARM.Collect$$libinit$$0000002E  c_w.l(libinit2.o)
    0x080002ae   0x080002ae   0x00000000   Code   RO         1618    .ARM.Collect$$libinit$$00000030  c_w.l(libinit2.o)
    0x080002ae   0x080002ae   0x00000000   Code   RO         1620    .ARM.Collect$$libinit$$00000032  c_w.l(libinit2.o)
    0x080002ae   0x080002ae   0x00000002   Code   RO         1621    .ARM.Collect$$libinit$$00000033  c_w.l(libinit2.o)
    0x080002b0   0x080002b0   0x00000002   Code   RO         1707    .ARM.Collect$$libshutdown$$00000000  c_w.l(libshutdown.o)
    0x080002b2   0x080002b2   0x00000000   Code   RO         1741    .ARM.Collect$$libshutdown$$00000002  c_w.l(libshutdown2.o)
    0x080002b2   0x080002b2   0x00000000   Code   RO         1743    .ARM.Collect$$libshutdown$$00000004  c_w.l(libshutdown2.o)
    0x080002b2   0x080002b2   0x00000000   Code   RO         1746    .ARM.Collect$$libshutdown$$00000007  c_w.l(libshutdown2.o)
    0x080002b2   0x080002b2   0x00000000   Code   RO         1749    .ARM.Collect$$libshutdown$$0000000A  c_w.l(libshutdown2.o)
    0x080002b2   0x080002b2   0x00000000   Code   RO         1751    .ARM.Collect$$libshutdown$$0000000C  c_w.l(libshutdown2.o)
    0x080002b2   0x080002b2   0x00000000   Code   RO         1754    .ARM.Collect$$libshutdown$$0000000F  c_w.l(libshutdown2.o)
    0x080002b2   0x080002b2   0x00000002   Code   RO         1755    .ARM.Collect$$libshutdown$$00000010  c_w.l(libshutdown2.o)
    0x080002b4   0x080002b4   0x00000000   Code   RO         1302    .ARM.Collect$$rtentry$$00000000  c_w.l(__rtentry.o)
    0x080002b4   0x080002b4   0x00000000   Code   RO         1452    .ARM.Collect$$rtentry$$00000002  c_w.l(__rtentry2.o)
    0x080002b4   0x080002b4   0x00000006   Code   RO         1464    .ARM.Collect$$rtentry$$00000004  c_w.l(__rtentry4.o)
    0x080002ba   0x080002ba   0x00000000   Code   RO         1454    .ARM.Collect$$rtentry$$00000009  c_w.l(__rtentry2.o)
    0x080002ba   0x080002ba   0x00000004   Code   RO         1455    .ARM.Collect$$rtentry$$0000000A  c_w.l(__rtentry2.o)
    0x080002be   0x080002be   0x00000000   Code   RO         1457    .ARM.Collect$$rtentry$$0000000C  c_w.l(__rtentry2.o)
    0x080002be   0x080002be   0x00000008   Code   RO         1458    .ARM.Collect$$rtentry$$0000000D  c_w.l(__rtentry2.o)
    0x080002c6   0x080002c6   0x00000002   Code   RO         1644    .ARM.Collect$$rtexit$$00000000  c_w.l(rtexit.o)
    0x080002c8   0x080002c8   0x00000000   Code   RO         1673    .ARM.Collect$$rtexit$$00000002  c_w.l(rtexit2.o)
    0x080002c8   0x080002c8   0x00000004   Code   RO         1674    .ARM.Collect$$rtexit$$00000003  c_w.l(rtexit2.o)
    0x080002cc   0x080002cc   0x00000006   Code   RO         1675    .ARM.Collect$$rtexit$$00000004  c_w.l(rtexit2.o)
    0x080002d2   0x080002d2   0x00000002   PAD
    0x080002d4   0x080002d4   0x00000050   Code   RO            4    .text               startup_stm32f407xx.o
    0x08000324   0x08000324   0x00000002   Code   RO         1226    .text               c_w.l(use_no_semi_2.o)
    0x08000326   0x08000326   0x000000f0   Code   RO         1228    .text               c_w.l(lludivv7m.o)
    0x08000416   0x08000416   0x0000001a   Code   RO         1230    .text               c_w.l(tolower.o)
    0x08000430   0x08000430   0x00000018   Code   RO         1234    .text               c_w.l(printf.o)
    0x08000448   0x08000448   0x0000002c   Code   RO         1236    .text               c_w.l(sprintf.o)
    0x08000474   0x08000474   0x00000038   Code   RO         1238    .text               c_w.l(snprintf.o)
    0x080004ac   0x080004ac   0x0000003c   Code   RO         1240    .text               c_w.l(sscanf.o)
    0x080004e8   0x080004e8   0x00000004   Code   RO         1242    .text               c_w.l(strtoull.o)
    0x080004ec   0x080004ec   0x0000001c   Code   RO         1244    .text               c_w.l(strspn.o)
    0x08000508   0x08000508   0x00000024   Code   RO         1246    .text               c_w.l(strstr.o)
    0x0800052c   0x0800052c   0x00000048   Code   RO         1248    .text               c_w.l(strcpy.o)
    0x08000574   0x08000574   0x0000003e   Code   RO         1250    .text               c_w.l(strlen.o)
    0x080005b2   0x080005b2   0x00000096   Code   RO         1252    .text               c_w.l(strncmp.o)
    0x08000648   0x08000648   0x00000018   Code   RO         1254    .text               c_w.l(strcat.o)
    0x08000660   0x08000660   0x0000008a   Code   RO         1256    .text               c_w.l(rt_memcpy_v6.o)
    0x080006ea   0x080006ea   0x00000044   Code   RO         1258    .text               c_w.l(rt_memclr.o)
    0x0800072e   0x0800072e   0x0000004e   Code   RO         1260    .text               c_w.l(rt_memclr_w.o)
    0x0800077c   0x0800077c   0x00000056   Code   RO         1262    .text               c_w.l(strncpy.o)
    0x080007d2   0x080007d2   0x00000006   PAD
    0x080007d8   0x080007d8   0x0000007c   Code   RO         1264    .text               c_w.l(strcmpv7em.o)
    0x08000854   0x08000854   0x00000006   Code   RO         1266    .text               c_w.l(heapauxi.o)
    0x0800085a   0x0800085a   0x00000002   Code   RO         1300    .text               c_w.l(use_no_semi.o)
    0x0800085c   0x0800085c   0x00000010   Code   RO         1303    .text               c_w.l(rt_ctype_table.o)
    0x0800086c   0x0800086c   0x0000004e   Code   RO         1311    .text               c_w.l(_printf_pad.o)
    0x080008ba   0x080008ba   0x00000024   Code   RO         1313    .text               c_w.l(_printf_truncate.o)
    0x080008de   0x080008de   0x00000052   Code   RO         1315    .text               c_w.l(_printf_str.o)
    0x08000930   0x08000930   0x00000078   Code   RO         1317    .text               c_w.l(_printf_dec.o)
    0x080009a8   0x080009a8   0x00000028   Code   RO         1319    .text               c_w.l(_printf_charcount.o)
    0x080009d0   0x080009d0   0x00000030   Code   RO         1321    .text               c_w.l(_printf_char_common.o)
    0x08000a00   0x08000a00   0x0000000a   Code   RO         1323    .text               c_w.l(_sputc.o)
    0x08000a0a   0x08000a0a   0x00000010   Code   RO         1325    .text               c_w.l(_snputc.o)
    0x08000a1a   0x08000a1a   0x00000002   PAD
    0x08000a1c   0x08000a1c   0x00000024   Code   RO         1327    .text               c_w.l(_printf_char_file.o)
    0x08000a40   0x08000a40   0x000000bc   Code   RO         1329    .text               c_w.l(_printf_wctomb.o)
    0x08000afc   0x08000afc   0x0000007c   Code   RO         1332    .text               c_w.l(_printf_longlong_dec.o)
    0x08000b78   0x08000b78   0x00000070   Code   RO         1338    .text               c_w.l(_printf_oct_int_ll.o)
    0x08000be8   0x08000be8   0x00000094   Code   RO         1358    .text               c_w.l(_printf_hex_int_ll_ptr.o)
    0x08000c7c   0x08000c7c   0x00000188   Code   RO         1378    .text               c_w.l(__printf_flags_ss_wp.o)
    0x08000e04   0x08000e04   0x00000156   Code   RO         1404    .text               c_w.l(_scanf_longlong.o)
    0x08000f5a   0x08000f5a   0x0000014c   Code   RO         1406    .text               c_w.l(_scanf_int.o)
    0x080010a6   0x080010a6   0x000000e0   Code   RO         1408    .text               c_w.l(_scanf_str.o)
    0x08001186   0x08001186   0x00000002   PAD
    0x08001188   0x08001188   0x0000002c   Code   RO         1410    .text               c_w.l(scanf_char.o)
    0x080011b4   0x080011b4   0x00000040   Code   RO         1412    .text               c_w.l(_sgetc.o)
    0x080011f4   0x080011f4   0x000000b0   Code   RO         1414    .text               c_w.l(strtod.o)
    0x080012a4   0x080012a4   0x0000007c   Code   RO         1416    .text               c_w.l(__strtoull.o)
    0x08001320   0x08001320   0x00000114   Code   RO         1418    .text               c_w.l(_scanf_mbtowc.o)
    0x08001434   0x08001434   0x000000e8   Code   RO         1420    .text               c_w.l(_scanf_wctomb.o)
    0x0800151c   0x0800151c   0x000000d0   Code   RO         1422    .text               c_w.l(_scanf_wstr.o)
    0x080015ec   0x080015ec   0x00000064   Code   RO         1424    .text               c_w.l(rt_memcpy_w.o)
    0x08001650   0x08001650   0x00000008   Code   RO         1471    .text               c_w.l(rt_locale_intlibspace.o)
    0x08001658   0x08001658   0x00000008   Code   RO         1476    .text               c_w.l(rt_errno_addr_intlibspace.o)
    0x08001660   0x08001660   0x0000008a   Code   RO         1478    .text               c_w.l(lludiv10.o)
    0x080016ea   0x080016ea   0x00000012   Code   RO         1480    .text               c_w.l(isspace.o)
    0x080016fc   0x080016fc   0x000000b2   Code   RO         1482    .text               c_w.l(_printf_intcommon.o)
    0x080017ae   0x080017ae   0x0000041c   Code   RO         1484    .text               c_w.l(_printf_fp_dec.o)
    0x08001bca   0x08001bca   0x00000002   PAD
    0x08001bcc   0x08001bcc   0x000002fc   Code   RO         1488    .text               c_w.l(_printf_fp_hex.o)
    0x08001ec8   0x08001ec8   0x0000002c   Code   RO         1493    .text               c_w.l(_printf_char.o)
    0x08001ef4   0x08001ef4   0x0000002c   Code   RO         1495    .text               c_w.l(_printf_wchar.o)
    0x08001f20   0x08001f20   0x0000001c   Code   RO         1498    .text               c_w.l(_chval.o)
    0x08001f3c   0x08001f3c   0x00000374   Code   RO         1500    .text               c_w.l(_scanf.o)
    0x080022b0   0x080022b0   0x000004f8   Code   RO         1502    .text               c_w.l(scanf_fp.o)
    0x080027a8   0x080027a8   0x000000c2   Code   RO         1506    .text               c_w.l(_strtoull.o)
    0x0800286a   0x0800286a   0x0000001e   Code   RO         1508    .text               c_w.l(_scanf_wcharmap.o)
    0x08002888   0x08002888   0x00000008   Code   RO         1510    .text               c_w.l(ferror.o)
    0x08002890   0x08002890   0x00000040   Code   RO         1514    .text               c_w.l(_mbrtoc16.o)
    0x080028d0   0x080028d0   0x00000048   Code   RO         1516    .text               c_w.l(_c16rtomb.o)
    0x08002918   0x08002918   0x00000008   Code   RO         1526    .text               c_w.l(libspace.o)
    0x08002920   0x08002920   0x0000004a   Code   RO         1529    .text               c_w.l(sys_stackheap_outer.o)
    0x0800296a   0x0800296a   0x00000026   Code   RO         1531    .text               c_w.l(llshl.o)
    0x08002990   0x08002990   0x00000080   Code   RO         1533    .text               c_w.l(_printf_fp_infnan.o)
    0x08002a10   0x08002a10   0x000000e4   Code   RO         1535    .text               c_w.l(bigflt0.o)
    0x08002af4   0x08002af4   0x00000012   Code   RO         1565    .text               c_w.l(exit.o)
    0x08002b06   0x08002b06   0x00000016   Code   RO         1648    .text               c_w.l(_rserrno.o)
    0x08002b1c   0x08002b1c   0x00000320   Code   RO         1650    .text               c_w.l(scanf_hexfp.o)
    0x08002e3c   0x08002e3c   0x00000134   Code   RO         1652    .text               c_w.l(scanf_infnan.o)
    0x08002f70   0x08002f70   0x00000004   Code   RO           35    .text.BusFault_Handler  stm32f4xx_it.o
    0x08002f74   0x08002f74   0x0000004a   Code   RO          784    .text.ByteToString  byte2string.o
    0x08002fbe   0x08002fbe   0x00000002   PAD
    0x08002fc0   0x08002fc0   0x00000206   Code   RO         1113    .text.CAN1_RX0_IRQHandler  can.o
    0x080031c6   0x080031c6   0x00000002   PAD
    0x080031c8   0x080031c8   0x00000262   Code   RO         1159    .text.CheckMessage_es2cs_auth  messagecheck.o
    0x0800342a   0x0800342a   0x00000002   PAD
    0x0800342c   0x0800342c   0x00000002   Code   RO           41    .text.DebugMon_Handler  stm32f4xx_it.o
    0x0800342e   0x0800342e   0x00000002   PAD
    0x08003430   0x08003430   0x000001a4   Code   RO          707    .text.HAL_CAN_ConfigFilter  stm32f4xx_hal_can.o
    0x080035d4   0x080035d4   0x00000052   Code   RO          729    .text.HAL_CAN_GetRxFifoFillLevel  stm32f4xx_hal_can.o
    0x08003626   0x08003626   0x00000002   PAD
    0x08003628   0x08003628   0x000001f0   Code   RO          727    .text.HAL_CAN_GetRxMessage  stm32f4xx_hal_can.o
    0x08003818   0x08003818   0x000001de   Code   RO          697    .text.HAL_CAN_Init  stm32f4xx_hal_can.o
    0x080039f6   0x080039f6   0x00000002   PAD
    0x080039f8   0x080039f8   0x000000be   Code   RO         1111    .text.HAL_CAN_MspInit  can.o
    0x08003ab6   0x08003ab6   0x00000002   PAD
    0x08003ab8   0x08003ab8   0x0000008a   Code   RO          709    .text.HAL_CAN_Start  stm32f4xx_hal_can.o
    0x08003b42   0x08003b42   0x00000002   PAD
    0x08003b44   0x08003b44   0x000000ea   Code   RO          297    .text.HAL_DMA_Abort  stm32f4xx_hal_dma.o
    0x08003c2e   0x08003c2e   0x00000002   PAD
    0x08003c30   0x08003c30   0x00000044   Code   RO          299    .text.HAL_DMA_Abort_IT  stm32f4xx_hal_dma.o
    0x08003c74   0x08003c74   0x000003b6   Code   RO          321    .text.HAL_GPIO_Init  stm32f4xx_hal_gpio.o
    0x0800402a   0x0800402a   0x00000002   PAD
    0x0800402c   0x0800402c   0x0000002e   Code   RO          327    .text.HAL_GPIO_WritePin  stm32f4xx_hal_gpio.o
    0x0800405a   0x0800405a   0x00000002   PAD
    0x0800405c   0x0800405c   0x0000000e   Code   RO          176    .text.HAL_GetREVID  stm32f4xx_hal.o
    0x0800406a   0x0800406a   0x00000002   PAD
    0x0800406c   0x0800406c   0x0000000c   Code   RO          160    .text.HAL_GetTick   stm32f4xx_hal.o
    0x08004078   0x08004078   0x0000001a   Code   RO          158    .text.HAL_IncTick   stm32f4xx_hal.o
    0x08004092   0x08004092   0x00000002   PAD
    0x08004094   0x08004094   0x0000002e   Code   RO          148    .text.HAL_Init      stm32f4xx_hal.o
    0x080040c2   0x080040c2   0x00000002   PAD
    0x080040c4   0x080040c4   0x00000070   Code   RO          150    .text.HAL_InitTick  stm32f4xx_hal.o
    0x08004134   0x08004134   0x00000002   Code   RO          152    .text.HAL_MspInit   stm32f4xx_hal.o
    0x08004136   0x08004136   0x00000002   PAD
    0x08004138   0x08004138   0x00000014   Code   RO          224    .text.HAL_NVIC_EnableIRQ  stm32f4xx_hal_cortex.o
    0x0800414c   0x0800414c   0x00000032   Code   RO          216    .text.HAL_NVIC_SetPriority  stm32f4xx_hal_cortex.o
    0x0800417e   0x0800417e   0x00000002   PAD
    0x08004180   0x08004180   0x00000010   Code   RO          212    .text.HAL_NVIC_SetPriorityGrouping  stm32f4xx_hal_cortex.o
    0x08004190   0x08004190   0x00000262   Code   RO          348    .text.HAL_RCC_ClockConfig  stm32f4xx_hal_rcc.o
    0x080043f2   0x080043f2   0x00000002   PAD
    0x080043f4   0x080043f4   0x0000000c   Code   RO          358    .text.HAL_RCC_GetHCLKFreq  stm32f4xx_hal_rcc.o
    0x08004400   0x08004400   0x00000022   Code   RO          360    .text.HAL_RCC_GetPCLK1Freq  stm32f4xx_hal_rcc.o
    0x08004422   0x08004422   0x00000002   PAD
    0x08004424   0x08004424   0x00000022   Code   RO          362    .text.HAL_RCC_GetPCLK2Freq  stm32f4xx_hal_rcc.o
    0x08004446   0x08004446   0x00000002   PAD
    0x08004448   0x08004448   0x000000e6   Code   RO          350    .text.HAL_RCC_GetSysClockFreq  stm32f4xx_hal_rcc.o
    0x0800452e   0x0800452e   0x00000002   PAD
    0x08004530   0x08004530   0x000006be   Code   RO          346    .text.HAL_RCC_OscConfig  stm32f4xx_hal_rcc.o
    0x08004bee   0x08004bee   0x00000002   PAD
    0x08004bf0   0x08004bf0   0x00000010   Code   RO          236    .text.HAL_SYSTICK_Config  stm32f4xx_hal_cortex.o
    0x08004c00   0x08004c00   0x0000000c   Code   RO          643    .text.HAL_UARTEx_RxEventCallback  stm32f4xx_hal_uart.o
    0x08004c0c   0x08004c0c   0x00000008   Code   RO          641    .text.HAL_UART_ErrorCallback  stm32f4xx_hal_uart.o
    0x08004c14   0x08004c14   0x00000348   Code   RO          635    .text.HAL_UART_IRQHandler  stm32f4xx_hal_uart.o
    0x08004f5c   0x08004f5c   0x0000009a   Code   RO          553    .text.HAL_UART_Init  stm32f4xx_hal_uart.o
    0x08004ff6   0x08004ff6   0x00000002   PAD
    0x08004ff8   0x08004ff8   0x00000186   Code   RO          121    .text.HAL_UART_MspInit  usart.o
    0x0800517e   0x0800517e   0x00000002   PAD
    0x08005180   0x08005180   0x00000078   Code   RO          577    .text.HAL_UART_Receive_IT  stm32f4xx_hal_uart.o
    0x080051f8   0x080051f8   0x0000021a   Code   RO          123    .text.HAL_UART_RxCpltCallback  usart.o
    0x08005412   0x08005412   0x00000002   PAD
    0x08005414   0x08005414   0x0000014e   Code   RO          569    .text.HAL_UART_Transmit  stm32f4xx_hal_uart.o
    0x08005562   0x08005562   0x00000002   PAD
    0x08005564   0x08005564   0x00000008   Code   RO          649    .text.HAL_UART_TxCpltCallback  stm32f4xx_hal_uart.o
    0x0800556c   0x0800556c   0x00000004   Code   RO           31    .text.HardFault_Handler  stm32f4xx_it.o
    0x08005570   0x08005570   0x00000004   Code   RO           33    .text.MemManage_Handler  stm32f4xx_it.o
    0x08005574   0x08005574   0x00000002   Code   RO           29    .text.NMI_Handler   stm32f4xx_it.o
    0x08005576   0x08005576   0x00000002   PAD
    0x08005578   0x08005578   0x0000006c   Code   RO          222    .text.NVIC_EncodePriority  stm32f4xx_hal_cortex.o
    0x080055e4   0x080055e4   0x00000002   Code   RO           43    .text.PendSV_Handler  stm32f4xx_it.o
    0x080055e6   0x080055e6   0x00000002   PAD
    0x080055e8   0x080055e8   0x00000002   Code   RO           39    .text.SVC_Handler   stm32f4xx_it.o
    0x080055ea   0x080055ea   0x00000002   PAD
    0x080055ec   0x080055ec   0x00000046   Code   RO         1214    .text.Sha256_auth   sha256.o
    0x08005632   0x08005632   0x00000002   PAD
    0x08005634   0x08005634   0x00000052   Code   RO          238    .text.SysTick_Config  stm32f4xx_hal_cortex.o
    0x08005686   0x08005686   0x00000002   PAD
    0x08005688   0x08005688   0x00000008   Code   RO           45    .text.SysTick_Handler  stm32f4xx_it.o
    0x08005690   0x08005690   0x00000012   Code   RO           54    .text.SystemInit    system_stm32f4xx.o
    0x080056a2   0x080056a2   0x00000002   PAD
    0x080056a4   0x080056a4   0x00000020   Code   RO          639    .text.UART_DMAAbortOnError  stm32f4xx_hal_uart.o
    0x080056c4   0x080056c4   0x00000046   Code   RO          601    .text.UART_EndRxTransfer  stm32f4xx_hal_uart.o
    0x0800570a   0x0800570a   0x00000002   PAD
    0x0800570c   0x0800570c   0x00000026   Code   RO          647    .text.UART_EndTransmit_IT  stm32f4xx_hal_uart.o
    0x08005732   0x08005732   0x00000002   PAD
    0x08005734   0x08005734   0x0000011a   Code   RO          637    .text.UART_Receive_IT  stm32f4xx_hal_uart.o
    0x0800584e   0x0800584e   0x00000002   PAD
    0x08005850   0x08005850   0x0000013a   Code   RO          557    .text.UART_SetConfig  stm32f4xx_hal_uart.o
    0x0800598a   0x0800598a   0x00000002   PAD
    0x0800598c   0x0800598c   0x00000064   Code   RO          579    .text.UART_Start_Receive_IT  stm32f4xx_hal_uart.o
    0x080059f0   0x080059f0   0x00000094   Code   RO          645    .text.UART_Transmit_IT  stm32f4xx_hal_uart.o
    0x08005a84   0x08005a84   0x0000009c   Code   RO          571    .text.UART_WaitOnFlagUntilTimeout  stm32f4xx_hal_uart.o
    0x08005b20   0x08005b20   0x00000010   Code   RO          127    .text.USART1_IRQHandler  usart.o
    0x08005b30   0x08005b30   0x00000010   Code   RO          129    .text.USART3_IRQHandler  usart.o
    0x08005b40   0x08005b40   0x00000004   Code   RO           37    .text.UsageFault_Handler  stm32f4xx_it.o
    0x08005b44   0x08005b44   0x00000034   Code   RO         1019    .text.__ARM_isinf   cjson.o
    0x08005b78   0x08005b78   0x0000001c   Code   RO         1017    .text.__ARM_isinff  cjson.o
    0x08005b94   0x08005b94   0x0000002e   Code   RO         1015    .text.__ARM_isnan   cjson.o
    0x08005bc2   0x08005bc2   0x00000002   PAD
    0x08005bc4   0x08005bc4   0x00000018   Code   RO         1013    .text.__ARM_isnanf  cjson.o
    0x08005bdc   0x08005bdc   0x00000030   Code   RO          226    .text.__NVIC_EnableIRQ  stm32f4xx_hal_cortex.o
    0x08005c0c   0x08005c0c   0x00000010   Code   RO          218    .text.__NVIC_GetPriorityGrouping  stm32f4xx_hal_cortex.o
    0x08005c1c   0x08005c1c   0x00000042   Code   RO          220    .text.__NVIC_SetPriority  stm32f4xx_hal_cortex.o
    0x08005c5e   0x08005c5e   0x00000002   PAD
    0x08005c60   0x08005c60   0x0000003c   Code   RO          214    .text.__NVIC_SetPriorityGrouping  stm32f4xx_hal_cortex.o
    0x08005c9c   0x08005c9c   0x00000008   Code   RO          111    .text._sys_exit     usart.o
    0x08005ca4   0x08005ca4   0x00000098   Code   RO         1054    .text.add_escape_characters  esp8266.o
    0x08005d3c   0x08005d3c   0x00000070   Code   RO          861    .text.add_item_to_array  cjson.o
    0x08005dac   0x08005dac   0x000000b2   Code   RO          865    .text.add_item_to_object  cjson.o
    0x08005e5e   0x08005e5e   0x00000002   PAD
    0x08005e60   0x08005e60   0x00000094   Code   RO          825    .text.buffer_skip_whitespace  cjson.o
    0x08005ef4   0x08005ef4   0x00000048   Code   RO          895    .text.cJSON_AddStringToObject  cjson.o
    0x08005f3c   0x08005f3c   0x00000026   Code   RO          905    .text.cJSON_CreateObject  cjson.o
    0x08005f62   0x08005f62   0x00000002   PAD
    0x08005f64   0x08005f64   0x00000054   Code   RO          897    .text.cJSON_CreateString  cjson.o
    0x08005fb8   0x08005fb8   0x00000098   Code   RO          807    .text.cJSON_Delete  cjson.o
    0x08006050   0x08006050   0x0000003e   Code   RO          845    .text.cJSON_GetArraySize  cjson.o
    0x0800608e   0x0800608e   0x00000002   PAD
    0x08006090   0x08006090   0x00000010   Code   RO          793    .text.cJSON_GetErrorPtr  cjson.o
    0x080060a0   0x080060a0   0x00000016   Code   RO          851    .text.cJSON_GetObjectItem  cjson.o
    0x080060b6   0x080060b6   0x00000002   PAD
    0x080060b8   0x080060b8   0x00000026   Code   RO          977    .text.cJSON_IsObject  cjson.o
    0x080060de   0x080060de   0x00000002   PAD
    0x080060e0   0x080060e0   0x00000026   Code   RO          797    .text.cJSON_IsString  cjson.o
    0x08006106   0x08006106   0x00000002   PAD
    0x08006108   0x08006108   0x00000026   Code   RO          821    .text.cJSON_New_Item  cjson.o
    0x0800612e   0x0800612e   0x00000002   PAD
    0x08006130   0x08006130   0x00000014   Code   RO          829    .text.cJSON_Parse   cjson.o
    0x08006144   0x08006144   0x0000015c   Code   RO          819    .text.cJSON_ParseWithLengthOpts  cjson.o
    0x080062a0   0x080062a0   0x00000036   Code   RO          817    .text.cJSON_ParseWithOpts  cjson.o
    0x080062d6   0x080062d6   0x00000002   PAD
    0x080062d8   0x080062d8   0x0000001a   Code   RO          837    .text.cJSON_PrintUnformatted  cjson.o
    0x080062f2   0x080062f2   0x00000002   PAD
    0x080062f4   0x080062f4   0x00000050   Code   RO          813    .text.cJSON_strdup  cjson.o
    0x08006344   0x08006344   0x000000dc   Code   RO         1109    .text.can_init      can.o
    0x08006420   0x08006420   0x00000094   Code   RO         1115    .text.can_receive_msg  can.o
    0x080064b4   0x080064b4   0x00000088   Code   RO         1023    .text.case_insensitive_strcmp  cjson.o
    0x0800653c   0x0800653c   0x0000000a   Code   RO          939    .text.cast_away_const  cjson.o
    0x08006546   0x08006546   0x00000002   PAD
    0x08006548   0x08006548   0x000000b0   Code   RO         1153    .text.check_json_keys  messagecheck.o
    0x080065f8   0x080065f8   0x000000e8   Code   RO          983    .text.compare_double  cjson.o
    0x080066e0   0x080066e0   0x00000018   Code   RO           68    .text.delay_init    delay.o
    0x080066f8   0x080066f8   0x0000001a   Code   RO           72    .text.delay_ms      delay.o
    0x08006712   0x08006712   0x00000002   PAD
    0x08006714   0x08006714   0x0000008a   Code   RO           70    .text.delay_us      delay.o
    0x0800679e   0x0800679e   0x00000002   PAD
    0x080067a0   0x080067a0   0x00000136   Code   RO         1003    .text.ensure        cjson.o
    0x080068d6   0x080068d6   0x00000002   PAD
    0x080068d8   0x080068d8   0x00000090   Code   RO         1042    .text.esp8266_config_network  esp8266.o
    0x08006968   0x08006968   0x000000b0   Code   RO         1044    .text.esp8266_connect_server  esp8266.o
    0x08006a18   0x08006a18   0x000001aa   Code   RO         1052    .text.esp8266_init  esp8266.o
    0x08006bc2   0x08006bc2   0x00000002   PAD
    0x08006bc4   0x08006bc4   0x000000e0   Code   RO         1050    .text.esp8266_receive_msg  esp8266.o
    0x08006ca4   0x08006ca4   0x00000068   Code   RO         1040    .text.esp8266_send_cmd  esp8266.o
    0x08006d0c   0x08006d0c   0x000000b0   Code   RO         1048    .text.esp8266_send_msg  esp8266.o
    0x08006dbc   0x08006dbc   0x00000030   Code   RO          115    .text.fputc         usart.o
    0x08006dec   0x08006dec   0x00000004   Code   RO         1001    .text.get_decimal_point  cjson.o
    0x08006df0   0x08006df0   0x000000bc   Code   RO          853    .text.get_object_item  cjson.o
    0x08006eac   0x08006eac   0x00000122   Code   RO         1139    .text.key_init      key.o
    0x08006fce   0x08006fce   0x00000002   PAD
    0x08006fd0   0x08006fd0   0x000000b0   Code   RO          776    .text.led_init      led.o
    0x08007080   0x08007080   0x000008d0   Code   RO           11    .text.main          main.o
    0x08007950   0x08007950   0x00000094   Code   RO         1185    .text.mem_free      malloc.o
    0x080079e4   0x080079e4   0x00000034   Code   RO         1175    .text.mem_init      malloc.o
    0x08007a18   0x08007a18   0x000000f0   Code   RO         1183    .text.mem_malloc    malloc.o
    0x08007b08   0x08007b08   0x0000004a   Code   RO         1177    .text.mem_perused   malloc.o
    0x08007b52   0x08007b52   0x00000002   PAD
    0x08007b54   0x08007b54   0x0000002a   Code   RO         1187    .text.myfree        malloc.o
    0x08007b7e   0x08007b7e   0x00000002   PAD
    0x08007b80   0x08007b80   0x00000034   Code   RO         1189    .text.mymalloc      malloc.o
    0x08007bb4   0x08007bb4   0x00000032   Code   RO         1179    .text.mymemcpy      malloc.o
    0x08007be6   0x08007be6   0x00000002   PAD
    0x08007be8   0x08007be8   0x0000002c   Code   RO         1181    .text.mymemset      malloc.o
    0x08007c14   0x08007c14   0x0000004e   Code   RO         1191    .text.myrealloc     malloc.o
    0x08007c62   0x08007c62   0x00000002   PAD
    0x08007c64   0x08007c64   0x0000018a   Code   RO          993    .text.parse_array   cjson.o
    0x08007dee   0x08007dee   0x00000002   PAD
    0x08007df0   0x08007df0   0x000000bc   Code   RO          999    .text.parse_hex4    cjson.o
    0x08007eac   0x08007eac   0x00000004   PAD
    0x08007eb0   0x08007eb0   0x000001b0   Code   RO          991    .text.parse_number  cjson.o
    0x08008060   0x08008060   0x000001ee   Code   RO          995    .text.parse_object  cjson.o
    0x0800824e   0x0800824e   0x00000002   PAD
    0x08008250   0x08008250   0x00000256   Code   RO          989    .text.parse_string  cjson.o
    0x080084a6   0x080084a6   0x00000002   PAD
    0x080084a8   0x080084a8   0x000001bc   Code   RO          823    .text.parse_value   cjson.o
    0x08008664   0x08008664   0x00000100   Code   RO          835    .text.print         cjson.o
    0x08008764   0x08008764   0x0000010e   Code   RO         1009    .text.print_array   cjson.o
    0x08008872   0x08008872   0x00000002   PAD
    0x08008874   0x08008874   0x00000092   Code   RO         1151    .text.print_errorinfo  messagecheck.o
    0x08008906   0x08008906   0x00000002   PAD
    0x08008908   0x08008908   0x000001d6   Code   RO         1005    .text.print_number  cjson.o
    0x08008ade   0x08008ade   0x00000002   PAD
    0x08008ae0   0x08008ae0   0x00000246   Code   RO         1011    .text.print_object  cjson.o
    0x08008d26   0x08008d26   0x00000002   PAD
    0x08008d28   0x08008d28   0x00000016   Code   RO         1007    .text.print_string  cjson.o
    0x08008d3e   0x08008d3e   0x00000002   PAD
    0x08008d40   0x08008d40   0x00000216   Code   RO         1021    .text.print_string_ptr  cjson.o
    0x08008f56   0x08008f56   0x00000002   PAD
    0x08008f58   0x08008f58   0x00000164   Code   RO          841    .text.print_value   cjson.o
    0x080090bc   0x080090bc   0x0000024a   Code   RO           13    .text.send_ecu_auth_request  main.o
    0x08009306   0x08009306   0x00000002   PAD
    0x08009308   0x08009308   0x0000018e   Code   RO         1212    .text.sha256_final  sha256.o
    0x08009496   0x08009496   0x00000002   PAD
    0x08009498   0x08009498   0x00000074   Code   RO         1208    .text.sha256_init   sha256.o
    0x0800950c   0x0800950c   0x000001aa   Code   RO         1206    .text.sha256_transform  sha256.o
    0x080096b6   0x080096b6   0x00000002   PAD
    0x080096b8   0x080096b8   0x00000068   Code   RO         1210    .text.sha256_update  sha256.o
    0x08009720   0x08009720   0x00000066   Code   RO          827    .text.skip_utf8_bom  cjson.o
    0x08009786   0x08009786   0x00000002   PAD
    0x08009788   0x08009788   0x00000016   Code   RO          947    .text.suffix_object  cjson.o
    0x0800979e   0x0800979e   0x00000002   PAD
    0x080097a0   0x080097a0   0x0000010e   Code   RO          100    .text.sys_stm32_clock_init  sys.o
    0x080098ae   0x080098ae   0x00000002   PAD
    0x080098b0   0x080098b0   0x00000032   Code   RO         1038    .text.uart3_receiver_clear  esp8266.o
    0x080098e2   0x080098e2   0x00000002   PAD
    0x080098e4   0x080098e4   0x0000003a   Code   RO          987    .text.update_offset  cjson.o
    0x0800991e   0x0800991e   0x00000002   PAD
    0x08009920   0x08009920   0x00000052   Code   RO          119    .text.usart3_init   usart.o
    0x08009972   0x08009972   0x00000002   PAD
    0x08009974   0x08009974   0x00000046   Code   RO          117    .text.usart_init    usart.o
    0x080099ba   0x080099ba   0x00000002   PAD
    0x080099bc   0x080099bc   0x000001ca   Code   RO          997    .text.utf16_literal_to_utf8  cjson.o
    0x08009b86   0x08009b86   0x0000003e   Code   RO         1538    CL$$btod_d2e        c_w.l(btod.o)
    0x08009bc4   0x08009bc4   0x00000046   Code   RO         1540    CL$$btod_d2e_denorm_low  c_w.l(btod.o)
    0x08009c0a   0x08009c0a   0x00000060   Code   RO         1539    CL$$btod_d2e_norm_op1  c_w.l(btod.o)
    0x08009c6a   0x08009c6a   0x00000002   PAD
    0x08009c6c   0x08009c6c   0x00000338   Code   RO         1548    CL$$btod_div_common  c_w.l(btod.o)
    0x08009fa4   0x08009fa4   0x00000084   Code   RO         1546    CL$$btod_e2d        c_w.l(btod.o)
    0x0800a028   0x0800a028   0x000000dc   Code   RO         1545    CL$$btod_e2e        c_w.l(btod.o)
    0x0800a104   0x0800a104   0x0000002a   Code   RO         1542    CL$$btod_ediv       c_w.l(btod.o)
    0x0800a12e   0x0800a12e   0x0000002a   Code   RO         1544    CL$$btod_edivd      c_w.l(btod.o)
    0x0800a158   0x0800a158   0x0000002a   Code   RO         1541    CL$$btod_emul       c_w.l(btod.o)
    0x0800a182   0x0800a182   0x0000002a   Code   RO         1543    CL$$btod_emuld      c_w.l(btod.o)
    0x0800a1ac   0x0800a1ac   0x00000244   Code   RO         1547    CL$$btod_mult_common  c_w.l(btod.o)
    0x0800a3f0   0x0800a3f0   0x00000030   Code   RO         1634    i.__ARM_fpclassify  m_wm.l(fpclassify.o)
    0x0800a420   0x0800a420   0x000000f8   Code   RO         1636    i.__hardfp___mathlib_tofloat  m_wm.l(narrow.o)
    0x0800a518   0x0800a518   0x000000d0   Code   RO         1689    i.__hardfp_ldexp    m_wm.l(ldexp.o)
    0x0800a5e8   0x0800a5e8   0x00000028   Code   RO         1294    i.__hardfp_strtod   m_wm.l(strtod.o)
    0x0800a610   0x0800a610   0x00000020   Code   RO         1714    i.__mathlib_dbl_overflow  m_wm.l(dunder.o)
    0x0800a630   0x0800a630   0x00000020   Code   RO         1716    i.__mathlib_dbl_underflow  m_wm.l(dunder.o)
    0x0800a650   0x0800a650   0x00000012   Code   RO         1637    i.__mathlib_narrow  m_wm.l(narrow.o)
    0x0800a662   0x0800a662   0x00000014   Code   RO         1691    i.__support_ldexp   m_wm.l(ldexp.o)
    0x0800a676   0x0800a676   0x0000000e   Code   RO         1371    i._is_digit         c_w.l(__printf_wp.o)
    0x0800a684   0x0800a684   0x00000004   PAD
    0x0800a688   0x0800a688   0x0000008c   Code   RO         1668    i.frexp             m_wm.l(frexp.o)
    0x0800a714   0x0800a714   0x0000002c   Code   RO         1519    locale$$code        c_w.l(lc_ctype_c.o)
    0x0800a740   0x0800a740   0x0000002c   Code   RO         1522    locale$$code        c_w.l(lc_numeric_c.o)
    0x0800a76c   0x0800a76c   0x00000062   Code   RO         1270    x$fpl$d2f           fz_wm.l(d2f.o)
    0x0800a7ce   0x0800a7ce   0x00000002   PAD
    0x0800a7d0   0x0800a7d0   0x00000150   Code   RO         1272    x$fpl$dadd          fz_wm.l(daddsub_clz.o)
    0x0800a920   0x0800a920   0x00000010   Code   RO         1756    x$fpl$dcheck1       fz_wm.l(dcheck1.o)
    0x0800a930   0x0800a930   0x00000018   Code   RO         1524    x$fpl$dcmpinf       fz_wm.l(dcmpi.o)
    0x0800a948   0x0800a948   0x00000078   Code   RO         1426    x$fpl$deqf          fz_wm.l(deqf.o)
    0x0800a9c0   0x0800a9c0   0x0000005e   Code   RO         1280    x$fpl$dfix          fz_wm.l(dfix.o)
    0x0800aa1e   0x0800aa1e   0x0000002e   Code   RO         1285    x$fpl$dflt          fz_wm.l(dflt_clz.o)
    0x0800aa4c   0x0800aa4c   0x00000078   Code   RO         1428    x$fpl$dgeqf         fz_wm.l(dgeqf.o)
    0x0800aac4   0x0800aac4   0x00000078   Code   RO         1430    x$fpl$dleqf         fz_wm.l(dleqf.o)
    0x0800ab3c   0x0800ab3c   0x00000154   Code   RO         1290    x$fpl$dmul          fz_wm.l(dmul.o)
    0x0800ac90   0x0800ac90   0x0000009c   Code   RO         1432    x$fpl$dnaninf       fz_wm.l(dnaninf.o)
    0x0800ad2c   0x0800ad2c   0x0000000c   Code   RO         1434    x$fpl$dretinf       fz_wm.l(dretinf.o)
    0x0800ad38   0x0800ad38   0x0000006c   Code   RO         1662    x$fpl$drleqf        fz_wm.l(drleqf.o)
    0x0800ada4   0x0800ada4   0x000001dc   Code   RO         1274    x$fpl$dsub          fz_wm.l(daddsub_clz.o)
    0x0800af80   0x0800af80   0x00000054   Code   RO         1278    x$fpl$fcmp          fz_wm.l(dcmp.o)
    0x0800afd4   0x0800afd4   0x0000001a   Code   RO         1664    x$fpl$fpinit        fz_wm.l(fpinit.o)
    0x0800afee   0x0800afee   0x0000000a   Code   RO         1438    x$fpl$fretinf       fz_wm.l(fretinf.o)
    0x0800aff8   0x0800aff8   0x00000006   Code   RO         1626    x$fpl$ieeestatus    fz_wm.l(istatus.o)
    0x0800affe   0x0800affe   0x00000004   Code   RO         1440    x$fpl$printf1       fz_wm.l(printf1.o)
    0x0800b002   0x0800b002   0x00000004   Code   RO         1442    x$fpl$printf2       fz_wm.l(printf2.o)
    0x0800b006   0x0800b006   0x00000064   Code   RO         1762    x$fpl$retnan        fz_wm.l(retnan.o)
    0x0800b06a   0x0800b06a   0x0000005c   Code   RO         1708    x$fpl$scalbn        fz_wm.l(scalbn.o)
    0x0800b0c6   0x0800b0c6   0x00000004   Code   RO         1448    x$fpl$scanf1        fz_wm.l(scanf1.o)
    0x0800b0ca   0x0800b0ca   0x00000008   Code   RO         1628    x$fpl$scanf2        fz_wm.l(scanf2.o)
    0x0800b0d2   0x0800b0d2   0x00000030   Code   RO         1764    x$fpl$trapveneer    fz_wm.l(trapv.o)
    0x0800b102   0x0800b102   0x00000000   Code   RO         1450    x$fpl$usenofp       fz_wm.l(usenofp.o)
    0x0800b102   0x0800b102   0x00000002   PAD
    0x0800b104   0x0800b104   0x00000008   Data   RO         1330    .constdata          c_w.l(_printf_wctomb.o)
    0x0800b10c   0x0800b10c   0x00000028   Data   RO         1359    .constdata          c_w.l(_printf_hex_int_ll_ptr.o)
    0x0800b134   0x0800b134   0x00000011   Data   RO         1379    .constdata          c_w.l(__printf_flags_ss_wp.o)
    0x0800b145   0x0800b145   0x00000026   Data   RO         1489    .constdata          c_w.l(_printf_fp_hex.o)
    0x0800b16b   0x0800b16b   0x00000001   PAD
    0x0800b16c   0x0800b16c   0x00000094   Data   RO         1536    .constdata          c_w.l(bigflt0.o)
    0x0800b200   0x0800b200   0x0000000c   Data   RO         1166    .rodata..L__const.CheckMessage_es2cs_auth.required_keys  messagecheck.o
    0x0800b20c   0x0800b20c   0x0000000c   Data   RO         1167    .rodata..L__const.CheckMessage_es2cs_auth.required_keys.12  messagecheck.o
    0x0800b218   0x0800b218   0x00000010   Data   RO           59    .rodata.AHBPrescTable  system_stm32f4xx.o
    0x0800b228   0x0800b228   0x00000008   Data   RO           60    .rodata.APBPrescTable  system_stm32f4xx.o
    0x0800b230   0x0800b230   0x00000011   Data   RO           17    .rodata.PQGE        main.o
    0x0800b241   0x0800b241   0x00000003   PAD
    0x0800b244   0x0800b244   0x00000100   Data   RO         1216    .rodata.k           sha256.o
    0x0800b344   0x0800b344   0x000002af   Data   RO           15    .rodata.str1.1      main.o
    0x0800b5f3   0x0800b5f3   0x00000005   Data   RO          786    .rodata.str1.1      byte2string.o
    0x0800b5f8   0x0800b5f8   0x00000052   Data   RO         1027    .rodata.str1.1      cjson.o
    0x0800b64a   0x0800b64a   0x000002ad   Data   RO         1068    .rodata.str1.1      esp8266.o
    0x0800b8f7   0x0800b8f7   0x0000000c   Data   RO         1128    .rodata.str1.1      can.o
    0x0800b903   0x0800b903   0x0000008c   Data   RO         1165    .rodata.str1.1      messagecheck.o
    0x0800b98f   0x0800b98f   0x00000001   PAD
    0x0800b990   0x0800b990   0x00000020   Data   RO         1767    Region$$Table       anon$$obj.o
    0x0800b9b0   0x0800b9b0   0x00000008   Data   RO         1622    c$$dinf             fz_wm.l(fpconst.o)
    0x0800b9b8   0x0800b9b8   0x00000008   Data   RO         1625    c$$dmax             fz_wm.l(fpconst.o)
    0x0800b9c0   0x0800b9c0   0x00000110   Data   RO         1518    locale$$data        c_w.l(lc_ctype_c.o)
    0x0800bad0   0x0800bad0   0x0000001c   Data   RO         1521    locale$$data        c_w.l(lc_numeric_c.o)


    Execution Region RW_IRAM1 (Exec base: 0x20000000, Load base: 0x0800baf0, Size: 0x00018d50, Max: 0x00020000, ABSOLUTE)

    Exec Addr    Load Addr    Size         Type   Attr      Idx    E Section Name        Object

    0x20000000   0x0800baf0   0x00000004   Data   RW           21    .ARM.use_no_argv    main.o
    0x20000004   0x0800baf4   0x00000001   Data   RW         1126    .data.CAN1_RX0_IRQHandler.data_len  can.o
    0x20000005   0x0800baf5   0x00000003   PAD
    0x20000008   0x0800baf8   0x00000004   Data   RW           58    .data.SystemCoreClock  system_stm32f4xx.o
    0x2000000c   0x0800bafc   0x00000010   Data   RW           16    .data.ecu_ids       main.o
    0x2000001c   0x0800bb0c   0x0000000c   Data   RW         1028    .data.global_hooks  cjson.o
    0x20000028   0x0800bb18   0x00000014   Data   RW         1198    .data.mallco_dev    malloc.o
    0x2000003c   0x0800bb2c   0x00000001   Data   RW          203    .data.uwTickFreq    stm32f4xx_hal.o
    0x2000003d   0x0800bb2d   0x00000003   PAD
    0x20000040   0x0800bb30   0x00000004   Data   RW          202    .data.uwTickPrio    stm32f4xx_hal.o
    0x20000044   0x0800bb34   0x00000004   PAD
    0x20000048        -       0x00000060   Zero   RW         1527    .bss                c_w.l(libspace.o)
    0x200000a8        -       0x00000001   Zero   RW         1124    .bss.IRQflag        can.o
    0x200000a9        -       0x00000041   Zero   RW         1056    .bss.PGID           esp8266.o
    0x200000ea   0x0800bb34   0x00000002   PAD
    0x200000ec        -       0x00000004   Zero   RW         1057    .bss.QCG            esp8266.o
    0x200000f0        -       0x00000004   Zero   RW         1058    .bss.QGC            esp8266.o
    0x200000f4        -       0x00000054   Zero   RW          139    .bss.__stdout       usart.o
    0x20000148        -       0x00000002   Zero   RW         1123    .bss.buffer_index   can.o
    0x2000014a   0x0800bb34   0x00000002   PAD
    0x2000014c        -       0x00000004   Zero   RW           19    .bss.current_ecu_index  main.o
    0x20000150        -       0x00000100   Zero   RW         1127    .bss.data_buffer    can.o
    0x20000250        -       0x00000004   Zero   RW         1066    .bss.escaped_out1   esp8266.o
    0x20000254        -       0x00000004   Zero   RW         1059    .bss.esp_rxflag     esp8266.o
    0x20000258        -       0x00000001   Zero   RW           18    .bss.g_auth_state   main.o
    0x20000259   0x0800bb34   0x00000003   PAD
    0x2000025c        -       0x00000028   Zero   RW         1125    .bss.g_canx_handler  can.o
    0x20000284        -       0x0000001c   Zero   RW         1130    .bss.g_canx_rxheader  can.o
    0x200002a0        -       0x00000004   Zero   RW           76    .bss.g_fac_us       delay.o
    0x200002a4        -       0x00000001   Zero   RW          135    .bss.g_rx_buffer    usart.o
    0x200002a5   0x0800bb34   0x00000003   PAD
    0x200002a8        -       0x00000044   Zero   RW          134    .bss.g_uart1_handle  usart.o
    0x200002ec        -       0x00000044   Zero   RW          136    .bss.g_uart3_handle  usart.o
    0x20000330        -       0x00000200   Zero   RW          138    .bss.g_usart_rx_buf  usart.o
    0x20000530        -       0x00000002   Zero   RW          131    .bss.g_usart_rx_sta  usart.o
    0x20000532   0x0800bb34   0x00000002   PAD
    0x20000534        -       0x00000008   Zero   RW         1025    .bss.global_error   cjson.o
    0x2000053c        -       0x00000004   Zero   RW         1071    .bss.json_es2cs     esp8266.o
    0x20000540        -       0x00004000   Zero   RW         1196    .bss.membase        malloc.o
    0x20004540        -       0x00000400   Zero   RW         1197    .bss.memmapbase     malloc.o
    0x20004940        -       0x00000200   Zero   RW         1070    .bss.msg1_body      esp8266.o
    0x20004b40        -       0x00000004   Zero   RW         1064    .bss.out            esp8266.o
    0x20004b44        -       0x00000200   Zero   RW          137    .bss.receive_buf    usart.o
    0x20004d44        -       0x00000002   Zero   RW          132    .bss.receive_count  usart.o
    0x20004d46        -       0x00000002   Zero   RW          133    .bss.receive_finish  usart.o
    0x20004d48        -       0x00000004   Zero   RW          204    .bss.uwTick         stm32f4xx_hal.o
    0x20004d4c   0x0800bb34   0x00000004   PAD
    0x20004d50        -       0x00010000   Zero   RW            2    HEAP                startup_stm32f407xx.o
    0x20014d50        -       0x00004000   Zero   RW            1    STACK               startup_stm32f407xx.o


==============================================================================

Image component sizes


      Code (inc. data)   RO Data    RW Data    ZI Data      Debug   Object Name

        74          0          5          0          0        781   byte2string.o
      1076         68         12          1        327       9050   can.o
      8236        176         82         12          8      31641   cjson.o
       188          0          0          0          4       1468   delay.o
      1452          0        685          0        601       3696   esp8266.o
       290          0          0          0          0       2638   key.o
       176          0          0          0          0       2117   led.o
      2842          0        704         20          5       4294   main.o
       780          0          0         20      17408       3003   malloc.o
       932          6        164          0          0       3975   messagecheck.o
      1114          0        256          0          0       2953   sha256.o
        80         32        392          0      81920       1000   startup_stm32f407xx.o
       212          0          0          5          4       7129   stm32f4xx_hal.o
      1614          0          0          0          0      11331   stm32f4xx_hal_can.o
       482          0          0          0          0       9449   stm32f4xx_hal_cortex.o
       302          0          0          0          0       8442   stm32f4xx_hal_dma.o
       996          0          0          0          0       5117   stm32f4xx_hal_gpio.o
      2646          0          0          0          0       7597   stm32f4xx_hal_rcc.o
      2616          0          0          0          0      17988   stm32f4xx_hal_uart.o
        32          0          0          0          0       1028   stm32f4xx_it.o
       270          0          0          0          0       4428   sys.o
        18          0         24          4          0       2627   system_stm32f4xx.o
      1168          0          0          0       1251       8630   usart.o

    ----------------------------------------------------------------------
     27750        282       2360         68     101548     150382   Object Totals
         0          0         32          0          0          0   (incl. Generated)
       154          0          4          6         20          0   (incl. Padding)

    ----------------------------------------------------------------------

      Code (inc. data)   RO Data    RW Data    ZI Data      Debug   Library Member Name

         8          0          0          0          0         68   __main.o
       392          4         17          0          0         92   __printf_flags_ss_wp.o
        14          0          0          0          0         68   __printf_wp.o
         0          0          0          0          0          0   __rtentry.o
        12          0          0          0          0          0   __rtentry2.o
         6          0          0          0          0          0   __rtentry4.o
        52          8          0          0          0          0   __scatter.o
        26          0          0          0          0          0   __scatter_copy.o
        28          0          0          0          0          0   __scatter_zi.o
       124          0          0          0          0         92   __strtoull.o
        72          0          0          0          0         96   _c16rtomb.o
        28          0          0          0          0         68   _chval.o
        64          0          0          0          0         84   _mbrtoc16.o
         6          0          0          0          0          0   _printf_a.o
         6          0          0          0          0          0   _printf_c.o
        44          0          0          0          0        108   _printf_char.o
        48          6          0          0          0         96   _printf_char_common.o
        36          4          0          0          0         80   _printf_char_file.o
        40          0          0          0          0         68   _printf_charcount.o
         6          0          0          0          0          0   _printf_d.o
       120         16          0          0          0         92   _printf_dec.o
         6          0          0          0          0          0   _printf_e.o
         6          0          0          0          0          0   _printf_f.o
      1052          0          0          0          0        148   _printf_fp_dec.o
       764          8         38          0          0        100   _printf_fp_hex.o
       128         16          0          0          0         84   _printf_fp_infnan.o
         6          0          0          0          0          0   _printf_g.o
       148          4         40          0          0        160   _printf_hex_int_ll_ptr.o
         6          0          0          0          0          0   _printf_i.o
       178          0          0          0          0         88   _printf_intcommon.o
        10          0          0          0          0          0   _printf_l.o
         6          0          0          0          0          0   _printf_lc.o
        10          0          0          0          0          0   _printf_ll.o
         6          0          0          0          0          0   _printf_lld.o
         6          0          0          0          0          0   _printf_lli.o
         6          0          0          0          0          0   _printf_llo.o
         6          0          0          0          0          0   _printf_llu.o
         6          0          0          0          0          0   _printf_llx.o
       124         16          0          0          0         92   _printf_longlong_dec.o
         6          0          0          0          0          0   _printf_ls.o
         6          0          0          0          0          0   _printf_n.o
         6          0          0          0          0          0   _printf_o.o
       112          8          0          0          0        124   _printf_oct_int_ll.o
         6          0          0          0          0          0   _printf_p.o
        78          0          0          0          0        108   _printf_pad.o
         0          0          0          0          0          0   _printf_percent.o
         4          0          0          0          0          0   _printf_percent_end.o
         6          0          0          0          0          0   _printf_s.o
        82          0          0          0          0         80   _printf_str.o
        36          0          0          0          0         84   _printf_truncate.o
         6          0          0          0          0          0   _printf_u.o
        44          0          0          0          0        108   _printf_wchar.o
       188          6          8          0          0         92   _printf_wctomb.o
         6          0          0          0          0          0   _printf_x.o
        22          0          0          0          0        100   _rserrno.o
       884          6          0          0          0        100   _scanf.o
       332          0          0          0          0         96   _scanf_int.o
       342          0          0          0          0        100   _scanf_longlong.o
       276          0          0          0          0        100   _scanf_mbtowc.o
       224          0          0          0          0         96   _scanf_str.o
        30          0          0          0          0         76   _scanf_wcharmap.o
       232          0          0          0          0        100   _scanf_wctomb.o
       208          0          0          0          0         96   _scanf_wstr.o
        64          0          0          0          0         84   _sgetc.o
        16          0          0          0          0         68   _snputc.o
        10          0          0          0          0         68   _sputc.o
       194          0          0          0          0         96   _strtoull.o
       228          4        148          0          0         96   bigflt0.o
      2152        136          0          0          0        956   btod.o
        18          0          0          0          0         80   exit.o
         8          0          0          0          0         68   ferror.o
         6          0          0          0          0        152   heapauxi.o
        18          0          0          0          0         76   isspace.o
        44         10        272          0          0         76   lc_ctype_c.o
        44         10         28          0          0         76   lc_numeric_c.o
         2          0          0          0          0          0   libinit.o
        34          0          0          0          0          0   libinit2.o
         2          0          0          0          0          0   libshutdown.o
         2          0          0          0          0          0   libshutdown2.o
         8          4          0          0         96         68   libspace.o
        38          0          0          0          0         68   llshl.o
       138          0          0          0          0         80   lludiv10.o
       240          0          0          0          0        100   lludivv7m.o
        24          4          0          0          0         84   printf.o
        16          4          0          0          0         76   rt_ctype_table.o
         8          4          0          0          0         68   rt_errno_addr_intlibspace.o
         8          4          0          0          0         68   rt_locale_intlibspace.o
        68          0          0          0          0         68   rt_memclr.o
        78          0          0          0          0         80   rt_memclr_w.o
       138          0          0          0          0         68   rt_memcpy_v6.o
       100          0          0          0          0         80   rt_memcpy_w.o
         2          0          0          0          0          0   rtexit.o
        10          0          0          0          0          0   rtexit2.o
        44          8          0          0          0         84   scanf_char.o
      1272         16          0          0          0        168   scanf_fp.o
       800         14          0          0          0        100   scanf_hexfp.o
       308         16          0          0          0        100   scanf_infnan.o
        56          6          0          0          0         88   snprintf.o
        44          6          0          0          0         84   sprintf.o
        60          8          0          0          0         84   sscanf.o
        24          0          0          0          0         68   strcat.o
       124          0          0          0          0         88   strcmpv7em.o
        72          0          0          0          0         80   strcpy.o
        62          0          0          0          0         76   strlen.o
       150          0          0          0          0         80   strncmp.o
        86          0          0          0          0         76   strncpy.o
        28          0          0          0          0         80   strspn.o
        36          0          0          0          0         80   strstr.o
       176         14          0          0          0        124   strtod.o
         4          0          0          0          0         68   strtoull.o
        74          0          0          0          0         80   sys_stackheap_outer.o
        26          0          0          0          0         76   tolower.o
         2          0          0          0          0         68   use_no_semi.o
         2          0          0          0          0         68   use_no_semi_2.o
        98          4          0          0          0        140   d2f.o
       812         16          0          0          0        392   daddsub_clz.o
        16          4          0          0          0        116   dcheck1.o
        84          0          0          0          0        244   dcmp.o
        24          0          0          0          0        116   dcmpi.o
       120          4          0          0          0        140   deqf.o
        94          4          0          0          0        140   dfix.o
        46          0          0          0          0        116   dflt_clz.o
       120          4          0          0          0        140   dgeqf.o
       120          4          0          0          0        140   dleqf.o
       340         12          0          0          0        152   dmul.o
       156          4          0          0          0        140   dnaninf.o
        12          0          0          0          0        116   dretinf.o
       108          0          0          0          0        128   drleqf.o
         0          0         16          0          0          0   fpconst.o
        26          0          0          0          0        116   fpinit.o
        10          0          0          0          0        116   fretinf.o
         6          0          0          0          0        116   istatus.o
         4          0          0          0          0        116   printf1.o
         4          0          0          0          0        116   printf2.o
       100          0          0          0          0        116   retnan.o
        92          0          0          0          0        116   scalbn.o
         4          0          0          0          0        116   scanf1.o
         8          0          0          0          0        132   scanf2.o
        48          0          0          0          0        116   trapv.o
         0          0          0          0          0          0   usenofp.o
        64         16          0          0          0        248   dunder.o
        48          0          0          0          0        124   fpclassify.o
       140         22          0          0          0        132   frexp.o
       228          8          0          0          0        308   ldexp.o
       266         16          0          0          0        308   narrow.o
        40          8          0          0          0        128   strtod.o

    ----------------------------------------------------------------------
     17174        496        568          0         96      12412   Library Totals
        26          0          1          0          0          0   (incl. Padding)

    ----------------------------------------------------------------------

      Code (inc. data)   RO Data    RW Data    ZI Data      Debug   Library Name

     13910        370        551          0         96       7768   c_w.l
      2452         56         16          0          0       3396   fz_wm.l
       786         70          0          0          0       1248   m_wm.l

    ----------------------------------------------------------------------
     17174        496        568          0         96      12412   Library Totals

    ----------------------------------------------------------------------

==============================================================================


      Code (inc. data)   RO Data    RW Data    ZI Data      Debug   

     44924        778       2928         68     101644     154806   Grand Totals
     44924        778       2928         68     101644     154806   ELF Image Totals
     44924        778       2928         68          0          0   ROM Totals

==============================================================================

    Total RO  Size (Code + RO Data)                47852 (  46.73kB)
    Total RW  Size (RW Data + ZI Data)            101712 (  99.33kB)
    Total ROM Size (Code + RO Data + RW Data)      47920 (  46.80kB)

==============================================================================

