Component: ARM Compiler 5.06 update 7 (build 960) Tool: armlink [4d3601]

==============================================================================

Section Cross References

    startup_stm32f103xe.o(STACK) refers (Special) to heapauxi.o(.text) for __use_two_region_memory
    startup_stm32f103xe.o(HEAP) refers (Special) to heapauxi.o(.text) for __use_two_region_memory
    startup_stm32f103xe.o(RESET) refers (Special) to heapauxi.o(.text) for __use_two_region_memory
    startup_stm32f103xe.o(RESET) refers to startup_stm32f103xe.o(STACK) for __initial_sp
    startup_stm32f103xe.o(RESET) refers to startup_stm32f103xe.o(.text) for Reset_Handler
    startup_stm32f103xe.o(RESET) refers to stm32f1xx_it.o(i.NMI_Handler) for NMI_Handler
    startup_stm32f103xe.o(RESET) refers to stm32f1xx_it.o(i.HardFault_Handler) for HardFault_Handler
    startup_stm32f103xe.o(RESET) refers to stm32f1xx_it.o(i.MemManage_Handler) for MemManage_Handler
    startup_stm32f103xe.o(RESET) refers to stm32f1xx_it.o(i.BusFault_Handler) for BusFault_Handler
    startup_stm32f103xe.o(RESET) refers to stm32f1xx_it.o(i.UsageFault_Handler) for UsageFault_Handler
    startup_stm32f103xe.o(RESET) refers to stm32f1xx_it.o(i.SVC_Handler) for SVC_Handler
    startup_stm32f103xe.o(RESET) refers to stm32f1xx_it.o(i.DebugMon_Handler) for DebugMon_Handler
    startup_stm32f103xe.o(RESET) refers to stm32f1xx_it.o(i.PendSV_Handler) for PendSV_Handler
    startup_stm32f103xe.o(RESET) refers to stm32f1xx_it.o(i.SysTick_Handler) for SysTick_Handler
    startup_stm32f103xe.o(RESET) refers to usmart_port.o(i.TIM4_IRQHandler) for TIM4_IRQHandler
    startup_stm32f103xe.o(RESET) refers to usart.o(i.USART1_IRQHandler) for USART1_IRQHandler
    startup_stm32f103xe.o(.text) refers (Special) to heapauxi.o(.text) for __use_two_region_memory
    startup_stm32f103xe.o(.text) refers to system_stm32f1xx.o(i.SystemInit) for SystemInit
    startup_stm32f103xe.o(.text) refers to __main.o(!!!main) for __main
    startup_stm32f103xe.o(.text) refers to startup_stm32f103xe.o(HEAP) for Heap_Mem
    startup_stm32f103xe.o(.text) refers to startup_stm32f103xe.o(STACK) for Stack_Mem
    main.o(i.SystemClock_Config) refers to rt_memclr_w.o(.text) for __aeabi_memclr4
    main.o(i.SystemClock_Config) refers to stm32f1xx_hal_rcc.o(i.HAL_RCC_OscConfig) for HAL_RCC_OscConfig
    main.o(i.SystemClock_Config) refers to stm32f1xx_hal_rcc.o(i.HAL_RCC_ClockConfig) for HAL_RCC_ClockConfig
    main.o(i.main) refers to _printf_pad.o(.text) for _printf_pre_padding
    main.o(i.main) refers to _printf_percent.o(.ARM.Collect$$_printf_percent$$00000000) for _printf_percent
    main.o(i.main) refers to _printf_x.o(.ARM.Collect$$_printf_percent$$0000000C) for _printf_x
    main.o(i.main) refers to _printf_hex_int.o(.text) for _printf_longlong_hex
    main.o(i.main) refers to _printf_d.o(.ARM.Collect$$_printf_percent$$00000009) for _printf_d
    main.o(i.main) refers to _printf_dec.o(.text) for _printf_int_dec
    main.o(i.main) refers to _printf_s.o(.ARM.Collect$$_printf_percent$$00000014) for _printf_s
    main.o(i.main) refers to _printf_str.o(.text) for _printf_str
    main.o(i.main) refers to stm32f1xx_hal.o(i.HAL_Init) for HAL_Init
    main.o(i.main) refers to sys.o(i.sys_stm32_clock_init) for sys_stm32_clock_init
    main.o(i.main) refers to delay.o(i.delay_init) for delay_init
    main.o(i.main) refers to usart.o(i.usart_init) for usart_init
    main.o(i.main) refers to led.o(i.led_init) for led_init
    main.o(i.main) refers to can.o(i.can_init) for can_init
    main.o(i.main) refers to rand.o(.text) for srand
    main.o(i.main) refers to can.o(i.ecu_handle_can_receive) for ecu_handle_can_receive
    main.o(i.main) refers to __2printf.o(.text) for __2printf
    main.o(i.main) refers to delay.o(i.delay_ms) for delay_ms
    main.o(i.main) refers to rand.o(.emb_text) for rand
    main.o(i.main) refers to __2sprintf.o(.text) for __2sprintf
    main.o(i.main) refers to cmox_cipher.c.o(.text) for cmox_cipher_encrypt
    main.o(i.main) refers to cmox_mac.c.o(.text) for cmox_mac_compute
    main.o(i.main) refers to cjson.o(i.cJSON_CreateObject) for cJSON_CreateObject
    main.o(i.main) refers to cjson.o(i.cJSON_AddStringToObject) for cJSON_AddStringToObject
    main.o(i.main) refers to cjson.o(i.cJSON_Print) for cJSON_Print
    main.o(i.main) refers to strlen.o(.text) for strlen
    main.o(i.main) refers to can.o(i.can_send_msg) for can_send_msg
    main.o(i.main) refers to delay.o(i.HAL_Delay) for HAL_Delay
    main.o(i.main) refers to cjson.o(i.cJSON_Delete) for cJSON_Delete
    main.o(i.main) refers to h1_free.o(.text) for free
    main.o(i.main) refers to cjson.o(i.cJSON_Parse) for cJSON_Parse
    main.o(i.main) refers to cjson.o(i.cJSON_GetObjectItemCaseSensitive) for cJSON_GetObjectItemCaseSensitive
    main.o(i.main) refers to rt_memcpy_v6.o(.text) for __aeabi_memcpy
    main.o(i.main) refers to json_handle.o(i.StringToByte) for StringToByte
[...]
    sponge_squeeze                           0x080013f1   Thumb Code   140  cmox_keccak.c.o(.text)
    cmox_sm4_encrypt                         0x0800147d   Thumb Code   348  cmox_sm4_common.c.o(.text)
    cmox_utils_robustCmp                     0x0800164d   Thumb Code   240  cmox_utils_compare.c.o(.text)
    keccakP1600_init                         0x0800173d   Thumb Code     0  cmox_keccak_p_1600_armv7m_ewarm.s.o(.text)
    keccakP1600_add_byte                     0x08001761   Thumb Code     0  cmox_keccak_p_1600_armv7m_ewarm.s.o(.text)
    keccakP1600_add_bytes                    0x08001975   Thumb Code     0  cmox_keccak_p_1600_armv7m_ewarm.s.o(.text)
    KeccakP1600_OverwriteBytes               0x08001b2d   Thumb Code     0  cmox_keccak_p_1600_armv7m_ewarm.s.o(.text)
    KeccakP1600_OverwriteWithZeroes          0x08001b75   Thumb Code     0  cmox_keccak_p_1600_armv7m_ewarm.s.o(.text)
    keccakP1600_extract                      0x08001cd1   Thumb Code     0  cmox_keccak_p_1600_armv7m_ewarm.s.o(.text)
    KeccakP1600_ExtractAndAddBytes           0x08001e51   Thumb Code     0  cmox_keccak_p_1600_armv7m_ewarm.s.o(.text)
    KeccakP1600_Permute_Nrounds              0x08003225   Thumb Code     0  cmox_keccak_p_1600_armv7m_ewarm.s.o(.text)
    KeccakP1600_Permute_12rounds             0x08003511   Thumb Code     0  cmox_keccak_p_1600_armv7m_ewarm.s.o(.text)
    keccakP1600_permute_24_rounds            0x08003519   Thumb Code     0  cmox_keccak_p_1600_armv7m_ewarm.s.o(.text)
    __use_no_semihosting                     0x080035e5   Thumb Code     2  use_no_semi_2.o(.text)
    malloc                                   0x080035e7   Thumb Code    94  h1_alloc.o(.text)
    free                                     0x08003645   Thumb Code    78  h1_free.o(.text)
    realloc                                  0x08003693   Thumb Code   184  h1_realloc.o(.text)
    tolower                                  0x0800374b   Thumb Code    26  tolower.o(.text)
    toupper                                  0x08003765   Thumb Code    30  toupper.o(.text)
    __2printf                                0x08003785   Thumb Code    20  __2printf.o(.text)
    __2sprintf                               0x0800379d   Thumb Code    38  __2sprintf.o(.text)
    _printf_pre_padding                      0x080037c9   Thumb Code    44  _printf_pad.o(.text)
    _printf_post_padding                     0x080037f5   Thumb Code    34  _printf_pad.o(.text)
    _printf_str                              0x08003817   Thumb Code    82  _printf_str.o(.text)
    _printf_int_dec                          0x08003869   Thumb Code   104  _printf_dec.o(.text)
    _printf_int_hex                          0x080038e1   Thumb Code    84  _printf_hex_int.o(.text)
    _printf_longlong_hex                     0x080038e1   Thumb Code     0  _printf_hex_int.o(.text)
    __printf                                 0x08003939   Thumb Code   388  __printf_flags_ss_wp.o(.text)
    __0sscanf                                0x08003ac1   Thumb Code    52  __0sscanf.o(.text)
    srand                                    0x08003afd   Thumb Code    42  rand.o(.text)
    _rand_init                               0x08003b27   Thumb Code     4  rand.o(.text)
    strcpy                                   0x08003b39   Thumb Code    72  strcpy.o(.text)
    strlen                                   0x08003b81   Thumb Code    62  strlen.o(.text)
    strncmp                                  0x08003bbf   Thumb Code   150  strncmp.o(.text)
    __aeabi_memcpy                           0x08003c55   Thumb Code     0  rt_memcpy_v6.o(.text)
    __rt_memcpy                              0x08003c55   Thumb Code   138  rt_memcpy_v6.o(.text)
    _memcpy_lastbytes                        0x08003cbb   Thumb Code     0  rt_memcpy_v6.o(.text)
    __aeabi_memcpy4                          0x08003cdf   Thumb Code     0  rt_memcpy_w.o(.text)
    __aeabi_memcpy8                          0x08003cdf   Thumb Code     0  rt_memcpy_w.o(.text)
    __rt_memcpy_w                            0x08003cdf   Thumb Code   100  rt_memcpy_w.o(.text)
    _memcpy_lastbytes_aligned                0x08003d27   Thumb Code     0  rt_memcpy_w.o(.text)
    __aeabi_memclr4                          0x08003d43   Thumb Code     0  rt_memclr_w.o(.text)
    __aeabi_memclr8                          0x08003d43   Thumb Code     0  rt_memclr_w.o(.text)
    __rt_memclr_w                            0x08003d43   Thumb Code    78  rt_memclr_w.o(.text)
    _memset_w                                0x08003d47   Thumb Code     0  rt_memclr_w.o(.text)
    strcmp                                   0x08003d91   Thumb Code   128  strcmpv7m.o(.text)
    __use_two_region_memory                  0x08003e11   Thumb Code     2  heapauxi.o(.text)
    __rt_heap_escrow                         0x08003e13   Thumb Code     2  heapauxi.o(.text)
    __rt_heap_expand                         0x08003e15   Thumb Code     2  heapauxi.o(.text)
    __semihosting$guard                      0x08003e17   Thumb Code     0  use_no_semi.o(.text)
    __use_no_semihosting_swi                 0x08003e17   Thumb Code     2  use_no_semi.o(.text)
    __rt_ctype_table                         0x08003e19   Thumb Code    16  rt_ctype_table.o(.text)
    __rt_heap_descriptor                     0x08003e29   Thumb Code     8  rt_heap_descriptor_intlibspace.o(.text)
    __use_no_heap                            0x08003e31   Thumb Code     2  hguard.o(.text)
    __heap$guard                             0x08003e33   Thumb Code     2  hguard.o(.text)
    _terminate_user_alloc                    0x08003e35   Thumb Code     2  init_alloc.o(.text)
    _init_user_alloc                         0x08003e37   Thumb Code     2  init_alloc.o(.text)
    __Heap_Full                              0x08003e39   Thumb Code    34  init_alloc.o(.text)
    __Heap_Broken                            0x08003e5b   Thumb Code     6  init_alloc.o(.text)
    _init_alloc                              0x08003e61   Thumb Code    94  init_alloc.o(.text)
    __Heap_Initialize                        0x08003ebf   Thumb Code    10  h1_init.o(.text)
    __Heap_DescSize                          0x08003ec9   Thumb Code     4  h1_init.o(.text)
    _printf_int_common                       0x08003ecd   Thumb Code   178  _printf_intcommon.o(.text)
    __lib_sel_fp_printf                      0x08003f7f   Thumb Code     2  _printf_fp_dec.o(.text)
    _printf_fp_dec_real                      0x08004131   Thumb Code   620  _printf_fp_dec.o(.text)
    _printf_char_common                      0x080043a7   Thumb Code    32  _printf_char_common.o(.text)
    _sputc                                   0x080043cd   Thumb Code    10  _sputc.o(.text)
    _printf_cs_common                        0x080043d7   Thumb Code    20  _printf_char.o(.text)
    _printf_char                             0x080043eb   Thumb Code    16  _printf_char.o(.text)
    _printf_string                           0x080043fb   Thumb Code     8  _printf_char.o(.text)
    _printf_char_file                        0x08004405   Thumb Code    32  _printf_char_file.o(.text)
    _scanf_really_real                       0x08004675   Thumb Code   684  scanf_fp.o(.text)
    __vfscanf_char                           0x0800492d   Thumb Code    24  scanf_char.o(.text)
    _sgetc                                   0x0800494d   Thumb Code    30  _sgetc.o(.text)
    _sbackspace                              0x0800496b   Thumb Code    34  _sgetc.o(.text)
    __strtod_int                             0x080049c9   Thumb Code    90  strtod.o(.text)
    __user_libspace                          0x08004a31   Thumb Code     8  libspace.o(.text)
    __user_perproc_libspace                  0x08004a31   Thumb Code     0  libspace.o(.text)
    __user_perthread_libspace                0x08004a31   Thumb Code     0  libspace.o(.text)
    __rt_locale                              0x08004a39   Thumb Code     8  rt_locale_intlibspace.o(.text)
    __aeabi_errno_addr                       0x08004a41   Thumb Code     8  rt_errno_addr_intlibspace.o(.text)
    __errno$intlibspace                      0x08004a41   Thumb Code     0  rt_errno_addr_intlibspace.o(.text)
    __rt_errno_addr$intlibspace              0x08004a41   Thumb Code     0  rt_errno_addr_intlibspace.o(.text)
    __Heap_ProvideMemory                     0x08004a49   Thumb Code    52  h1_extend.o(.text)
    _ll_udiv10                               0x08004a7d   Thumb Code   138  lludiv10.o(.text)
    isspace                                  0x08004b07   Thumb Code    18  isspace.o(.text)
    _printf_fp_infnan                        0x08004b19   Thumb Code   112  _printf_fp_infnan.o(.text)
    __vfscanf                                0x08004b99   Thumb Code   880  _scanf.o(.text)
    _btod_etento                             0x08004f0d   Thumb Code   224  bigflt0.o(.text)
    ferror                                   0x08004ff1   Thumb Code     8  ferror.o(.text)
    __rt_SIGRTMEM                            0x08004ff9   Thumb Code    14  defsig_rtmem_outer.o(.text)
    __user_setup_stackheap                   0x08005007   Thumb Code    74  sys_stackheap_outer.o(.text)
    __read_errno                             0x08005051   Thumb Code    10  _rserrno.o(.text)
    __set_errno                              0x0800505b   Thumb Code    12  _rserrno.o(.text)
    _scanf_really_hex_real                   0x08005069   Thumb Code   786  scanf_hexfp.o(.text)
    _scanf_really_infnan                     0x08005389   Thumb Code   292  scanf_infnan.o(.text)
    exit                                     0x080054bd   Thumb Code    18  exit.o(.text)
    __sig_exit                               0x080054cf   Thumb Code    10  defsig_exit.o(.text)
    __rt_SIGRTMEM_inner                      0x080054d9   Thumb Code    22  defsig_rtmem_inner.o(.text)
    __aeabi_llsl                             0x08005529   Thumb Code     0  llshl.o(.text)
    _ll_shift_l                              0x08005529   Thumb Code    38  llshl.o(.text)
    _chval                                   0x0800554f   Thumb Code    28  _chval.o(.text)
    __default_signal_display                 0x0800556b   Thumb Code    50  defsig_general.o(.text)
    _btod_d2e                                0x0800559d   Thumb Code    62  btod.o(CL$$btod_d2e)
    _d2e_denorm_low                          0x080055db   Thumb Code    70  btod.o(CL$$btod_d2e_denorm_low)
    _d2e_norm_op1                            0x08005621   Thumb Code    96  btod.o(CL$$btod_d2e_norm_op1)
    __btod_div_common                        0x08005681   Thumb Code   696  btod.o(CL$$btod_div_common)
    _e2d                                     0x080059b9   Thumb Code   122  btod.o(CL$$btod_e2d)
    _e2e                                     0x08005a3d   Thumb Code   220  btod.o(CL$$btod_e2e)
    _btod_ediv                               0x08005b19   Thumb Code    42  btod.o(CL$$btod_ediv)
    _btod_edivd                              0x08005b43   Thumb Code    42  btod.o(CL$$btod_edivd)
    _btod_emul                               0x08005b6d   Thumb Code    42  btod.o(CL$$btod_emul)
    _btod_emuld                              0x08005b97   Thumb Code    42  btod.o(CL$$btod_emuld)
    __btod_mult_common                       0x08005bc1   Thumb Code   580  btod.o(CL$$btod_mult_common)
    BusFault_Handler                         0x08005e05   Thumb Code     4  stm32f1xx_it.o(i.BusFault_Handler)
    DebugMon_Handler                         0x08005e09   Thumb Code     2  stm32f1xx_it.o(i.DebugMon_Handler)
    HAL_CAN_AddTxMessage                     0x08005e0b   Thumb Code   342  stm32f1xx_hal_can.o(i.HAL_CAN_AddTxMessage)
    HAL_CAN_ConfigFilter                     0x08005f61   Thumb Code   266  stm32f1xx_hal_can.o(i.HAL_CAN_ConfigFilter)
    HAL_CAN_GetRxFifoFillLevel               0x0800606b   Thumb Code    40  stm32f1xx_hal_can.o(i.HAL_CAN_GetRxFifoFillLevel)
    HAL_CAN_GetRxMessage                     0x08006093   Thumb Code   378  stm32f1xx_hal_can.o(i.HAL_CAN_GetRxMessage)
    HAL_CAN_GetTxMailboxesFreeLevel          0x0800620d   Thumb Code    54  stm32f1xx_hal_can.o(i.HAL_CAN_GetTxMailboxesFreeLevel)
    HAL_CAN_Init                             0x08006243   Thumb Code   372  stm32f1xx_hal_can.o(i.HAL_CAN_Init)
    HAL_CAN_MspInit                          0x080063b9   Thumb Code   150  can.o(i.HAL_CAN_MspInit)
    HAL_CAN_Start                            0x0800645d   Thumb Code    94  stm32f1xx_hal_can.o(i.HAL_CAN_Start)
    HAL_DMA_Abort_IT                         0x080064bd   Thumb Code   414  stm32f1xx_hal_dma.o(i.HAL_DMA_Abort_IT)
    HAL_Delay                                0x08006665   Thumb Code    12  delay.o(i.HAL_Delay)
    HAL_GPIO_Init                            0x08006671   Thumb Code   792  stm32f1xx_hal_gpio.o(i.HAL_GPIO_Init)
    HAL_GPIO_WritePin                        0x080069b1   Thumb Code    12  stm32f1xx_hal_gpio.o(i.HAL_GPIO_WritePin)
    HAL_GetTick                              0x080069bd   Thumb Code     6  stm32f1xx_hal.o(i.HAL_GetTick)
    HAL_IncTick                              0x080069c9   Thumb Code    16  stm32f1xx_hal.o(i.HAL_IncTick)
    HAL_Init                                 0x080069e1   Thumb Code    34  stm32f1xx_hal.o(i.HAL_Init)
    HAL_InitTick                             0x08006a09   Thumb Code    64  stm32f1xx_hal.o(i.HAL_InitTick)
    HAL_MspInit                              0x08006a55   Thumb Code     2  stm32f1xx_hal.o(i.HAL_MspInit)
    HAL_NVIC_EnableIRQ                       0x08006a57   Thumb Code    32  stm32f1xx_hal_cortex.o(i.HAL_NVIC_EnableIRQ)
    HAL_NVIC_SetPriority                     0x08006a77   Thumb Code   124  stm32f1xx_hal_cortex.o(i.HAL_NVIC_SetPriority)
    HAL_NVIC_SetPriorityGrouping             0x08006af5   Thumb Code    32  stm32f1xx_hal_cortex.o(i.HAL_NVIC_SetPriorityGrouping)
    HAL_RCC_ClockConfig                      0x08006b1d   Thumb Code   376  stm32f1xx_hal_rcc.o(i.HAL_RCC_ClockConfig)
    HAL_RCC_GetHCLKFreq                      0x08006ca9   Thumb Code     6  stm32f1xx_hal_rcc.o(i.HAL_RCC_GetHCLKFreq)
    HAL_RCC_GetPCLK1Freq                     0x08006cb5   Thumb Code    22  stm32f1xx_hal_rcc.o(i.HAL_RCC_GetPCLK1Freq)
    HAL_RCC_GetPCLK2Freq                     0x08006cd5   Thumb Code    22  stm32f1xx_hal_rcc.o(i.HAL_RCC_GetPCLK2Freq)
    HAL_RCC_GetSysClockFreq                  0x08006cf5   Thumb Code   116  stm32f1xx_hal_rcc.o(i.HAL_RCC_GetSysClockFreq)
    HAL_RCC_OscConfig                        0x08006d89   Thumb Code  1114  stm32f1xx_hal_rcc.o(i.HAL_RCC_OscConfig)
    HAL_SYSTICK_Config                       0x080071ed   Thumb Code    52  stm32f1xx_hal_cortex.o(i.HAL_SYSTICK_Config)
    HAL_TIM_Base_Init                        0x08007221   Thumb Code   102  stm32f1xx_hal_tim.o(i.HAL_TIM_Base_Init)
    HAL_TIM_Base_MspInit                     0x08007287   Thumb Code     2  stm32f1xx_hal_tim.o(i.HAL_TIM_Base_MspInit)
    HAL_TIM_Base_Start_IT                    0x08007289   Thumb Code   122  stm32f1xx_hal_tim.o(i.HAL_TIM_Base_Start_IT)
    HAL_UART_ErrorCallback                   0x08007319   Thumb Code     2  stm32f1xx_hal_uart.o(i.HAL_UART_ErrorCallback)
    HAL_UART_IRQHandler                      0x0800731d   Thumb Code   334  stm32f1xx_hal_uart.o(i.HAL_UART_IRQHandler)
    HAL_UART_Init                            0x08007471   Thumb Code   114  stm32f1xx_hal_uart.o(i.HAL_UART_Init)
    HAL_UART_MspInit                         0x080074e5   Thumb Code   168  usart.o(i.HAL_UART_MspInit)
    HAL_UART_Receive_IT                      0x08007599   Thumb Code   112  stm32f1xx_hal_uart.o(i.HAL_UART_Receive_IT)
    HAL_UART_RxCpltCallback                  0x08007609   Thumb Code   134  usart.o(i.HAL_UART_RxCpltCallback)
    HAL_UART_TxCpltCallback                  0x080076a5   Thumb Code     2  stm32f1xx_hal_uart.o(i.HAL_UART_TxCpltCallback)
    HardFault_Handler                        0x080076a7   Thumb Code     4  stm32f1xx_it.o(i.HardFault_Handler)
    MemManage_Handler                        0x080076ab   Thumb Code     4  stm32f1xx_it.o(i.MemManage_Handler)
    NMI_Handler                              0x080076af   Thumb Code     2  stm32f1xx_it.o(i.NMI_Handler)
    PendSV_Handler                           0x080076b1   Thumb Code     2  stm32f1xx_it.o(i.PendSV_Handler)
    ProcessData                              0x080076b5   Thumb Code    68  can.o(i.ProcessData)
    SVC_Handler                              0x0800774d   Thumb Code     2  stm32f1xx_it.o(i.SVC_Handler)
    StringToByte                             0x0800774f   Thumb Code    94  json_handle.o(i.StringToByte)
    SysTick_Handler                          0x080077ad   Thumb Code     8  stm32f1xx_it.o(i.SysTick_Handler)
    SystemInit                               0x080077b5   Thumb Code     2  system_stm32f1xx.o(i.SystemInit)
    TIM4_IRQHandler                          0x080077b9   Thumb Code    58  usmart_port.o(i.TIM4_IRQHandler)
    TIM_Base_SetConfig                       0x080077fd   Thumb Code   134  stm32f1xx_hal_tim.o(i.TIM_Base_SetConfig)
    USART1_IRQHandler                        0x08007ae9   Thumb Code    10  usart.o(i.USART1_IRQHandler)
    UsageFault_Handler                       0x08007af9   Thumb Code     4  stm32f1xx_it.o(i.UsageFault_Handler)
    __ARM_fpclassify                         0x08007afd   Thumb Code    40  fpclassify.o(i.__ARM_fpclassify)
    __mathlib_dbl_overflow                   0x08007b5d   Thumb Code    14  dunder.o(i.__mathlib_dbl_overflow)
    __mathlib_dbl_underflow                  0x08007b6d   Thumb Code    10  dunder.o(i.__mathlib_dbl_underflow)
    __mathlib_narrow                         0x08007b7d   Thumb Code    16  narrow.o(i.__mathlib_narrow)
    __mathlib_tofloat                        0x08007b8d   Thumb Code   184  narrow.o(i.__mathlib_tofloat)
    __support_ldexp                          0x08007c49   Thumb Code    22  ldexp.o(i.__support_ldexp)
    _is_digit                                0x08007c5f   Thumb Code    14  __printf_wp.o(i._is_digit)
    _sys_exit                                0x08007c6d   Thumb Code     4  usart.o(i._sys_exit)
    _ttywrch                                 0x08007c71   Thumb Code     4  usart.o(i._ttywrch)
    cJSON_AddStringToObject                  0x08007d6d   Thumb Code    48  cjson.o(i.cJSON_AddStringToObject)
    cJSON_CreateObject                       0x08007da1   Thumb Code    20  cjson.o(i.cJSON_CreateObject)
    cJSON_CreateString                       0x08007db9   Thumb Code    46  cjson.o(i.cJSON_CreateString)
    cJSON_Delete                             0x08007ded   Thumb Code    84  cjson.o(i.cJSON_Delete)
    cJSON_GetObjectItemCaseSensitive         0x08007e45   Thumb Code    18  cjson.o(i.cJSON_GetObjectItemCaseSensitive)
    cJSON_Parse                              0x08007e71   Thumb Code    16  cjson.o(i.cJSON_Parse)
    cJSON_ParseWithLengthOpts                0x08007e81   Thumb Code   204  cjson.o(i.cJSON_ParseWithLengthOpts)
    cJSON_ParseWithOpts                      0x08007f55   Thumb Code    40  cjson.o(i.cJSON_ParseWithOpts)
    cJSON_Print                              0x08007f7d   Thumb Code    16  cjson.o(i.cJSON_Print)
    can_init                                 0x08007fc9   Thumb Code   130  can.o(i.can_init)
    can_receive_msg                          0x08008055   Thumb Code    68  can.o(i.can_receive_msg)
    can_send_msg                             0x080080a1   Thumb Code   192  can.o(i.can_send_msg)
    delay_init                               0x08008229   Thumb Code     6  delay.o(i.delay_init)
    delay_ms                                 0x08008235   Thumb Code    18  delay.o(i.delay_ms)
    delay_us                                 0x08008249   Thumb Code    68  delay.o(i.delay_us)
    ecu_handle_can_receive                   0x08008291   Thumb Code   338  can.o(i.ecu_handle_can_receive)
    fputc                                    0x08008515   Thumb Code    24  usart.o(i.fputc)
    frexp                                    0x08008531   Thumb Code    80  frexp.o(i.frexp)
    ldexp                                    0x080085df   Thumb Code   116  ldexp.o(i.ldexp)
    led_init                                 0x08008655   Thumb Code   132  led.o(i.led_init)
    main                                     0x080086e5   Thumb Code   714  main.o(i.main)
    read_addr                                0x08009859   Thumb Code     6  usmart.o(i.read_addr)
    strtod                                   0x0800989d   Thumb Code    28  strtod.o(i.strtod)
    sys_stm32_clock_init                     0x080098bf   Thumb Code   102  sys.o(i.sys_stm32_clock_init)
    usart_init                               0x08009949   Thumb Code    44  usart.o(i.usart_init)
    usmart_cmd_rec                           0x08009981   Thumb Code   170  usmart.o(i.usmart_cmd_rec)
    usmart_exe                               0x08009a31   Thumb Code   632  usmart.o(i.usmart_exe)
    usmart_get_aparm                         0x08009d05   Thumb Code   212  usmart_str.o(i.usmart_get_aparm)
    usmart_get_cmdname                       0x08009dd9   Thumb Code    54  usmart_str.o(i.usmart_get_cmdname)
    usmart_get_fname                         0x08009e11   Thumb Code   440  usmart_str.o(i.usmart_get_fname)
    usmart_get_fparam                        0x08009fd1   Thumb Code   262  usmart_str.o(i.usmart_get_fparam)
    usmart_get_input_string                  0x0800a0dd   Thumb Code    30  usmart_port.o(i.usmart_get_input_string)
    usmart_get_parmpos                       0x0800a105   Thumb Code    26  usmart_str.o(i.usmart_get_parmpos)
    usmart_init                              0x0800a125   Thumb Code    36  usmart.o(i.usmart_init)
    usmart_pow                               0x0800a14d   Thumb Code    22  usmart_str.o(i.usmart_pow)
    usmart_scan                              0x0800a165   Thumb Code   106  usmart.o(i.usmart_scan)
    usmart_search_nextc                      0x0800a20d   Thumb Code    22  usmart_str.o(i.usmart_search_nextc)
    usmart_str2num                           0x0800a223   Thumb Code   262  usmart_str.o(i.usmart_str2num)
    usmart_strcmp                            0x0800a329   Thumb Code    34  usmart_str.o(i.usmart_strcmp)
    usmart_strcopy                           0x0800a34b   Thumb Code    22  usmart_str.o(i.usmart_strcopy)
    usmart_strlen                            0x0800a361   Thumb Code    24  usmart_str.o(i.usmart_strlen)
    usmart_sys_cmd_exe                       0x0800a379   Thumb Code  1570  usmart.o(i.usmart_sys_cmd_exe)
    usmart_timx_get_time                     0x0800aa6d   Thumb Code    58  usmart_port.o(i.usmart_timx_get_time)
    usmart_timx_init                         0x0800aab1   Thumb Code    84  usmart_port.o(i.usmart_timx_init)
    usmart_timx_reset_time                   0x0800ab11   Thumb Code    44  usmart_port.o(i.usmart_timx_reset_time)
    write_addr                               0x0800ac71   Thumb Code     4  usmart.o(i.write_addr)
    _get_lc_ctype                            0x0800ac75   Thumb Code    44  lc_ctype_c.o(locale$$code)
    _get_lc_numeric                          0x0800aca1   Thumb Code    44  lc_numeric_c.o(locale$$code)
    __aeabi_d2f                              0x0800accd   Thumb Code     0  d2f.o(x$fpl$d2f)
    _d2f                                     0x0800accd   Thumb Code    98  d2f.o(x$fpl$d2f)
    __aeabi_dadd                             0x0800ad31   Thumb Code     0  daddsub_clz.o(x$fpl$dadd)
    _dadd                                    0x0800ad31   Thumb Code   332  daddsub_clz.o(x$fpl$dadd)
    __fpl_dcheck_NaN1                        0x0800ae81   Thumb Code    10  dcheck1.o(x$fpl$dcheck1)
    __fpl_dcmp_Inf                           0x0800ae91   Thumb Code    24  dcmpi.o(x$fpl$dcmpinf)
    __aeabi_cdcmpeq                          0x0800aea9   Thumb Code     0  deqf.o(x$fpl$deqf)
    _dcmpeq                                  0x0800aea9   Thumb Code   120  deqf.o(x$fpl$deqf)
    __aeabi_d2iz                             0x0800af21   Thumb Code     0  dfix.o(x$fpl$dfix)
    _dfix                                    0x0800af21   Thumb Code    94  dfix.o(x$fpl$dfix)
    __aeabi_i2d                              0x0800af7f   Thumb Code     0  dflt_clz.o(x$fpl$dflt)
    _dflt                                    0x0800af7f   Thumb Code    46  dflt_clz.o(x$fpl$dflt)
    __aeabi_cdcmple                          0x0800afad   Thumb Code     0  dleqf.o(x$fpl$dleqf)
    _dcmple                                  0x0800afad   Thumb Code   120  dleqf.o(x$fpl$dleqf)
    __fpl_dcmple_InfNaN                      0x0800b00f   Thumb Code     0  dleqf.o(x$fpl$dleqf)
    __aeabi_dmul                             0x0800b025   Thumb Code     0  dmul.o(x$fpl$dmul)
    _dmul                                    0x0800b025   Thumb Code   332  dmul.o(x$fpl$dmul)
    __fpl_dnaninf                            0x0800b179   Thumb Code   156  dnaninf.o(x$fpl$dnaninf)
    __fpl_dretinf                            0x0800b215   Thumb Code    12  dretinf.o(x$fpl$dretinf)
    __aeabi_cdrcmple                         0x0800b221   Thumb Code     0  drleqf.o(x$fpl$drleqf)
    _drcmple                                 0x0800b221   Thumb Code   108  drleqf.o(x$fpl$drleqf)
    __aeabi_dsub                             0x0800b28d   Thumb Code     0  daddsub_clz.o(x$fpl$dsub)
    _dsub                                    0x0800b28d   Thumb Code   464  daddsub_clz.o(x$fpl$dsub)
    __fpl_fretinf                            0x0800b461   Thumb Code    10  fretinf.o(x$fpl$fretinf)
    __ieee_status                            0x0800b46b   Thumb Code     6  istatus.o(x$fpl$ieeestatus)
    _printf_fp_dec                           0x0800b471   Thumb Code     4  printf1.o(x$fpl$printf1)
    __fpl_return_NaN                         0x0800b475   Thumb Code   100  retnan.o(x$fpl$retnan)
    __ARM_scalbn                             0x0800b4d9   Thumb Code    92  scalbn.o(x$fpl$scalbn)
    _scanf_real                              0x0800b535   Thumb Code     4  scanf1.o(x$fpl$scanf1)
    _scanf_hex_real                          0x0800b539   Thumb Code     4  scanf2.o(x$fpl$scanf2)
    _scanf_infnan                            0x0800b53d   Thumb Code     4  scanf2.o(x$fpl$scanf2)
    __fpl_cmpreturn                          0x0800b541   Thumb Code    48  trapv.o(x$fpl$trapveneer)
    IV                                       0x0800b570   Data          16  main.o(.constdata)
    __I$use$fp                               0x0800b570   Number         0  usenofp.o(x$fpl$usenofp)
    Expected_Ciphertext                      0x0800b580   Data           6  main.o(.constdata)
    Expected_Tag                             0x0800b586   Data           4  main.o(.constdata)
    Custom_Data                              0x0800b58a   Data          21  main.o(.constdata)
    AHBPrescTable                            0x0800b59f   Data          16  system_stm32f1xx.o(.constdata)
    APBPrescTable                            0x0800b5af   Data           8  system_stm32f1xx.o(.constdata)
    CMOX_SM4_CTR_ENC_ALGO                    0x0800b784   Data           4  cmox_ctr_sm4.c.o(.rodata)
    CMOX_SM4_CTR_DEC_ALGO                    0x0800b788   Data           4  cmox_ctr_sm4.c.o(.rodata)
    CMOX_KMAC_128_ALGO                       0x0800b794   Data           4  cmox_kmac128.c.o(.rodata)
    CMOX_SM4_ENCRYPT_VTABLE                  0x0800b7cc   Data           4  cmox_sm4_encrypt.c.o(.rodata)
    CMOX_SM4_CK                              0x0800b7d0   Data         128  cmox_sm4_common.c.o(.rodata)
    CMOX_SM4_FK                              0x0800b850   Data          16  cmox_sm4_common.c.o(.rodata)
    cmox_utils_robustCmp_bt_bb               0x0800b860   Data           4  cmox_utils_compare.c.o(.rodata)
    cmox_table                               0x0800b864   Data           8  cmox_init.c.o(.rodata)
    CMOX_SM4_SBOX                            0x0800b87c   Data         256  cmox_sm4_common.c.o(CMOX_CTA_PROTECTED_DATA)
    Region$$Table$$Base                      0x0800b97c   Number         0  anon$$obj.o(Region$$Table)
    Region$$Table$$Limit                     0x0800b99c   Number         0  anon$$obj.o(Region$$Table)
    __aeabi_HUGE_VAL                         0x0800b99c   Data           0  fpconst.o(c$$dinf)
    __aeabi_HUGE_VALL                        0x0800b99c   Data           0  fpconst.o(c$$dinf)
    __aeabi_INFINITY                         0x0800b99c   Data           0  fpconst.o(c$$dinf)
    __dInf                                   0x0800b99c   Data           0  fpconst.o(c$$dinf)
    __huge_val                               0x0800b99c   Data           0  fpconst.o(c$$dinf)
    __dbl_max                                0x0800b9a4   Data           0  fpconst.o(c$$dmax)
    __ctype                                  0x0800b9b9   Data           0  lc_ctype_c.o(locale$$data)
    glob_status                              0x20000000   Data           4  main.o(.data)
    g_ecu_state                              0x20000004   Data           1  main.o(.data)
    Plaintext                                0x20000005   Data           8  main.o(.data)
    KMAC_Key                                 0x2000000d   Data          32  main.o(.data)
    Computed_Ciphertext                      0x2000002d   Data           6  main.o(.data)
    Computed_Plaintext                       0x20000033   Data           8  main.o(.data)
    Computed_Tag                             0x2000003b   Data           4  main.o(.data)
    SystemCoreClock                          0x20000040   Data           4  system_stm32f1xx.o(.data)
    __stdout                                 0x20000048   Data           4  usart.o(.data)
    g_usart_rx_sta                           0x2000004c   Data           2  usart.o(.data)
    g_rx_buffer                              0x2000004e   Data           1  usart.o(.data)
    uwTick                                   0x20000050   Data           4  stm32f1xx_hal.o(.data)
    uwTickPrio                               0x20000054   Data           4  stm32f1xx_hal.o(.data)
    uwTickFreq                               0x20000058   Data           1  stm32f1xx_hal.o(.data)
    buffer_index                             0x2000005c   Data           2  can.o(.data)
    IRQflag                                  0x2000005e   Data           1  can.o(.data)
    rx_id                                    0x20000060   Data           4  can.o(.data)
    sys_cmd_tab                              0x20000068   Data          28  usmart.o(.data)
    usmart_nametab                           0x20000084   Data          40  usmart_config.o(.data)
    usmart_dev                               0x200000ac   Data         244  usmart_config.o(.data)
    sm3_ctx                                  0x200001b4   Data         132  main.o(.bss)
    Kmac_Ctx                                 0x20000238   Data         256  main.o(.bss)
    Ctr_Ctx                                  0x20000338   Data         276  main.o(.bss)
    session_key                              0x2000044c   Data          16  main.o(.bss)
    g_usart_rx_buf                           0x2000045c   Data         200  usart.o(.bss)
    g_uart1_handle                           0x20000524   Data          64  usart.o(.bss)
    data_buffer                              0x20000564   Data         512  can.o(.bss)
    g_canx_handler                           0x20000764   Data          40  can.o(.bss)
    g_canx_txheader                          0x2000078c   Data          24  can.o(.bss)
    g_canx_rxheader                          0x200007a4   Data          28  can.o(.bss)
    g_timx_usmart_handle                     0x200007c0   Data          72  usmart_port.o(.bss)
    cmox_init_ctxi                           0x20000808   Data           1  cmox_init.c.o(.bss)
    _random_number_data                      0x2000080c   Data         228  rand.o(.bss)
    __libspace_start                         0x200008f0   Data          96  libspace.o(.bss)
    __temporary_stack_top$libspace           0x20000950   Data           0  libspace.o(.bss)



==============================================================================

Memory Map of the image

  Image Entry point : 0x08000131

  Load Region LR_IROM1 (Base: 0x08000000, Size: 0x0000bc8c, Max: 0x00080000, ABSOLUTE, COMPRESSED[0x0000bb64])

    Execution Region ER_IROM1 (Exec base: 0x08000000, Load base: 0x08000000, Size: 0x0000bad8, Max: 0x00080000, ABSOLUTE)

    Exec Addr    Load Addr    Size         Type   Attr      Idx    E Section Name        Object

    0x08000000   0x08000000   0x00000130   Data   RO            3    RESET               startup_stm32f103xe.o
    0x08000130   0x08000130   0x00000008   Code   RO         5589  * !!!main             c_w.l(__main.o)
    0x08000138   0x08000138   0x00000034   Code   RO         5989    !!!scatter          c_w.l(__scatter.o)
    0x0800016c   0x0800016c   0x0000005a   Code   RO         5987    !!dczerorl2         c_w.l(__dczerorl2.o)
    0x080001c6   0x080001c6   0x00000002   PAD
    0x080001c8   0x080001c8   0x0000001c   Code   RO         5991    !!handler_zi        c_w.l(__scatter_zi.o)
    0x080001e4   0x080001e4   0x00000000   Code   RO         5563    .ARM.Collect$$_printf_percent$$00000000  c_w.l(_printf_percent.o)
    0x080001e4   0x080001e4   0x00000006   Code   RO         5562    .ARM.Collect$$_printf_percent$$00000005  c_w.l(_printf_g.o)
    0x080001ea   0x080001ea   0x00000006   Code   RO         5560    .ARM.Collect$$_printf_percent$$00000009  c_w.l(_printf_d.o)
    0x080001f0   0x080001f0   0x00000006   Code   RO         5561    .ARM.Collect$$_printf_percent$$0000000A  c_w.l(_printf_u.o)
    0x080001f6   0x080001f6   0x00000006   Code   RO         5558    .ARM.Collect$$_printf_percent$$0000000C  c_w.l(_printf_x.o)
    0x080001fc   0x080001fc   0x00000006   Code   RO         5556    .ARM.Collect$$_printf_percent$$00000013  c_w.l(_printf_c.o)
    0x08000202   0x08000202   0x00000006   Code   RO         5557    .ARM.Collect$$_printf_percent$$00000014  c_w.l(_printf_s.o)
    0x08000208   0x08000208   0x00000004   Code   RO         5673    .ARM.Collect$$_printf_percent$$00000017  c_w.l(_printf_percent_end.o)
    0x0800020c   0x0800020c   0x00000002   Code   RO         5877    .ARM.Collect$$libinit$$00000000  c_w.l(libinit.o)
    0x0800020e   0x0800020e   0x00000000   Code   RO         5685    .ARM.Collect$$libinit$$00000002  c_w.l(libinit2.o)
    0x0800020e   0x0800020e   0x00000000   Code   RO         5687    .ARM.Collect$$libinit$$00000004  c_w.l(libinit2.o)
    0x0800020e   0x0800020e   0x00000008   Code   RO         5688    .ARM.Collect$$libinit$$00000005  c_w.l(libinit2.o)
    0x08000216   0x08000216   0x00000000   Code   RO         5690    .ARM.Collect$$libinit$$0000000A  c_w.l(libinit2.o)
    0x08000216   0x08000216   0x00000000   Code   RO         5692    .ARM.Collect$$libinit$$0000000C  c_w.l(libinit2.o)
    0x08000216   0x08000216   0x00000004   Code   RO         5693    .ARM.Collect$$libinit$$0000000D  c_w.l(libinit2.o)
    0x0800021a   0x0800021a   0x00000000   Code   RO         5694    .ARM.Collect$$libinit$$0000000E  c_w.l(libinit2.o)
    0x0800021a   0x0800021a   0x00000006   Code   RO         5695    .ARM.Collect$$libinit$$0000000F  c_w.l(libinit2.o)
    0x08000220   0x08000220   0x00000000   Code   RO         5697    .ARM.Collect$$libinit$$00000011  c_w.l(libinit2.o)
    0x08000220   0x08000220   0x0000000c   Code   RO         5698    .ARM.Collect$$libinit$$00000012  c_w.l(libinit2.o)
    0x0800022c   0x0800022c   0x00000000   Code   RO         5699    .ARM.Collect$$libinit$$00000013  c_w.l(libinit2.o)
    0x0800022c   0x0800022c   0x00000000   Code   RO         5701    .ARM.Collect$$libinit$$00000015  c_w.l(libinit2.o)
    0x0800022c   0x0800022c   0x0000000a   Code   RO         5702    .ARM.Collect$$libinit$$00000016  c_w.l(libinit2.o)
    0x08000236   0x08000236   0x00000000   Code   RO         5703    .ARM.Collect$$libinit$$00000017  c_w.l(libinit2.o)
    0x08000236   0x08000236   0x00000000   Code   RO         5705    .ARM.Collect$$libinit$$00000019  c_w.l(libinit2.o)
    0x08000236   0x08000236   0x00000000   Code   RO         5707    .ARM.Collect$$libinit$$0000001B  c_w.l(libinit2.o)
    0x08000236   0x08000236   0x00000000   Code   RO         5709    .ARM.Collect$$libinit$$0000001D  c_w.l(libinit2.o)
    0x08000236   0x08000236   0x00000000   Code   RO         5711    .ARM.Collect$$libinit$$0000001F  c_w.l(libinit2.o)
    0x08000236   0x08000236   0x00000000   Code   RO         5713    .ARM.Collect$$libinit$$00000021  c_w.l(libinit2.o)
    0x08000236   0x08000236   0x00000000   Code   RO         5715    .ARM.Collect$$libinit$$00000023  c_w.l(libinit2.o)
    0x08000236   0x08000236   0x00000000   Code   RO         5717    .ARM.Collect$$libinit$$00000025  c_w.l(libinit2.o)
    0x08000236   0x08000236   0x00000000   Code   RO         5721    .ARM.Collect$$libinit$$0000002C  c_w.l(libinit2.o)
    0x08000236   0x08000236   0x00000000   Code   RO         5723    .ARM.Collect$$libinit$$0000002E  c_w.l(libinit2.o)
    0x08000236   0x08000236   0x00000000   Code   RO         5725    .ARM.Collect$$libinit$$00000030  c_w.l(libinit2.o)
    0x08000236   0x08000236   0x00000000   Code   RO         5727    .ARM.Collect$$libinit$$00000032  c_w.l(libinit2.o)
    0x08000236   0x08000236   0x00000002   Code   RO         5728    .ARM.Collect$$libinit$$00000033  c_w.l(libinit2.o)
    0x08000238   0x08000238   0x00000002   Code   RO         5976    .ARM.Collect$$libshutdown$$00000000  c_w.l(libshutdown.o)
    0x0800023a   0x0800023a   0x00000000   Code   RO         5899    .ARM.Collect$$libshutdown$$00000002  c_w.l(libshutdown2.o)
    0x0800023a   0x0800023a   0x00000000   Code   RO         5901    .ARM.Collect$$libshutdown$$00000004  c_w.l(libshutdown2.o)
    0x0800023a   0x0800023a   0x00000000   Code   RO         5903    .ARM.Collect$$libshutdown$$00000006  c_w.l(libshutdown2.o)
    0x0800023a   0x0800023a   0x00000000   Code   RO         5906    .ARM.Collect$$libshutdown$$00000009  c_w.l(libshutdown2.o)
    0x0800023a   0x0800023a   0x00000000   Code   RO         5909    .ARM.Collect$$libshutdown$$0000000C  c_w.l(libshutdown2.o)
    0x0800023a   0x0800023a   0x00000000   Code   RO         5911    .ARM.Collect$$libshutdown$$0000000E  c_w.l(libshutdown2.o)
    0x0800023a   0x0800023a   0x00000000   Code   RO         5914    .ARM.Collect$$libshutdown$$00000011  c_w.l(libshutdown2.o)
    0x0800023a   0x0800023a   0x00000002   Code   RO         5915    .ARM.Collect$$libshutdown$$00000012  c_w.l(libshutdown2.o)
    0x0800023c   0x0800023c   0x00000000   Code   RO         5633    .ARM.Collect$$rtentry$$00000000  c_w.l(__rtentry.o)
    0x0800023c   0x0800023c   0x00000000   Code   RO         5742    .ARM.Collect$$rtentry$$00000002  c_w.l(__rtentry2.o)
    0x0800023c   0x0800023c   0x00000006   Code   RO         5754    .ARM.Collect$$rtentry$$00000004  c_w.l(__rtentry4.o)
    0x08000242   0x08000242   0x00000000   Code   RO         5744    .ARM.Collect$$rtentry$$00000009  c_w.l(__rtentry2.o)
    0x08000242   0x08000242   0x00000004   Code   RO         5745    .ARM.Collect$$rtentry$$0000000A  c_w.l(__rtentry2.o)
    0x08000246   0x08000246   0x00000000   Code   RO         5747    .ARM.Collect$$rtentry$$0000000C  c_w.l(__rtentry2.o)
    0x08000246   0x08000246   0x00000008   Code   RO         5748    .ARM.Collect$$rtentry$$0000000D  c_w.l(__rtentry2.o)
    0x0800024e   0x0800024e   0x00000002   Code   RO         5884    .ARM.Collect$$rtexit$$00000000  c_w.l(rtexit.o)
    0x08000250   0x08000250   0x00000000   Code   RO         5933    .ARM.Collect$$rtexit$$00000002  c_w.l(rtexit2.o)
    0x08000250   0x08000250   0x00000004   Code   RO         5934    .ARM.Collect$$rtexit$$00000003  c_w.l(rtexit2.o)
    0x08000254   0x08000254   0x00000006   Code   RO         5935    .ARM.Collect$$rtexit$$00000004  c_w.l(rtexit2.o)
    0x0800025a   0x0800025a   0x00000002   PAD
    0x0800025c   0x0800025c   0x00000034   Code   RO         5566    .emb_text           c_w.l(rand.o)
    0x08000290   0x08000290   0x00000000   Code   RO         5768    .emb_text           c_w.l(maybetermalloc1.o)
    0x08000290   0x08000290   0x00000040   Code   RO            4    .text               startup_stm32f103xe.o
    0x080002d0   0x080002d0   0x00000058   Code   RO         5289    .text               libSTM32Cryptographic_CM3.a(cmox_cipher.c.o)
    0x08000328   0x08000328   0x00000058   Code   RO         5290    .text               libSTM32Cryptographic_CM3.a(cmox_cipher.c.o)
    0x08000380   0x08000380   0x00000064   Code   RO         5293    .text               libSTM32Cryptographic_CM3.a(cmox_cipher.c.o)
    0x080003e4   0x080003e4   0x00000040   Code   RO         5298    .text               libSTM32Cryptographic_CM3.a(cmox_ctr_sm4.c.o)
    0x08000424   0x08000424   0x0000001e   Code   RO         5307    .text               libSTM32Cryptographic_CM3.a(cmox_kmac128.c.o)
    0x08000442   0x08000442   0x00000002   PAD
    0x08000444   0x08000444   0x0000004c   Code   RO         5308    .text               libSTM32Cryptographic_CM3.a(cmox_kmac128.c.o)
    0x08000490   0x08000490   0x00000038   Code   RO         5310    .text               libSTM32Cryptographic_CM3.a(cmox_kmac128.c.o)
    0x080004c8   0x080004c8   0x00000086   Code   RO         5323    .text               libSTM32Cryptographic_CM3.a(cmox_mac.c.o)
    0x0800054e   0x0800054e   0x00000086   Code   RO         5324    .text               libSTM32Cryptographic_CM3.a(cmox_mac.c.o)
    0x080005d4   0x080005d4   0x00000044   Code   RO         5326    .text               libSTM32Cryptographic_CM3.a(cmox_mac.c.o)
    0x08000618   0x08000618   0x00000044   Code   RO         5327    .text               libSTM32Cryptographic_CM3.a(cmox_mac.c.o)
    0x0800065c   0x0800065c   0x00000020   Code   RO         5329    .text               libSTM32Cryptographic_CM3.a(cmox_ctr.c.o)
    0x0800067c   0x0800067c   0x00000020   Code   RO         5330    .text               libSTM32Cryptographic_CM3.a(cmox_ctr.c.o)
    0x0800069c   0x0800069c   0x00000024   Code   RO         5331    .text               libSTM32Cryptographic_CM3.a(cmox_ctr.c.o)
    0x080006c0   0x080006c0   0x00000034   Code   RO         5332    .text               libSTM32Cryptographic_CM3.a(cmox_ctr.c.o)
    0x080006f4   0x080006f4   0x000000b4   Code   RO         5333    .text               libSTM32Cryptographic_CM3.a(cmox_ctr.c.o)
    0x080007a8   0x080007a8   0x00000010   Code   RO         5335    .text               libSTM32Cryptographic_CM3.a(cmox_ctr.c.o)
    0x080007b8   0x080007b8   0x00000010   Code   RO         5336    .text               libSTM32Cryptographic_CM3.a(cmox_ctr.c.o)
    0x080007c8   0x080007c8   0x0000000a   Code   RO         5337    .text               libSTM32Cryptographic_CM3.a(cmox_ctr.c.o)
    0x080007d2   0x080007d2   0x00000030   Code   RO         5339    .text               libSTM32Cryptographic_CM3.a(cmox_kmac.c.o)
    0x08000802   0x08000802   0x00000034   Code   RO         5340    .text               libSTM32Cryptographic_CM3.a(cmox_kmac.c.o)
    0x08000836   0x08000836   0x00000036   Code   RO         5341    .text               libSTM32Cryptographic_CM3.a(cmox_kmac.c.o)
    0x0800086c   0x0800086c   0x00000044   Code   RO         5342    .text               libSTM32Cryptographic_CM3.a(cmox_kmac.c.o)
    0x080008b0   0x080008b0   0x00000110   Code   RO         5343    .text               libSTM32Cryptographic_CM3.a(cmox_kmac.c.o)
    0x080009c0   0x080009c0   0x0000000e   Code   RO         5344    .text               libSTM32Cryptographic_CM3.a(cmox_kmac.c.o)
    0x080009ce   0x080009ce   0x00000076   Code   RO         5345    .text               libSTM32Cryptographic_CM3.a(cmox_kmac.c.o)
    0x08000a44   0x08000a44   0x00000124   Code   RO         5346    .text               libSTM32Cryptographic_CM3.a(cmox_kmac.c.o)
    0x08000b68   0x08000b68   0x00000020   Code   RO         5347    .text               libSTM32Cryptographic_CM3.a(cmox_kmac.c.o)
    0x08000b88   0x08000b88   0x00000020   Code   RO         5348    .text               libSTM32Cryptographic_CM3.a(cmox_kmac.c.o)
    0x08000ba8   0x08000ba8   0x00000028   Code   RO         5349    .text               libSTM32Cryptographic_CM3.a(cmox_kmac.c.o)
    0x08000bd0   0x08000bd0   0x0000005c   Code   RO         5350    .text               libSTM32Cryptographic_CM3.a(cmox_kmac.c.o)
    0x08000c2c   0x08000c2c   0x0000003c   Code   RO         5351    .text               libSTM32Cryptographic_CM3.a(cmox_kmac.c.o)
    0x08000c68   0x08000c68   0x00000044   Code   RO         5352    .text               libSTM32Cryptographic_CM3.a(cmox_kmac.c.o)
    0x08000cac   0x08000cac   0x00000030   Code   RO         5353    .text               libSTM32Cryptographic_CM3.a(cmox_kmac.c.o)
    0x08000cdc   0x08000cdc   0x00000030   Code   RO         5354    .text               libSTM32Cryptographic_CM3.a(cmox_kmac.c.o)
    0x08000d0c   0x08000d0c   0x00000038   Code   RO         5355    .text               libSTM32Cryptographic_CM3.a(cmox_kmac.c.o)
    0x08000d44   0x08000d44   0x00000010   Code   RO         5356    .text               libSTM32Cryptographic_CM3.a(cmox_kmac.c.o)
    0x08000d54   0x08000d54   0x000000a8   Code   RO         5359    .text               libSTM32Cryptographic_CM3.a(cmox_sm4_encrypt.c.o)
    0x08000dfc   0x08000dfc   0x0000000e   Code   RO         5363    .text               libSTM32Cryptographic_CM3.a(cmox_cipher_modes.c.o)
    0x08000e0a   0x08000e0a   0x00000002   PAD
    0x08000e0c   0x08000e0c   0x000003c8   Code   RO         5364    .text               libSTM32Cryptographic_CM3.a(cmox_cipher_modes.c.o)
    0x080011d4   0x080011d4   0x00000038   Code   RO         5365    .text               libSTM32Cryptographic_CM3.a(cmox_cipher_modes.c.o)
    0x0800120c   0x0800120c   0x00000006   Code   RO         5367    .text               libSTM32Cryptographic_CM3.a(cmox_cipher_modes.c.o)
    0x08001212   0x08001212   0x00000006   Code   RO         5368    .text               libSTM32Cryptographic_CM3.a(cmox_cipher_modes.c.o)
    0x08001218   0x08001218   0x00000006   Code   RO         5369    .text               libSTM32Cryptographic_CM3.a(cmox_cipher_modes.c.o)
    0x0800121e   0x0800121e   0x00000006   Code   RO         5370    .text               libSTM32Cryptographic_CM3.a(cmox_cipher_modes.c.o)
    0x08001224   0x08001224   0x00000008   Code   RO         5371    .text               libSTM32Cryptographic_CM3.a(cmox_cipher_modes.c.o)
    0x0800122c   0x0800122c   0x00000008   Code   RO         5372    .text               libSTM32Cryptographic_CM3.a(cmox_cipher_modes.c.o)
    0x08001234   0x08001234   0x0000002e   Code   RO         5376    .text               libSTM32Cryptographic_CM3.a(cmox_cipher_utils.c.o)
    0x08001262   0x08001262   0x00000034   Code   RO         5381    .text               libSTM32Cryptographic_CM3.a(cmox_keccak.c.o)
    0x08001296   0x08001296   0x0000008c   Code   RO         5382    .text               libSTM32Cryptographic_CM3.a(cmox_keccak.c.o)
    0x08001322   0x08001322   0x00000002   PAD
    0x08001324   0x08001324   0x000000cc   Code   RO         5383    .text               libSTM32Cryptographic_CM3.a(cmox_keccak.c.o)
    0x080013f0   0x080013f0   0x0000008c   Code   RO         5384    .text               libSTM32Cryptographic_CM3.a(cmox_keccak.c.o)
    0x0800147c   0x0800147c   0x0000015c   Code   RO         5390    .text               libSTM32Cryptographic_CM3.a(cmox_sm4_common.c.o)
    0x080015d8   0x080015d8   0x00000030   Code   RO         5392    .text               libSTM32Cryptographic_CM3.a(cmox_utils_compare.c.o)
    0x08001608   0x08001608   0x00000036   Code   RO         5393    .text               libSTM32Cryptographic_CM3.a(cmox_utils_compare.c.o)
    0x0800163e   0x0800163e   0x00000002   PAD
    0x08001640   0x08001640   0x000000fc   Code   RO         5402    .text               libSTM32Cryptographic_CM3.a(cmox_utils_compare.c.o)
    0x0800173c   0x0800173c   0x00001ea8   Code   RO         5420    .text               libSTM32Cryptographic_CM3.a(cmox_keccak_p_1600_armv7m_ewarm.s.o)
    0x080035e4   0x080035e4   0x00000002   Code   RO         5425    .text               c_w.l(use_no_semi_2.o)
    0x080035e6   0x080035e6   0x0000005e   Code   RO         5433    .text               c_w.l(h1_alloc.o)
    0x08003644   0x08003644   0x0000004e   Code   RO         5435    .text               c_w.l(h1_free.o)
    0x08003692   0x08003692   0x000000b8   Code   RO         5437    .text               c_w.l(h1_realloc.o)
    0x0800374a   0x0800374a   0x0000001a   Code   RO         5495    .text               c_w.l(tolower.o)
    0x08003764   0x08003764   0x0000001e   Code   RO         5497    .text               c_w.l(toupper.o)
    0x08003782   0x08003782   0x00000002   PAD
    0x08003784   0x08003784   0x00000018   Code   RO         5499    .text               c_w.l(__2printf.o)
    0x0800379c   0x0800379c   0x0000002c   Code   RO         5501    .text               c_w.l(__2sprintf.o)
    0x080037c8   0x080037c8   0x0000004e   Code   RO         5509    .text               c_w.l(_printf_pad.o)
    0x08003816   0x08003816   0x00000052   Code   RO         5511    .text               c_w.l(_printf_str.o)
    0x08003868   0x08003868   0x00000078   Code   RO         5513    .text               c_w.l(_printf_dec.o)
    0x080038e0   0x080038e0   0x00000058   Code   RO         5518    .text               c_w.l(_printf_hex_int.o)
    0x08003938   0x08003938   0x00000188   Code   RO         5553    .text               c_w.l(__printf_flags_ss_wp.o)
    0x08003ac0   0x08003ac0   0x0000003c   Code   RO         5564    .text               c_w.l(__0sscanf.o)
    0x08003afc   0x08003afc   0x0000003c   Code   RO         5567    .text               c_w.l(rand.o)
    0x08003b38   0x08003b38   0x00000048   Code   RO         5571    .text               c_w.l(strcpy.o)
    0x08003b80   0x08003b80   0x0000003e   Code   RO         5573    .text               c_w.l(strlen.o)
    0x08003bbe   0x08003bbe   0x00000096   Code   RO         5575    .text               c_w.l(strncmp.o)
    0x08003c54   0x08003c54   0x0000008a   Code   RO         5577    .text               c_w.l(rt_memcpy_v6.o)
    0x08003cde   0x08003cde   0x00000064   Code   RO         5579    .text               c_w.l(rt_memcpy_w.o)
    0x08003d42   0x08003d42   0x0000004e   Code   RO         5583    .text               c_w.l(rt_memclr_w.o)
    0x08003d90   0x08003d90   0x00000080   Code   RO         5585    .text               c_w.l(strcmpv7m.o)
    0x08003e10   0x08003e10   0x00000006   Code   RO         5587    .text               c_w.l(heapauxi.o)
    0x08003e16   0x08003e16   0x00000002   Code   RO         5629    .text               c_w.l(use_no_semi.o)
    0x08003e18   0x08003e18   0x00000010   Code   RO         5634    .text               c_w.l(rt_ctype_table.o)
    0x08003e28   0x08003e28   0x00000008   Code   RO         5639    .text               c_w.l(rt_heap_descriptor_intlibspace.o)
    0x08003e30   0x08003e30   0x00000004   Code   RO         5641    .text               c_w.l(hguard.o)
    0x08003e34   0x08003e34   0x0000008a   Code   RO         5643    .text               c_w.l(init_alloc.o)
    0x08003ebe   0x08003ebe   0x0000000e   Code   RO         5647    .text               c_w.l(h1_init.o)
    0x08003ecc   0x08003ecc   0x000000b2   Code   RO         5661    .text               c_w.l(_printf_intcommon.o)
    0x08003f7e   0x08003f7e   0x0000041e   Code   RO         5663    .text               c_w.l(_printf_fp_dec.o)
    0x0800439c   0x0800439c   0x00000030   Code   RO         5665    .text               c_w.l(_printf_char_common.o)
    0x080043cc   0x080043cc   0x0000000a   Code   RO         5667    .text               c_w.l(_sputc.o)
    0x080043d6   0x080043d6   0x0000002c   Code   RO         5669    .text               c_w.l(_printf_char.o)
    0x08004402   0x08004402   0x00000002   PAD
    0x08004404   0x08004404   0x00000024   Code   RO         5671    .text               c_w.l(_printf_char_file.o)
    0x08004428   0x08004428   0x000004f8   Code   RO         5674    .text               c_w.l(scanf_fp.o)
    0x08004920   0x08004920   0x0000002c   Code   RO         5676    .text               c_w.l(scanf_char.o)
    0x0800494c   0x0800494c   0x00000040   Code   RO         5678    .text               c_w.l(_sgetc.o)
    0x0800498c   0x0800498c   0x000000a4   Code   RO         5680    .text               c_w.l(strtod.o)
    0x08004a30   0x08004a30   0x00000008   Code   RO         5738    .text               c_w.l(libspace.o)
    0x08004a38   0x08004a38   0x00000008   Code   RO         5759    .text               c_w.l(rt_locale_intlibspace.o)
    0x08004a40   0x08004a40   0x00000008   Code   RO         5764    .text               c_w.l(rt_errno_addr_intlibspace.o)
    0x08004a48   0x08004a48   0x00000034   Code   RO         5770    .text               c_w.l(h1_extend.o)
    0x08004a7c   0x08004a7c   0x0000008a   Code   RO         5774    .text               c_w.l(lludiv10.o)
    0x08004b06   0x08004b06   0x00000012   Code   RO         5776    .text               c_w.l(isspace.o)
    0x08004b18   0x08004b18   0x00000080   Code   RO         5778    .text               c_w.l(_printf_fp_infnan.o)
    0x08004b98   0x08004b98   0x00000374   Code   RO         5782    .text               c_w.l(_scanf.o)
    0x08004f0c   0x08004f0c   0x000000e4   Code   RO         5784    .text               c_w.l(bigflt0.o)
    0x08004ff0   0x08004ff0   0x00000008   Code   RO         5809    .text               c_w.l(ferror.o)
    0x08004ff8   0x08004ff8   0x0000000e   Code   RO         5819    .text               c_w.l(defsig_rtmem_outer.o)
    0x08005006   0x08005006   0x0000004a   Code   RO         5850    .text               c_w.l(sys_stackheap_outer.o)
    0x08005050   0x08005050   0x00000016   Code   RO         5856    .text               c_w.l(_rserrno.o)
    0x08005066   0x08005066   0x00000002   PAD
    0x08005068   0x08005068   0x00000320   Code   RO         5858    .text               c_w.l(scanf_hexfp.o)
    0x08005388   0x08005388   0x00000134   Code   RO         5860    .text               c_w.l(scanf_infnan.o)
    0x080054bc   0x080054bc   0x00000012   Code   RO         5862    .text               c_w.l(exit.o)
    0x080054ce   0x080054ce   0x0000000a   Code   RO         5864    .text               c_w.l(defsig_exit.o)
    0x080054d8   0x080054d8   0x00000050   Code   RO         5866    .text               c_w.l(defsig_rtmem_inner.o)
    0x08005528   0x08005528   0x00000026   Code   RO         5890    .text               c_w.l(llshl.o)
    0x0800554e   0x0800554e   0x0000001c   Code   RO         5892    .text               c_w.l(_chval.o)
    0x0800556a   0x0800556a   0x00000032   Code   RO         5896    .text               c_w.l(defsig_general.o)
    0x0800559c   0x0800559c   0x0000003e   Code   RO         5787    CL$$btod_d2e        c_w.l(btod.o)
    0x080055da   0x080055da   0x00000046   Code   RO         5789    CL$$btod_d2e_denorm_low  c_w.l(btod.o)
    0x08005620   0x08005620   0x00000060   Code   RO         5788    CL$$btod_d2e_norm_op1  c_w.l(btod.o)
    0x08005680   0x08005680   0x00000338   Code   RO         5797    CL$$btod_div_common  c_w.l(btod.o)
    0x080059b8   0x080059b8   0x00000084   Code   RO         5795    CL$$btod_e2d        c_w.l(btod.o)
    0x08005a3c   0x08005a3c   0x000000dc   Code   RO         5794    CL$$btod_e2e        c_w.l(btod.o)
    0x08005b18   0x08005b18   0x0000002a   Code   RO         5791    CL$$btod_ediv       c_w.l(btod.o)
    0x08005b42   0x08005b42   0x0000002a   Code   RO         5793    CL$$btod_edivd      c_w.l(btod.o)
    0x08005b6c   0x08005b6c   0x0000002a   Code   RO         5790    CL$$btod_emul       c_w.l(btod.o)
    0x08005b96   0x08005b96   0x0000002a   Code   RO         5792    CL$$btod_emuld      c_w.l(btod.o)
    0x08005bc0   0x08005bc0   0x00000244   Code   RO         5796    CL$$btod_mult_common  c_w.l(btod.o)
    0x08005e04   0x08005e04   0x00000004   Code   RO          660    i.BusFault_Handler  stm32f1xx_it.o
    0x08005e08   0x08005e08   0x00000002   Code   RO          661    i.DebugMon_Handler  stm32f1xx_it.o
    0x08005e0a   0x08005e0a   0x00000156   Code   RO         3714    i.HAL_CAN_AddTxMessage  stm32f1xx_hal_can.o
    0x08005f60   0x08005f60   0x0000010a   Code   RO         3715    i.HAL_CAN_ConfigFilter  stm32f1xx_hal_can.o
    0x0800606a   0x0800606a   0x00000028   Code   RO         3720    i.HAL_CAN_GetRxFifoFillLevel  stm32f1xx_hal_can.o
    0x08006092   0x08006092   0x0000017a   Code   RO         3721    i.HAL_CAN_GetRxMessage  stm32f1xx_hal_can.o
    0x0800620c   0x0800620c   0x00000036   Code   RO         3723    i.HAL_CAN_GetTxMailboxesFreeLevel  stm32f1xx_hal_can.o
    0x08006242   0x08006242   0x00000174   Code   RO         3726    i.HAL_CAN_Init      stm32f1xx_hal_can.o
    0x080063b6   0x080063b6   0x00000002   PAD
    0x080063b8   0x080063b8   0x000000a4   Code   RO         4266    i.HAL_CAN_MspInit   can.o
    0x0800645c   0x0800645c   0x0000005e   Code   RO         3738    i.HAL_CAN_Start     stm32f1xx_hal_can.o
    0x080064ba   0x080064ba   0x00000002   PAD
    0x080064bc   0x080064bc   0x000001a8   Code   RO         1407    i.HAL_DMA_Abort_IT  stm32f1xx_hal_dma.o
    0x08006664   0x08006664   0x0000000c   Code   RO          912    i.HAL_Delay         delay.o
    0x08006670   0x08006670   0x00000340   Code   RO         1503    i.HAL_GPIO_Init     stm32f1xx_hal_gpio.o
    0x080069b0   0x080069b0   0x0000000c   Code   RO         1507    i.HAL_GPIO_WritePin  stm32f1xx_hal_gpio.o
    0x080069bc   0x080069bc   0x0000000c   Code   RO         1120    i.HAL_GetTick       stm32f1xx_hal.o
    0x080069c8   0x080069c8   0x00000018   Code   RO         1126    i.HAL_IncTick       stm32f1xx_hal.o
    0x080069e0   0x080069e0   0x00000028   Code   RO         1127    i.HAL_Init          stm32f1xx_hal.o
    0x08006a08   0x08006a08   0x0000004c   Code   RO         1128    i.HAL_InitTick      stm32f1xx_hal.o
    0x08006a54   0x08006a54   0x00000002   Code   RO         1130    i.HAL_MspInit       stm32f1xx_hal.o
    0x08006a56   0x08006a56   0x00000020   Code   RO         1285    i.HAL_NVIC_EnableIRQ  stm32f1xx_hal_cortex.o
    0x08006a76   0x08006a76   0x0000007c   Code   RO         1291    i.HAL_NVIC_SetPriority  stm32f1xx_hal_cortex.o
    0x08006af2   0x08006af2   0x00000002   PAD
    0x08006af4   0x08006af4   0x00000028   Code   RO         1292    i.HAL_NVIC_SetPriorityGrouping  stm32f1xx_hal_cortex.o
    0x08006b1c   0x08006b1c   0x0000018c   Code   RO         1728    i.HAL_RCC_ClockConfig  stm32f1xx_hal_rcc.o
    0x08006ca8   0x08006ca8   0x0000000c   Code   RO         1733    i.HAL_RCC_GetHCLKFreq  stm32f1xx_hal_rcc.o
    0x08006cb4   0x08006cb4   0x00000020   Code   RO         1735    i.HAL_RCC_GetPCLK1Freq  stm32f1xx_hal_rcc.o
    0x08006cd4   0x08006cd4   0x00000020   Code   RO         1736    i.HAL_RCC_GetPCLK2Freq  stm32f1xx_hal_rcc.o
    0x08006cf4   0x08006cf4   0x00000094   Code   RO         1737    i.HAL_RCC_GetSysClockFreq  stm32f1xx_hal_rcc.o
    0x08006d88   0x08006d88   0x00000464   Code   RO         1740    i.HAL_RCC_OscConfig  stm32f1xx_hal_rcc.o
    0x080071ec   0x080071ec   0x00000034   Code   RO         1296    i.HAL_SYSTICK_Config  stm32f1xx_hal_cortex.o
    0x08007220   0x08007220   0x00000066   Code   RO         2730    i.HAL_TIM_Base_Init  stm32f1xx_hal_tim.o
    0x08007286   0x08007286   0x00000002   Code   RO         2732    i.HAL_TIM_Base_MspInit  stm32f1xx_hal_tim.o
    0x08007288   0x08007288   0x00000090   Code   RO         2735    i.HAL_TIM_Base_Start_IT  stm32f1xx_hal_tim.o
    0x08007318   0x08007318   0x00000002   Code   RO         1891    i.HAL_UART_ErrorCallback  stm32f1xx_hal_uart.o
    0x0800731a   0x0800731a   0x00000002   PAD
    0x0800731c   0x0800731c   0x00000154   Code   RO         1894    i.HAL_UART_IRQHandler  stm32f1xx_hal_uart.o
    0x08007470   0x08007470   0x00000072   Code   RO         1895    i.HAL_UART_Init     stm32f1xx_hal_uart.o
    0x080074e2   0x080074e2   0x00000002   PAD
    0x080074e4   0x080074e4   0x000000b4   Code   RO         1032    i.HAL_UART_MspInit  usart.o
    0x08007598   0x08007598   0x00000070   Code   RO         1900    i.HAL_UART_Receive_IT  stm32f1xx_hal_uart.o
    0x08007608   0x08007608   0x0000009c   Code   RO         1033    i.HAL_UART_RxCpltCallback  usart.o
    0x080076a4   0x080076a4   0x00000002   Code   RO         1906    i.HAL_UART_TxCpltCallback  stm32f1xx_hal_uart.o
    0x080076a6   0x080076a6   0x00000004   Code   RO          662    i.HardFault_Handler  stm32f1xx_it.o
    0x080076aa   0x080076aa   0x00000004   Code   RO          663    i.MemManage_Handler  stm32f1xx_it.o
    0x080076ae   0x080076ae   0x00000002   Code   RO          664    i.NMI_Handler       stm32f1xx_it.o
    0x080076b0   0x080076b0   0x00000002   Code   RO          665    i.PendSV_Handler    stm32f1xx_it.o
    0x080076b2   0x080076b2   0x00000002   PAD
    0x080076b4   0x080076b4   0x00000070   Code   RO         4267    i.ProcessData       can.o
    0x08007724   0x08007724   0x00000028   Code   RO         1741    i.RCC_Delay         stm32f1xx_hal_rcc.o
    0x0800774c   0x0800774c   0x00000002   Code   RO          666    i.SVC_Handler       stm32f1xx_it.o
    0x0800774e   0x0800774e   0x0000005e   Code   RO         5230    i.StringToByte      json_handle.o
    0x080077ac   0x080077ac   0x00000008   Code   RO          667    i.SysTick_Handler   stm32f1xx_it.o
    0x080077b4   0x080077b4   0x00000002   Code   RO          457    i.SystemInit        system_stm32f1xx.o
    0x080077b6   0x080077b6   0x00000002   PAD
    0x080077b8   0x080077b8   0x00000044   Code   RO         4431    i.TIM4_IRQHandler   usmart_port.o
    0x080077fc   0x080077fc   0x0000009c   Code   RO         2823    i.TIM_Base_SetConfig  stm32f1xx_hal_tim.o
    0x08007898   0x08007898   0x00000014   Code   RO         1908    i.UART_DMAAbortOnError  stm32f1xx_hal_uart.o
    0x080078ac   0x080078ac   0x00000020   Code   RO         1918    i.UART_EndRxTransfer  stm32f1xx_hal_uart.o
    0x080078cc   0x080078cc   0x00000020   Code   RO         1919    i.UART_EndTransmit_IT  stm32f1xx_hal_uart.o
    0x080078ec   0x080078ec   0x000000a0   Code   RO         1921    i.UART_Receive_IT   stm32f1xx_hal_uart.o
    0x0800798c   0x0800798c   0x000000fc   Code   RO         1922    i.UART_SetConfig    stm32f1xx_hal_uart.o
    0x08007a88   0x08007a88   0x00000060   Code   RO         1923    i.UART_Transmit_IT  stm32f1xx_hal_uart.o
    0x08007ae8   0x08007ae8   0x00000010   Code   RO         1034    i.USART1_IRQHandler  usart.o
    0x08007af8   0x08007af8   0x00000004   Code   RO          668    i.UsageFault_Handler  stm32f1xx_it.o
    0x08007afc   0x08007afc   0x00000028   Code   RO         5842    i.__ARM_fpclassify  m_ws.l(fpclassify.o)
    0x08007b24   0x08007b24   0x00000010   Code   RO         1298    i.__NVIC_GetPriorityGrouping  stm32f1xx_hal_cortex.o
    0x08007b34   0x08007b34   0x00000028   Code   RO         1299    i.__NVIC_SetPriority  stm32f1xx_hal_cortex.o
    0x08007b5c   0x08007b5c   0x0000000e   Code   RO         5947    i.__mathlib_dbl_overflow  m_ws.l(dunder.o)
    0x08007b6a   0x08007b6a   0x00000002   PAD
    0x08007b6c   0x08007b6c   0x00000010   Code   RO         5949    i.__mathlib_dbl_underflow  m_ws.l(dunder.o)
    0x08007b7c   0x08007b7c   0x00000010   Code   RO         5844    i.__mathlib_narrow  m_ws.l(narrow.o)
    0x08007b8c   0x08007b8c   0x000000bc   Code   RO         5845    i.__mathlib_tofloat  m_ws.l(narrow.o)
    0x08007c48   0x08007c48   0x00000016   Code   RO         5921    i.__support_ldexp   m_ws.l(ldexp.o)
    0x08007c5e   0x08007c5e   0x0000000e   Code   RO         5546    i._is_digit         c_w.l(__printf_wp.o)
    0x08007c6c   0x08007c6c   0x00000004   Code   RO         1036    i._sys_exit         usart.o
    0x08007c70   0x08007c70   0x00000004   Code   RO         1037    i._ttywrch          usart.o
    0x08007c74   0x08007c74   0x00000036   Code   RO         4563    i.add_item_to_array  cjson.o
    0x08007caa   0x08007caa   0x0000007a   Code   RO         4564    i.add_item_to_object  cjson.o
    0x08007d24   0x08007d24   0x00000048   Code   RO         4565    i.buffer_skip_whitespace  cjson.o
    0x08007d6c   0x08007d6c   0x00000034   Code   RO         4578    i.cJSON_AddStringToObject  cjson.o
    0x08007da0   0x08007da0   0x00000018   Code   RO         4590    i.cJSON_CreateObject  cjson.o
    0x08007db8   0x08007db8   0x00000034   Code   RO         4593    i.cJSON_CreateString  cjson.o
    0x08007dec   0x08007dec   0x00000058   Code   RO         4597    i.cJSON_Delete      cjson.o
    0x08007e44   0x08007e44   0x00000012   Code   RO         4611    i.cJSON_GetObjectItemCaseSensitive  cjson.o
    0x08007e56   0x08007e56   0x0000001a   Code   RO         4627    i.cJSON_New_Item    cjson.o
    0x08007e70   0x08007e70   0x00000010   Code   RO         4628    i.cJSON_Parse       cjson.o
    0x08007e80   0x08007e80   0x000000d4   Code   RO         4630    i.cJSON_ParseWithLengthOpts  cjson.o
    0x08007f54   0x08007f54   0x00000028   Code   RO         4631    i.cJSON_ParseWithOpts  cjson.o
    0x08007f7c   0x08007f7c   0x00000014   Code   RO         4632    i.cJSON_Print       cjson.o
    0x08007f90   0x08007f90   0x00000038   Code   RO         4645    i.cJSON_strdup      cjson.o
    0x08007fc8   0x08007fc8   0x0000008c   Code   RO         4268    i.can_init          can.o
    0x08008054   0x08008054   0x0000004c   Code   RO         4269    i.can_receive_msg   can.o
    0x080080a0   0x080080a0   0x000000c8   Code   RO         4270    i.can_send_msg      can.o
    0x08008168   0x08008168   0x00000048   Code   RO         4646    i.case_insensitive_strcmp  cjson.o
    0x080081b0   0x080081b0   0x00000002   Code   RO         4647    i.cast_away_const   cjson.o
    0x080081b2   0x080081b2   0x00000002   PAD
    0x080081b4   0x080081b4   0x00000074   Code   RO         4648    i.compare_double    cjson.o
    0x08008228   0x08008228   0x0000000c   Code   RO          913    i.delay_init        delay.o
    0x08008234   0x08008234   0x00000012   Code   RO          914    i.delay_ms          delay.o
    0x08008246   0x08008246   0x00000002   PAD
    0x08008248   0x08008248   0x00000048   Code   RO          915    i.delay_us          delay.o
    0x08008290   0x08008290   0x000001cc   Code   RO         4271    i.ecu_handle_can_receive  can.o
    0x0800845c   0x0800845c   0x000000b8   Code   RO         4650    i.ensure            cjson.o
    0x08008514   0x08008514   0x0000001c   Code   RO         1038    i.fputc             usart.o
    0x08008530   0x08008530   0x00000058   Code   RO         5881    i.frexp             m_ws.l(frexp.o)
    0x08008588   0x08008588   0x00000004   Code   RO         4652    i.get_decimal_point  cjson.o
    0x0800858c   0x0800858c   0x00000052   Code   RO         4653    i.get_object_item   cjson.o
    0x080085de   0x080085de   0x00000074   Code   RO         5922    i.ldexp             m_ws.l(ldexp.o)
    0x08008652   0x08008652   0x00000002   PAD
    0x08008654   0x08008654   0x00000090   Code   RO         3946    i.led_init          led.o
    0x080086e4   0x080086e4   0x0000042c   Code   RO           14    i.main              main.o
    0x08008b10   0x08008b10   0x000000f8   Code   RO         4655    i.parse_array       cjson.o
    0x08008c08   0x08008c08   0x0000005a   Code   RO         4656    i.parse_hex4        cjson.o
    0x08008c62   0x08008c62   0x00000002   PAD
    0x08008c64   0x08008c64   0x00000138   Code   RO         4657    i.parse_number      cjson.o
    0x08008d9c   0x08008d9c   0x0000013e   Code   RO         4658    i.parse_object      cjson.o
    0x08008eda   0x08008eda   0x0000018c   Code   RO         4659    i.parse_string      cjson.o
    0x08009066   0x08009066   0x00000002   PAD
    0x08009068   0x08009068   0x0000013c   Code   RO         4660    i.parse_value       cjson.o
    0x080091a4   0x080091a4   0x000000b2   Code   RO         4661    i.print             cjson.o
    0x08009256   0x08009256   0x000000b2   Code   RO         4662    i.print_array       cjson.o
    0x08009308   0x08009308   0x00000154   Code   RO         4663    i.print_number      cjson.o
    0x0800945c   0x0800945c   0x00000174   Code   RO         4664    i.print_object      cjson.o
    0x080095d0   0x080095d0   0x00000010   Code   RO         4665    i.print_string      cjson.o
    0x080095e0   0x080095e0   0x00000174   Code   RO         4666    i.print_string_ptr  cjson.o
    0x08009754   0x08009754   0x00000104   Code   RO         4667    i.print_value       cjson.o
    0x08009858   0x08009858   0x00000006   Code   RO         4325    i.read_addr         usmart.o
    0x0800985e   0x0800985e   0x00000002   PAD
    0x08009860   0x08009860   0x0000003c   Code   RO         4671    i.skip_utf8_bom     cjson.o
    0x0800989c   0x0800989c   0x0000001c   Code   RO         5626    i.strtod            m_ws.l(strtod.o)
    0x080098b8   0x080098b8   0x00000006   Code   RO         4672    i.suffix_object     cjson.o
    0x080098be   0x080098be   0x00000066   Code   RO          965    i.sys_stm32_clock_init  sys.o
    0x08009924   0x08009924   0x00000024   Code   RO         4673    i.update_offset     cjson.o
    0x08009948   0x08009948   0x00000038   Code   RO         1039    i.usart_init        usart.o
    0x08009980   0x08009980   0x000000b0   Code   RO         4326    i.usmart_cmd_rec    usmart.o
    0x08009a30   0x08009a30   0x000002d4   Code   RO         4327    i.usmart_exe        usmart.o
    0x08009d04   0x08009d04   0x000000d4   Code   RO         4482    i.usmart_get_aparm  usmart_str.o
    0x08009dd8   0x08009dd8   0x00000036   Code   RO         4483    i.usmart_get_cmdname  usmart_str.o
    0x08009e0e   0x08009e0e   0x00000002   PAD
    0x08009e10   0x08009e10   0x000001c0   Code   RO         4484    i.usmart_get_fname  usmart_str.o
    0x08009fd0   0x08009fd0   0x0000010c   Code   RO         4485    i.usmart_get_fparam  usmart_str.o
    0x0800a0dc   0x0800a0dc   0x00000028   Code   RO         4432    i.usmart_get_input_string  usmart_port.o
    0x0800a104   0x0800a104   0x00000020   Code   RO         4486    i.usmart_get_parmpos  usmart_str.o
    0x0800a124   0x0800a124   0x00000028   Code   RO         4328    i.usmart_init       usmart.o
    0x0800a14c   0x0800a14c   0x00000016   Code   RO         4487    i.usmart_pow        usmart_str.o
    0x0800a162   0x0800a162   0x00000002   PAD
    0x0800a164   0x0800a164   0x000000a8   Code   RO         4329    i.usmart_scan       usmart.o
    0x0800a20c   0x0800a20c   0x00000016   Code   RO         4488    i.usmart_search_nextc  usmart_str.o
    0x0800a222   0x0800a222   0x00000106   Code   RO         4489    i.usmart_str2num    usmart_str.o
    0x0800a328   0x0800a328   0x00000022   Code   RO         4490    i.usmart_strcmp     usmart_str.o
    0x0800a34a   0x0800a34a   0x00000016   Code   RO         4491    i.usmart_strcopy    usmart_str.o
    0x0800a360   0x0800a360   0x00000018   Code   RO         4492    i.usmart_strlen     usmart_str.o
    0x0800a378   0x0800a378   0x000006f4   Code   RO         4330    i.usmart_sys_cmd_exe  usmart.o
    0x0800aa6c   0x0800aa6c   0x00000044   Code   RO         4433    i.usmart_timx_get_time  usmart_port.o
    0x0800aab0   0x0800aab0   0x00000060   Code   RO         4434    i.usmart_timx_init  usmart_port.o
    0x0800ab10   0x0800ab10   0x00000034   Code   RO         4435    i.usmart_timx_reset_time  usmart_port.o
    0x0800ab44   0x0800ab44   0x0000012c   Code   RO         4674    i.utf16_literal_to_utf8  cjson.o
    0x0800ac70   0x0800ac70   0x00000004   Code   RO         4331    i.write_addr        usmart.o
    0x0800ac74   0x0800ac74   0x0000002c   Code   RO         5814    locale$$code        c_w.l(lc_ctype_c.o)
    0x0800aca0   0x0800aca0   0x0000002c   Code   RO         5817    locale$$code        c_w.l(lc_numeric_c.o)
    0x0800accc   0x0800accc   0x00000062   Code   RO         5878    x$fpl$d2f           fz_ws.l(d2f.o)
    0x0800ad2e   0x0800ad2e   0x00000002   PAD
    0x0800ad30   0x0800ad30   0x00000150   Code   RO         5591    x$fpl$dadd          fz_ws.l(daddsub_clz.o)
    0x0800ae80   0x0800ae80   0x00000010   Code   RO         5941    x$fpl$dcheck1       fz_ws.l(dcheck1.o)
    0x0800ae90   0x0800ae90   0x00000018   Code   RO         5729    x$fpl$dcmpinf       fz_ws.l(dcmpi.o)
    0x0800aea8   0x0800aea8   0x00000078   Code   RO         5597    x$fpl$deqf          fz_ws.l(deqf.o)
    0x0800af20   0x0800af20   0x0000005e   Code   RO         5599    x$fpl$dfix          fz_ws.l(dfix.o)
    0x0800af7e   0x0800af7e   0x0000002e   Code   RO         5608    x$fpl$dflt          fz_ws.l(dflt_clz.o)
    0x0800afac   0x0800afac   0x00000078   Code   RO         5613    x$fpl$dleqf         fz_ws.l(dleqf.o)
    0x0800b024   0x0800b024   0x00000154   Code   RO         5615    x$fpl$dmul          fz_ws.l(dmul.o)
    0x0800b178   0x0800b178   0x0000009c   Code   RO         5731    x$fpl$dnaninf       fz_ws.l(dnaninf.o)
    0x0800b214   0x0800b214   0x0000000c   Code   RO         5733    x$fpl$dretinf       fz_ws.l(dretinf.o)
    0x0800b220   0x0800b220   0x0000006c   Code   RO         5617    x$fpl$drleqf        fz_ws.l(drleqf.o)
    0x0800b28c   0x0800b28c   0x000001d4   Code   RO         5593    x$fpl$dsub          fz_ws.l(daddsub_clz.o)
    0x0800b460   0x0800b460   0x0000000a   Code   RO         5916    x$fpl$fretinf       fz_ws.l(fretinf.o)
    0x0800b46a   0x0800b46a   0x00000006   Code   RO         5834    x$fpl$ieeestatus    fz_ws.l(istatus.o)
    0x0800b470   0x0800b470   0x00000004   Code   RO         5621    x$fpl$printf1       fz_ws.l(printf1.o)
    0x0800b474   0x0800b474   0x00000064   Code   RO         5981    x$fpl$retnan        fz_ws.l(retnan.o)
    0x0800b4d8   0x0800b4d8   0x0000005c   Code   RO         5918    x$fpl$scalbn        fz_ws.l(scalbn.o)
    0x0800b534   0x0800b534   0x00000004   Code   RO         5623    x$fpl$scanf1        fz_ws.l(scanf1.o)
    0x0800b538   0x0800b538   0x00000008   Code   RO         5836    x$fpl$scanf2        fz_ws.l(scanf2.o)
    0x0800b540   0x0800b540   0x00000030   Code   RO         5983    x$fpl$trapveneer    fz_ws.l(trapv.o)
    0x0800b570   0x0800b570   0x00000000   Code   RO         5737    x$fpl$usenofp       fz_ws.l(usenofp.o)
    0x0800b570   0x0800b570   0x0000002f   Data   RO           16    .constdata          main.o
    0x0800b59f   0x0800b59f   0x00000018   Data   RO          458    .constdata          system_stm32f1xx.o
    0x0800b5b7   0x0800b5b7   0x00000028   Data   RO         5519    .constdata          c_w.l(_printf_hex_int.o)
    0x0800b5df   0x0800b5df   0x00000011   Data   RO         5554    .constdata          c_w.l(__printf_flags_ss_wp.o)
    0x0800b5f0   0x0800b5f0   0x00000094   Data   RO         5785    .constdata          c_w.l(bigflt0.o)
    0x0800b684   0x0800b684   0x00000028   Data   RO         4332    .conststring        usmart.o
    0x0800b6ac   0x0800b6ac   0x000000c8   Data   RO         4403    .conststring        usmart_config.o
    0x0800b774   0x0800b774   0x00000008   Data   RO         5301    .rodata             libSTM32Cryptographic_CM3.a(cmox_ctr_sm4.c.o)
    0x0800b77c   0x0800b77c   0x00000008   Data   RO         5302    .rodata             libSTM32Cryptographic_CM3.a(cmox_ctr_sm4.c.o)
    0x0800b784   0x0800b784   0x00000004   Data   RO         5303    .rodata             libSTM32Cryptographic_CM3.a(cmox_ctr_sm4.c.o)
    0x0800b788   0x0800b788   0x00000004   Data   RO         5304    .rodata             libSTM32Cryptographic_CM3.a(cmox_ctr_sm4.c.o)
    0x0800b78c   0x0800b78c   0x00000008   Data   RO         5311    .rodata             libSTM32Cryptographic_CM3.a(cmox_kmac128.c.o)
    0x0800b794   0x0800b794   0x00000004   Data   RO         5312    .rodata             libSTM32Cryptographic_CM3.a(cmox_kmac128.c.o)
    0x0800b798   0x0800b798   0x0000002c   Data   RO         5334    .rodata             libSTM32Cryptographic_CM3.a(cmox_ctr.c.o)
    0x0800b7c4   0x0800b7c4   0x00000008   Data   RO         5360    .rodata             libSTM32Cryptographic_CM3.a(cmox_sm4_encrypt.c.o)
    0x0800b7cc   0x0800b7cc   0x00000004   Data   RO         5361    .rodata             libSTM32Cryptographic_CM3.a(cmox_sm4_encrypt.c.o)
    0x0800b7d0   0x0800b7d0   0x00000080   Data   RO         5387    .rodata             libSTM32Cryptographic_CM3.a(cmox_sm4_common.c.o)
    0x0800b850   0x0800b850   0x00000010   Data   RO         5388    .rodata             libSTM32Cryptographic_CM3.a(cmox_sm4_common.c.o)
    0x0800b860   0x0800b860   0x00000004   Data   RO         5403    .rodata             libSTM32Cryptographic_CM3.a(cmox_utils_compare.c.o)
    0x0800b864   0x0800b864   0x00000008   Data   RO         5415    .rodata             libSTM32Cryptographic_CM3.a(cmox_init.c.o)
    0x0800b86c   0x0800b86c   0x00000008   Data   RO         5374    .text               libSTM32Cryptographic_CM3.a(cmox_cipher_modes.c.o)
    0x0800b874   0x0800b874   0x00000008   Data   RO         5386    .text               libSTM32Cryptographic_CM3.a(cmox_keccak.c.o)
    0x0800b87c   0x0800b87c   0x00000100   Data   RO         5389    CMOX_CTA_PROTECTED_DATA  libSTM32Cryptographic_CM3.a(cmox_sm4_common.c.o)
    0x0800b97c   0x0800b97c   0x00000020   Data   RO         5985    Region$$Table       anon$$obj.o
    0x0800b99c   0x0800b99c   0x00000008   Data   RO         5828    c$$dinf             fz_ws.l(fpconst.o)
    0x0800b9a4   0x0800b9a4   0x00000008   Data   RO         5831    c$$dmax             fz_ws.l(fpconst.o)
    0x0800b9ac   0x0800b9ac   0x00000110   Data   RO         5813    locale$$data        c_w.l(lc_ctype_c.o)
    0x0800babc   0x0800babc   0x0000001c   Data   RO         5816    locale$$data        c_w.l(lc_numeric_c.o)


    Execution Region RW_IRAM1 (Exec base: 0x20000000, Load base: 0x0800bad8, Size: 0x00000f50, Max: 0x00010000, ABSOLUTE, COMPRESSED[0x0000008c])

    Exec Addr    Load Addr    Size         Type   Attr      Idx    E Section Name        Object

    0x20000000   COMPRESSED   0x0000003f   Data   RW           17    .data               main.o
    0x2000003f   COMPRESSED   0x00000001   PAD
    0x20000040   COMPRESSED   0x00000004   Data   RW          459    .data               system_stm32f1xx.o
    0x20000044   COMPRESSED   0x00000004   Data   RW          916    .data               delay.o
    0x20000048   COMPRESSED   0x00000007   Data   RW         1041    .data               usart.o
    0x2000004f   COMPRESSED   0x00000001   PAD
    0x20000050   COMPRESSED   0x00000009   Data   RW         1134    .data               stm32f1xx_hal.o
    0x20000059   COMPRESSED   0x00000003   PAD
    0x2000005c   COMPRESSED   0x00000009   Data   RW         4273    .data               can.o
    0x20000065   COMPRESSED   0x00000003   PAD
    0x20000068   COMPRESSED   0x0000001c   Data   RW         4333    .data               usmart.o
    0x20000084   COMPRESSED   0x0000011c   Data   RW         4404    .data               usmart_config.o
    0x200001a0   COMPRESSED   0x00000014   Data   RW         4676    .data               cjson.o
    0x200001b4        -       0x000002a8   Zero   RW           15    .bss                main.o
    0x2000045c        -       0x00000108   Zero   RW         1040    .bss                usart.o
    0x20000564        -       0x0000025c   Zero   RW         4272    .bss                can.o
    0x200007c0        -       0x00000048   Zero   RW         4436    .bss                usmart_port.o
    0x20000808        -       0x00000001   Zero   RW         5416    .bss                libSTM32Cryptographic_CM3.a(cmox_init.c.o)
    0x20000809   COMPRESSED   0x00000003   PAD
    0x2000080c        -       0x000000e4   Zero   RW         5568    .bss                c_w.l(rand.o)
    0x200008f0        -       0x00000060   Zero   RW         5739    .bss                c_w.l(libspace.o)
    0x20000950        -       0x00000200   Zero   RW            2    HEAP                startup_stm32f103xe.o
    0x20000b50        -       0x00000400   Zero   RW            1    STACK               startup_stm32f103xe.o


==============================================================================

Image component sizes


      Code (inc. data)   RO Data    RW Data    ZI Data      Debug   Object Name

      1152        206          0          9        604       6475   can.o
      5110        160          0         20          0      36427   cjson.o
       114         10          0          4          0       2387   delay.o
        94          0          0          0          0       4039   json_handle.o
       144         12          0          0          0        919   led.o
      1068        354         47         63        680     423954   main.o
        64         26        304          0       1536        948   startup_stm32f103xe.o
       154         32          0          9          0       6427   stm32f1xx_hal.o
      1546          0          0          0          0       6387   stm32f1xx_hal_can.o
       304         22          0          0          0      29495   stm32f1xx_hal_cortex.o
       424         10          0          0          0       1247   stm32f1xx_hal_dma.o
       844         40          0          0          0       2720   stm32f1xx_hal_gpio.o
      1784        110          0          0          0       6084   stm32f1xx_hal_rcc.o
       404         44          0          0          0       3156   stm32f1xx_hal_tim.o
      1162         10          0          0          0       7803   stm32f1xx_hal_uart.o
        32          0          0          0          0       3938   stm32f1xx_it.o
       102          0          0          0          0        719   sys.o
         2          0         24          4          0     491003   system_stm32f1xx.o
       444         56          0          7        264       5964   usart.o
      2898       1308         40         28          0       5818   usmart.o
         0          0        200        284          0       1648   usmart_config.o
       324         50          0          0         72       3366   usmart_port.o
      1400         20          0          0          0       9085   usmart_str.o

    ----------------------------------------------------------------------
     19598       2470        647        436       3156    1060009   Object Totals
         0          0         32          0          0          0   (incl. Generated)
        28          0          0          8          0          0   (incl. Padding)

    ----------------------------------------------------------------------

      Code (inc. data)   RO Data    RW Data    ZI Data      Debug   Library Member Name

        60          8          0          0          0         84   __0sscanf.o
        24          4          0          0          0         84   __2printf.o
        44          6          0          0          0         84   __2sprintf.o
        90          0          0          0          0          0   __dczerorl2.o
         8          0          0          0          0         68   __main.o
       392          4         17          0          0         92   __printf_flags_ss_wp.o
        14          0          0          0          0         68   __printf_wp.o
         0          0          0          0          0          0   __rtentry.o
        12          0          0          0          0          0   __rtentry2.o
         6          0          0          0          0          0   __rtentry4.o
        52          8          0          0          0          0   __scatter.o
        28          0          0          0          0          0   __scatter_zi.o
        28          0          0          0          0         68   _chval.o
         6          0          0          0          0          0   _printf_c.o
        44          0          0          0          0        108   _printf_char.o
        48          6          0          0          0         96   _printf_char_common.o
        36          4          0          0          0         80   _printf_char_file.o
         6          0          0          0          0          0   _printf_d.o
       120         16          0          0          0         92   _printf_dec.o
      1054          0          0          0          0        216   _printf_fp_dec.o
       128         16          0          0          0         84   _printf_fp_infnan.o
         6          0          0          0          0          0   _printf_g.o
        88          4         40          0          0         88   _printf_hex_int.o
       178          0          0          0          0         88   _printf_intcommon.o
        78          0          0          0          0        108   _printf_pad.o
         0          0          0          0          0          0   _printf_percent.o
         4          0          0          0          0          0   _printf_percent_end.o
         6          0          0          0          0          0   _printf_s.o
        82          0          0          0          0         80   _printf_str.o
         6          0          0          0          0          0   _printf_u.o
         6          0          0          0          0          0   _printf_x.o
        22          0          0          0          0        100   _rserrno.o
       884          4          0          0          0        100   _scanf.o
        64          0          0          0          0         84   _sgetc.o
        10          0          0          0          0         68   _sputc.o
       228          4        148          0          0         96   bigflt0.o
      2152        136          0          0          0        960   btod.o
        10          0          0          0          0         68   defsig_exit.o
        50          0          0          0          0         88   defsig_general.o
        80         58          0          0          0         76   defsig_rtmem_inner.o
        14          0          0          0          0         80   defsig_rtmem_outer.o
        18          0          0          0          0         80   exit.o
         8          0          0          0          0         68   ferror.o
        94          0          0          0          0         80   h1_alloc.o
        52          0          0          0          0         68   h1_extend.o
        78          0          0          0          0         80   h1_free.o
        14          0          0          0          0         84   h1_init.o
       184          0          0          0          0         92   h1_realloc.o
         6          0          0          0          0        152   heapauxi.o
         4          0          0          0          0        136   hguard.o
       138          0          0          0          0        168   init_alloc.o
        18          0          0          0          0         76   isspace.o
        44         10        272          0          0         76   lc_ctype_c.o
        44         10         28          0          0         76   lc_numeric_c.o
         2          0          0          0          0          0   libinit.o
        42          0          0          0          0          0   libinit2.o
         2          0          0          0          0          0   libshutdown.o
         2          0          0          0          0          0   libshutdown2.o
         8          4          0          0         96         68   libspace.o
        38          0          0          0          0         68   llshl.o
       138          0          0          0          0         80   lludiv10.o
         0          0          0          0          0          0   maybetermalloc1.o
       112         18          0          0        228        160   rand.o
        16          4          0          0          0         76   rt_ctype_table.o
         8          4          0          0          0         68   rt_errno_addr_intlibspace.o
         8          4          0          0          0         68   rt_heap_descriptor_intlibspace.o
         8          4          0          0          0         68   rt_locale_intlibspace.o
        78          0          0          0          0         80   rt_memclr_w.o
       138          0          0          0          0         68   rt_memcpy_v6.o
       100          0          0          0          0         80   rt_memcpy_w.o
         2          0          0          0          0          0   rtexit.o
        10          0          0          0          0          0   rtexit2.o
        44          8          0          0          0         84   scanf_char.o
      1272         16          0          0          0        168   scanf_fp.o
       800         14          0          0          0        100   scanf_hexfp.o
       308         16          0          0          0        100   scanf_infnan.o
       128          0          0          0          0         68   strcmpv7m.o
        72          0          0          0          0         80   strcpy.o
        62          0          0          0          0         76   strlen.o
       150          0          0          0          0         80   strncmp.o
       164         14          0          0          0        120   strtod.o
        74          0          0          0          0         80   sys_stackheap_outer.o
        26          0          0          0          0         76   tolower.o
        30          0          0          0          0         76   toupper.o
         2          0          0          0          0         68   use_no_semi.o
         2          0          0          0          0         68   use_no_semi_2.o
        98          4          0          0          0         92   d2f.o
       804         16          0          0          0        272   daddsub_clz.o
        16          4          0          0          0         68   dcheck1.o
        24          0          0          0          0         68   dcmpi.o
       120          4          0          0          0         92   deqf.o
        94          4          0          0          0         92   dfix.o
        46          0          0          0          0         68   dflt_clz.o
       120          4          0          0          0         92   dleqf.o
       340         12          0          0          0        104   dmul.o
       156          4          0          0          0         92   dnaninf.o
        12          0          0          0          0         68   dretinf.o
       108          0          0          0          0         80   drleqf.o
         0          0         16          0          0          0   fpconst.o
        10          0          0          0          0         68   fretinf.o
         6          0          0          0          0         68   istatus.o
         4          0          0          0          0         68   printf1.o
       100          0          0          0          0         68   retnan.o
        92          0          0          0          0         68   scalbn.o
         4          0          0          0          0         68   scanf1.o
         8          0          0          0          0         84   scanf2.o
        48          0          0          0          0         68   trapv.o
         0          0          0          0          0          0   usenofp.o
       276         16          0          0          0          0   cmox_cipher.c.o
      1078         40          8          0          0          0   cmox_cipher_modes.c.o
        46          0          0          0          0          0   cmox_cipher_utils.c.o
       374         32         44          0          0          0   cmox_ctr.c.o
        64         12         24          0          0          0   cmox_ctr_sm4.c.o
         0          0          8          0          1          0   cmox_init.c.o
       536         28          8          0          0          0   cmox_keccak.c.o
      7848        196          0          0          0          0   cmox_keccak_p_1600_armv7m_ewarm.s.o
      1410        104          0          0          0          0   cmox_kmac.c.o
       162         24         12          0          0          0   cmox_kmac128.c.o
       404          8          0          0          0          0   cmox_mac.c.o
       348          4        400          0          0          0   cmox_sm4_common.c.o
       168         12         12          0          0          0   cmox_sm4_encrypt.c.o
       354         12          4          0          0          0   cmox_utils_compare.c.o
        30          6          0          0          0        136   dunder.o
        40          0          0          0          0         68   fpclassify.o
        88          8          0          0          0         76   frexp.o
       138          0          0          0          0        160   ldexp.o
       204          4          0          0          0        168   narrow.o
        28          0          0          0          0         80   strtod.o

    ----------------------------------------------------------------------
     26546        962       1041          0        328       9108   Library Totals
        24          0          0          0          3          0   (incl. Padding)

    ----------------------------------------------------------------------

      Code (inc. data)   RO Data    RW Data    ZI Data      Debug   Library Name

     10716        404        505          0        324       6672   c_w.l
      2210         52         16          0          0       1748   fz_ws.l
     13068        488        520          0          1          0   libSTM32Cryptographic_CM3.a
       528         18          0          0          0        688   m_ws.l

    ----------------------------------------------------------------------
     26546        962       1041          0        328       9108   Library Totals

    ----------------------------------------------------------------------

==============================================================================


      Code (inc. data)   RO Data    RW Data    ZI Data      Debug   

     46144       3432       1688        436       3484    1056997   Grand Totals
     46144       3432       1688        140       3484    1056997   ELF Image Totals (compressed)
     46144       3432       1688        140          0          0   ROM Totals

==============================================================================

    Total RO  Size (Code + RO Data)                47832 (  46.71kB)
    Total RW  Size (RW Data + ZI Data)              3920 (   3.83kB)
    Total ROM Size (Code + RO Data + RW Data)      47972 (  46.85kB)

==============================================================================

